01-07 03:13:16.630 E/wpa_supplicant(  967): wpa_driver_priv_driver_cmd LinkSpeed 65 len = 12, 12
01-07 03:13:16.630 D/wpa_supplicant(  967): REPLY: LinkSpeed 65
01-07 03:13:16.911 D/PowerManagerService(  203): reactivateScreenLocksLocked mProxIgnoredBecauseScreenTurnedOff=false
01-07 03:13:16.941 D/PowerManagerService(  203): reactivateScreenLocksLocked mProxIgnoredBecauseScreenTurnedOff=false
01-07 03:13:17.091 E/WifiService(  203): ===>setWifiEnabled(false)
01-07 03:13:17.091 E/WifiService(  203): setWifiEnabledBlocking(false, true, 1000)
01-07 03:13:17.091 W/CNE     (  203): DhcpInfo obj is NULL. V4 address is not yet available.
01-07 03:13:17.091 D/WifiStateTracker(  203): requestConnectionInfo
01-07 03:13:17.091 D/WifiStateTracker(  203): requestConnectionStatus
01-07 03:13:17.091 E/WifiService(  203): setWifiEnabledState:3->0
01-07 03:13:17.101 V/DATA    (  288): [DCT(0) ] intent received :android.net.wifi.WIFI_STATE_CHANGED
01-07 03:13:17.101 I/wpa_supplicant(  967): wlan0: CTRL-EVENT-TERMINATING - signal 15 received
01-07 03:13:17.101 I/wpa_supplicant(  967): wlan0: CTRL-EVENT-TERMINATING - signal 0 received
01-07 03:13:17.101 D/wpa_supplicant(  967): wlan0: P2P: Clear timeout (state=IDLE)
01-07 03:13:17.101 D/wpa_supplicant(  967): wlan0: P2P: State IDLE -> IDLE
01-07 03:13:17.101 I/wpa_supplicant(  967): wlan0: CTRL-EVENT-STATE-CHANGE id=-1 state=0 BSSID=00:00:00:00:00:00
01-07 03:13:17.101 D/wpa_supplicant(  967): nl80211: wpa_driver_nl80211_check_iface iface is UP
01-07 03:13:17.101 D/wpa_supplicant(  967): wpa_driver_nl80211_set_operstate: operstate 0->0 (DORMANT)
01-07 03:13:17.101 D/wpa_supplicant(  967): netlink: Operstate: linkmode=-1, operstate=5
01-07 03:13:17.101 D/wpa_supplicant(  967): wpa_state_to_wapi_state wpa_state : 0 change to wapi_state
01-07 03:13:17.101 D/wpa_supplicant(  967): wpa_supplicant_set_state wapi_state : 0
01-07 03:13:17.101 D/wpa_supplicant(  967): EAPOL: External notification - portEnabled=0
01-07 03:13:17.101 D/wpa_supplicant(  967): EAPOL: Supplicant port status: Unauthorized
01-07 03:13:17.101 D/wpa_supplicant(  967): nl80211: wpa_driver_nl80211_check_iface iface is UP
01-07 03:13:17.101 D/wpa_supplicant(  967): EAPOL: External notification - portValid=0
01-07 03:13:17.101 D/wpa_supplicant(  967): EAPOL: Supplicant port status: Unauthorized
01-07 03:13:17.101 D/wpa_supplicant(  967): nl80211: wpa_driver_nl80211_check_iface iface is UP
01-07 03:13:17.101 D/wpa_supplicant(  967): CTRL_IFACE wait for attached monitors to receive messages
01-07 03:13:17.101 V/WifiMonitor(  203): Event [CTRL-EVENT-TERMINATING - signal 15 received]
01-07 03:13:17.111 V/WifiStateTracker(  203): handleMessage(): msg.what= 2
01-07 03:13:17.111 E/WifiEnabler(  712): handleWifiStateChanged(): (0)
01-07 03:13:17.141 D/SettingsAppWidgetProvider(  712): STATE_MAX_LIGHT0
01-07 03:13:17.191 V/WifiStateTracker(  203): Connection to supplicant lost
01-07 03:13:17.191 D/NetworkStateTracker(  203): setDetailed state, old =SCANNING and new state=DISCONNECTED
01-07 03:13:17.191 D/WifiStateTracker(  203): Reset connections and stopping DHCP
01-07 03:13:17.191 D/ConnectivityService(  203): Dropping ConnectivityChange for WIFI: DISCONNECTED/DISCONNECTED
01-07 03:13:17.261 I/dun_service(  123): process rmnet event
01-07 03:13:17.261 I/dun_service(  123): Post event 3
01-07 03:13:17.261 I/dun_service(  115): process rmnet event
01-07 03:13:17.261 I/dun_service(  115): Post event 3
01-07 03:13:17.261 I/dun_service(  123): received event: DUN_EVENT_RMNET_DOWN 
01-07 03:13:17.261 I/dun_service(  123): received event(DUN_EVENT_RMNET_DOWN) in state(DUN_STATE_IDLE)
01-07 03:13:17.261 I/dun_service(  123): Ignoring the event DUN_EVENT_RMNET_DOWN in IDLE_STATE
01-07 03:13:17.261 I/dun_service(  123): Moved to state(DUN_STATE_IDLE)
01-07 03:13:17.261 I/dun_service(  115): received event: DUN_EVENT_RMNET_DOWN 
01-07 03:13:17.261 I/dun_service(  115): received event(DUN_EVENT_RMNET_DOWN) in state(DUN_STATE_IDLE)
01-07 03:13:17.261 I/dun_service(  115): Ignoring the event DUN_EVENT_RMNET_DOWN in IDLE_STATE
01-07 03:13:17.261 I/dun_service(  115): Moved to state(DUN_STATE_IDLE)
01-07 03:13:18.112 D/wpa_supplicant(  967): nl80211: wpa_driver_nl80211_check_iface iface is UP
01-07 03:13:18.112 D/wpa_supplicant(  967): nl80211: Set TX rates failed: ret=-95 (Operation not supported on transport endpoint)
01-07 03:13:18.112 D/wpa_supplicant(  967): netlink: Operstate: linkmode=0, operstate=6
01-07 03:13:18.112 I/dun_service(  123): process rmnet event
01-07 03:13:18.112 I/dun_service(  115): process rmnet event
01-07 03:13:18.112 I/dun_service(  123): Post event 3
01-07 03:13:18.112 I/dun_service(  123): received event: DUN_EVENT_RMNET_DOWN 
01-07 03:13:18.112 I/dun_service(  123): received event(DUN_EVENT_RMNET_DOWN) in state(DUN_STATE_IDLE)
01-07 03:13:18.112 I/dun_service(  123): Ignoring the event DUN_EVENT_RMNET_DOWN in IDLE_STATE
01-07 03:13:18.112 I/dun_service(  123): Moved to state(DUN_STATE_IDLE)
01-07 03:13:18.112 I/dun_service(  115): Post event 3
01-07 03:13:18.112 I/dun_service(  115): received event: DUN_EVENT_RMNET_DOWN 
01-07 03:13:18.112 I/dun_service(  115): received event(DUN_EVENT_RMNET_DOWN) in state(DUN_STATE_IDLE)
01-07 03:13:18.112 I/dun_service(  115): Ignoring the event DUN_EVENT_RMNET_DOWN in IDLE_STATE
01-07 03:13:18.112 I/dun_service(  115): Moved to state(DUN_STATE_IDLE)
01-07 03:13:18.112 I/dun_service(  123): process rmnet event
01-07 03:13:18.112 I/dun_service(  115): process rmnet event
01-07 03:13:18.112 I/dun_service(  123): Post event 3
01-07 03:13:18.112 I/dun_service(  123): received event: DUN_EVENT_RMNET_DOWN 
01-07 03:13:18.112 I/dun_service(  123): received event(DUN_EVENT_RMNET_DOWN) in state(DUN_STATE_IDLE)
01-07 03:13:18.112 I/dun_service(  123): Ignoring the event DUN_EVENT_RMNET_DOWN in IDLE_STATE
01-07 03:13:18.112 I/dun_service(  123): Moved to state(DUN_STATE_IDLE)
01-07 03:13:18.112 I/dun_service(  115): Post event 3
01-07 03:13:18.112 I/dun_service(  115): received event: DUN_EVENT_RMNET_DOWN 
01-07 03:13:18.112 I/dun_service(  115): received event(DUN_EVENT_RMNET_DOWN) in state(DUN_STATE_IDLE)
01-07 03:13:18.112 I/dun_service(  115): Ignoring the event DUN_EVENT_RMNET_DOWN in IDLE_STATE
01-07 03:13:18.112 I/dun_service(  115): Moved to state(DUN_STATE_IDLE)
01-07 03:13:18.112 E/wpa_supplicant(  967): nl80211: wpa_driver_nl80211_check_iface iface is down, change it to up
01-07 03:13:18.122 I/dun_service(  123): process rmnet event
01-07 03:13:18.122 I/dun_service(  115): process rmnet event
01-07 03:13:18.122 I/dun_service(  123): Post event 3
01-07 03:13:18.122 I/dun_service(  123): received event: DUN_EVENT_RMNET_DOWN 
01-07 03:13:18.122 I/dun_service(  123): received event(DUN_EVENT_RMNET_DOWN) in state(DUN_STATE_IDLE)
01-07 03:13:18.122 I/dun_service(  123): Ignoring the event DUN_EVENT_RMNET_DOWN in IDLE_STATE
01-07 03:13:18.122 I/dun_service(  123): Moved to state(DUN_STATE_IDLE)
01-07 03:13:18.122 I/dun_service(  115): Post event 3
01-07 03:13:18.122 I/dun_service(  115): received event: DUN_EVENT_RMNET_DOWN 
01-07 03:13:18.122 I/dun_service(  115): received event(DUN_EVENT_RMNET_DOWN) in state(DUN_STATE_IDLE)
01-07 03:13:18.122 I/dun_service(  115): Ignoring the event DUN_EVENT_RMNET_DOWN in IDLE_STATE
01-07 03:13:18.122 I/dun_service(  115): Moved to state(DUN_STATE_IDLE)
01-07 03:13:18.192 D/WifiStateTracker(  203): Disabling interface
01-07 03:13:18.202 I/dun_service(  123): process rmnet event
01-07 03:13:18.202 I/dun_service(  123): Post event 3
01-07 03:13:18.202 I/dun_service(  115): process rmnet event
01-07 03:13:18.202 I/dun_service(  115): Post event 3
01-07 03:13:18.202 I/dun_service(  123): received event: DUN_EVENT_RMNET_DOWN 
01-07 03:13:18.202 I/dun_service(  123): received event(DUN_EVENT_RMNET_DOWN) in state(DUN_STATE_IDLE)
01-07 03:13:18.202 I/dun_service(  123): Ignoring the event DUN_EVENT_RMNET_DOWN in IDLE_STATE
01-07 03:13:18.202 I/dun_service(  123): Moved to state(DUN_STATE_IDLE)
01-07 03:13:18.202 I/dun_service(  115): received event: DUN_EVENT_RMNET_DOWN 
01-07 03:13:18.202 I/dun_service(  115): received event(DUN_EVENT_RMNET_DOWN) in state(DUN_STATE_IDLE)
01-07 03:13:18.202 I/dun_service(  115): Ignoring the event DUN_EVENT_RMNET_DOWN in IDLE_STATE
01-07 03:13:18.202 I/dun_service(  115): Moved to state(DUN_STATE_IDLE)
01-07 03:13:18.212 I/dun_service(  123): process rmnet event
01-07 03:13:18.212 I/dun_service(  115): process rmnet event
01-07 03:13:18.212 E/WifiHW  (  203): ioctl failed: Bad address
01-07 03:13:18.212 I/dun_service(  123): Post event 3
01-07 03:13:18.212 I/dun_service(  115): Post event 3
01-07 03:13:18.212 I/dun_service(  123): received event: DUN_EVENT_RMNET_DOWN 
01-07 03:13:18.212 I/dun_service(  123): received event(DUN_EVENT_RMNET_DOWN) in state(DUN_STATE_IDLE)
01-07 03:13:18.212 I/dun_service(  123): Ignoring the event DUN_EVENT_RMNET_DOWN in IDLE_STATE
01-07 03:13:18.212 I/dun_service(  123): Moved to state(DUN_STATE_IDLE)
01-07 03:13:18.212 I/dun_service(  115): received event: DUN_EVENT_RMNET_DOWN 
01-07 03:13:18.212 I/dun_service(  115): received event(DUN_EVENT_RMNET_DOWN) in state(DUN_STATE_IDLE)
01-07 03:13:18.212 I/dun_service(  115): Ignoring the event DUN_EVENT_RMNET_DOWN in IDLE_STATE
01-07 03:13:18.212 I/dun_service(  115): Moved to state(DUN_STATE_IDLE)
01-07 03:13:18.592 I/dun_service(  123): The value returned from dun_getusbmodemstate_fromsys is 2 
01-07 03:13:18.592 I/dun_service(  123): process rmnet event
01-07 03:13:18.592 I/dun_service(  123): Post event 3
01-07 03:13:18.592 I/dun_service(  123): process rmnet event
01-07 03:13:18.592 I/dun_service(  123): Post event 3
01-07 03:13:18.592 I/dun_service(  115): The value returned from dun_getusbmodemstate_fromsys is 2 
01-07 03:13:18.592 I/dun_service(  115): process rmnet event
01-07 03:13:18.592 I/dun_service(  115): Post event 3
01-07 03:13:18.592 I/dun_service(  115): process rmnet event
01-07 03:13:18.592 I/dun_service(  115): Post event 3
01-07 03:13:18.592 I/dun_service(  123): received event: DUN_EVENT_RMNET_DOWN 
01-07 03:13:18.592 I/dun_service(  123): received event(DUN_EVENT_RMNET_DOWN) in state(DUN_STATE_IDLE)
01-07 03:13:18.592 I/dun_service(  123): Ignoring the event DUN_EVENT_RMNET_DOWN in IDLE_STATE
01-07 03:13:18.592 I/dun_service(  123): Moved to state(DUN_STATE_IDLE)
01-07 03:13:18.592 I/dun_service(  123): received event: DUN_EVENT_RMNET_DOWN 
01-07 03:13:18.592 I/dun_service(  123): received event(DUN_EVENT_RMNET_DOWN) in state(DUN_STATE_IDLE)
01-07 03:13:18.592 I/dun_service(  123): Ignoring the event DUN_EVENT_RMNET_DOWN in IDLE_STATE
01-07 03:13:18.592 I/dun_service(  123): Moved to state(DUN_STATE_IDLE)
01-07 03:13:18.592 I/dun_service(  115): received event: DUN_EVENT_RMNET_DOWN 
01-07 03:13:18.592 I/dun_service(  115): received event(DUN_EVENT_RMNET_DOWN) in state(DUN_STATE_IDLE)
01-07 03:13:18.592 I/dun_service(  115): Ignoring the event DUN_EVENT_RMNET_DOWN in IDLE_STATE
01-07 03:13:18.592 I/dun_service(  115): Moved to state(DUN_STATE_IDLE)
01-07 03:13:18.592 I/dun_service(  115): received event: DUN_EVENT_RMNET_DOWN 
01-07 03:13:18.592 I/dun_service(  115): received event(DUN_EVENT_RMNET_DOWN) in state(DUN_STATE_IDLE)
01-07 03:13:18.592 I/dun_service(  115): Ignoring the event DUN_EVENT_RMNET_DOWN in IDLE_STATE
01-07 03:13:18.592 I/dun_service(  115): Moved to state(DUN_STATE_IDLE)
01-07 03:13:18.592 E/Tethering(  203): attempting to remove unknown iface (wlan0), ignoring
01-07 03:13:18.592 D/NetdConnector(  203): RCV <- {600 Iface removed wlan0}
01-07 03:13:18.863 I/dun_service(  123): The value returned from dun_getusbmodemstate_fromsys is 2 
01-07 03:13:18.863 I/dun_service(  115): The value returned from dun_getusbmodemstate_fromsys is 2 
01-07 03:13:18.863 I/dun_service(  115): The value returned from dun_getusbmodemstate_fromsys is 2 
01-07 03:13:18.863 I/dun_service(  115): The value returned from dun_getusbmodemstate_fromsys is 2 
01-07 03:13:18.863 I/dun_service(  123): The value returned from dun_getusbmodemstate_fromsys is 2 
01-07 03:13:18.863 I/dun_service(  123): The value returned from dun_getusbmodemstate_fromsys is 2 
01-07 03:13:18.863 E/WifiHW  (  203): Unloaded /system/lib/modules/bcm4330.ko
01-07 03:13:18.893 I/dun_service(  115): The value returned from dun_getusbmodemstate_fromsys is 2 
01-07 03:13:18.893 I/dun_service(  115): The value returned from dun_getusbmodemstate_fromsys is 2 
01-07 03:13:18.893 I/dun_service(  115): The value returned from dun_getusbmodemstate_fromsys is 2 
01-07 03:13:18.893 I/dun_service(  115): The value returned from dun_getusbmodemstate_fromsys is 2 
01-07 03:13:18.893 I/dun_service(  115): The value returned from dun_getusbmodemstate_fromsys is 2 
01-07 03:13:18.893 I/dun_service(  115): The value returned from dun_getusbmodemstate_fromsys is 2 
01-07 03:13:18.893 I/dun_service(  115): The value returned from dun_getusbmodemstate_fromsys is 2 
01-07 03:13:18.893 I/dun_service(  123): The value returned from dun_getusbmodemstate_fromsys is 2 
01-07 03:13:18.893 I/dun_service(  123): The value returned from dun_getusbmodemstate_fromsys is 2 
01-07 03:13:18.893 I/dun_service(  123): The value returned from dun_getusbmodemstate_fromsys is 2 
01-07 03:13:18.893 I/dun_service(  123): The value returned from dun_getusbmodemstate_fromsys is 2 
01-07 03:13:18.893 I/dun_service(  123): The value returned from dun_getusbmodemstate_fromsys is 2 
01-07 03:13:18.893 I/dun_service(  123): The value returned from dun_getusbmodemstate_fromsys is 2 
01-07 03:13:18.893 I/dun_service(  123): The value returned from dun_getusbmodemstate_fromsys is 2 
01-07 03:13:19.063 I/dun_service(  123): The value returned from dun_getusbmodemstate_fromsys is 2 
01-07 03:13:19.063 I/dun_service(  123): The value returned from dun_getusbmodemstate_fromsys is 2 
01-07 03:13:19.063 I/dun_service(  115): The value returned from dun_getusbmodemstate_fromsys is 2 
01-07 03:13:19.063 I/dun_service(  115): The value returned from dun_getusbmodemstate_fromsys is 2 
01-07 03:13:19.083 E/WifiHW  (  203): Unloaded cfg80211
01-07 03:13:19.083 I/dun_service(  123): The value returned from dun_getusbmodemstate_fromsys is 2 
01-07 03:13:19.083 I/dun_service(  115): The value returned from dun_getusbmodemstate_fromsys is 2 
01-07 03:13:19.283 E/WifiHW  (  203): Unloaded compat
01-07 03:13:19.283 I/dun_service(  123): The value returned from dun_getusbmodemstate_fromsys is 2 
01-07 03:13:19.283 I/dun_service(  115): The value returned from dun_getusbmodemstate_fromsys is 2 
01-07 03:13:19.513 V/DATA    (  288): [DCT(0) ] intent received :android.net.wifi.WIFI_STATE_CHANGED
01-07 03:13:19.513 E/WifiService(  203): setWifiEnabledState:0->1
01-07 03:13:19.523 E/WifiEnabler(  712): handleWifiStateChanged(): (1)
01-07 03:13:19.563 W/CNE     (  203): DhcpInfo obj is NULL. V4 address is not yet available.
01-07 03:13:19.563 D/WifiStateTracker(  203): requestConnectionInfo
01-07 03:13:19.563 D/WifiStateTracker(  203): requestConnectionStatus
01-07 03:13:19.643 D/SettingsAppWidgetProvider(  712): STATE_MAX_LIGHT0
01-07 03:13:20.244 V/WifiStateTracker(  203): handleMessage(): msg.what= 14
01-07 03:13:20.244 V/WifiStateTracker(  203): handleMessage(): msg.what= 14
01-07 03:13:26.260 V/WifiStateTracker(  203): handleMessage(): msg.what= 14
01-07 03:13:26.260 V/WifiStateTracker(  203): handleMessage(): msg.what= 14
01-07 03:14:17.089 D/NfcService(  289): NFC-EE routing OFF
01-07 03:14:17.119 V/DATA    (  288): [DCT(0) ] intent received :android.intent.action.SCREEN_OFF
01-07 03:14:17.139 I/PowerManagerService(  203): Increasing sampling rate.
01-07 03:14:17.169 D/NfcService(  289): NFC-C discovery OFF
01-07 03:14:22.124 D/JrdLockScreen(  203): Updating Lock Screen text to Sim
01-07 03:14:22.124 D/JrdLockScreen(  203): screen on and charging --------start charging animation !!!!!!!!!
01-07 03:14:22.204 D/JrdLockScreen(  203): Updating Lock Screen text to Sim
01-07 03:14:22.204 D/JrdLockScreen(  203): screen on and charging --------start charging animation !!!!!!!!!
01-07 03:17:30.148 D/WindowManager(  203): interceptKeyTq keycode=26 screenIsOn=false keyguardActive=true
01-07 03:17:30.148 D/KeyguardViewMediator(  203): wakeWhenReadyLocked(26)
01-07 03:17:30.158 D/WindowManager(  203): interceptKeyTq keycode=26 screenIsOn=false keyguardActive=true
01-07 03:17:30.168 I/PowerManagerService(  203): Decreasing sampling rate.
01-07 03:17:30.168 D/PowerManagerService(  203): reactivateScreenLocksLocked mProxIgnoredBecauseScreenTurnedOff=false
01-07 03:17:30.188 D/PowerManagerService(  203): reactivateScreenLocksLocked mProxIgnoredBecauseScreenTurnedOff=false
01-07 03:17:30.218 D/JrdLockScreen(  203): Updating Lock Screen text to Sim
01-07 03:17:30.218 D/JrdLockScreen(  203): screen on and charging --------start charging animation !!!!!!!!!
01-07 03:17:30.388 E/WifiEnabler(  712): handleWifiStateChanged(): (1)
01-07 03:17:30.388 W/DMM Service(  203): Enable Unstable Memory : true
01-07 03:17:30.398 V/DATA    (  288): [DCT(0) ] intent received :android.intent.action.SCREEN_ON
01-07 03:17:30.428 D/DATA    (  288): [DSST(0)] pollstate() : reason = data network state changed
01-07 03:17:30.438 D/StatusBarPolicy(  274): onSignalStrengthsChanged:SignalStrength: 17 255 -120 -160 -120 -1 -1 99 2147483647 2147483647 2147483647 2147483647 gsm for subscription0
01-07 03:17:30.438 D/StatusBarPolicy(  274): updateSignalStrength on subscription :0
01-07 03:17:30.458 D/DATA    (  288): [DSST(0)] Poll ServiceState done: oldSS=[1 home null null null  Unknown CSS not supported -1 -1RoamInd: -1DefRoamInd: -1EmergOnly: false] newSS=[1 home null null null  Unknown CSS not supported -1 -1RoamInd: -1DefRoamInd: -1EmergOnly: false]
01-07 03:17:30.468 I/TelephonyManager(  203): interface name is null or empty
01-07 03:17:30.468 I/dun_service(  123): The value returned from dun_getusbmodemstate_fromsys is 2 
01-07 03:17:30.468 I/dun_service(  115): The value returned from dun_getusbmodemstate_fromsys is 2 
01-07 03:17:30.478 I/TelephonyManager(  203): ipAddr is null or empty
01-07 03:17:30.478 I/TelephonyManager(  203): gatewayAddr is null or empty
01-07 03:17:30.488 D/NfcService(  289): NFC-EE routing OFF
01-07 03:17:30.518 D/JrdLockScreen(  203): screen on and charging --------start charging animation !!!!!!!!!
01-07 03:17:30.518 D/JrdLockScreen(  203): Updating Lock Screen text to Sim
01-07 03:17:30.838 D/NfcService(  289): NFC-C discovery ON
01-07 03:17:31.389 D/PowerManagerService(  203): reactivateScreenLocksLocked mProxIgnoredBecauseScreenTurnedOff=false
01-07 03:17:31.439 D/PowerManagerService(  203): reactivateScreenLocksLocked mProxIgnoredBecauseScreenTurnedOff=false
01-07 03:17:31.459 D/PowerManagerService(  203): reactivateScreenLocksLocked mProxIgnoredBecauseScreenTurnedOff=false
01-07 03:17:31.479 D/PowerManagerService(  203): reactivateScreenLocksLocked mProxIgnoredBecauseScreenTurnedOff=false
01-07 03:17:31.499 D/PowerManagerService(  203): reactivateScreenLocksLocked mProxIgnoredBecauseScreenTurnedOff=false
01-07 03:17:32.000 D/PowerManagerService(  203): reactivateScreenLocksLocked mProxIgnoredBecauseScreenTurnedOff=false
01-07 03:17:32.010 W/InputManagerService(  203): Window already focused, ignoring focus gain of: com.android.internal.view.IInputMethodClient$Stub$Proxy@40a00e58
01-07 03:17:32.480 E/JrdLockScreen(  203): onPause --------Lock Screen charging stop animation !!!!!!!!!
01-07 03:18:14.791 D/PowerManagerService(  203): reactivateScreenLocksLocked mProxIgnoredBecauseScreenTurnedOff=false
01-07 03:18:14.841 D/PowerManagerService(  203): reactivateScreenLocksLocked mProxIgnoredBecauseScreenTurnedOff=false
01-07 03:18:14.981 E/WifiService(  203): ===>setWifiEnabled(true)
01-07 03:18:14.981 E/WifiService(  203): setWifiEnabledBlocking(true, true, 1000)
01-07 03:18:14.981 W/CNE     (  203): DhcpInfo obj is NULL. V4 address is not yet available.
01-07 03:18:14.981 D/WifiStateTracker(  203): requestConnectionInfo
01-07 03:18:14.981 D/WifiStateTracker(  203): requestConnectionStatus
01-07 03:18:14.981 E/WifiService(  203): setWifiEnabledState:1->2
01-07 03:18:14.991 E/WifiService(  203): loadDriver(256)
01-07 03:18:14.991 V/DATA    (  288): [DCT(0) ] intent received :android.net.wifi.WIFI_STATE_CHANGED
01-07 03:18:15.001 E/WifiEnabler(  712): handleWifiStateChanged(): (2)
01-07 03:18:15.011 D/SettingsAppWidgetProvider(  712): STATE_MAX_LIGHT0
01-07 03:18:15.062 I/dun_service(  123): The value returned from dun_getusbmodemstate_fromsys is 2 
01-07 03:18:15.062 I/dun_service(  115): The value returned from dun_getusbmodemstate_fromsys is 2 
01-07 03:18:15.062 E/WifiHW  (  203): Loaded /system/lib/modules/compat.ko
01-07 03:18:15.442 I/dun_service(  123): The value returned from dun_getusbmodemstate_fromsys is 2 
01-07 03:18:15.442 I/dun_service(  115): The value returned from dun_getusbmodemstate_fromsys is 2 
01-07 03:18:15.442 I/dun_service(  123): The value returned from dun_getusbmodemstate_fromsys is 2 
01-07 03:18:15.442 I/dun_service(  115): The value returned from dun_getusbmodemstate_fromsys is 2 
01-07 03:18:15.452 I/dun_service(  123): The value returned from dun_getusbmodemstate_fromsys is 2 
01-07 03:18:15.452 I/dun_service(  115): The value returned from dun_getusbmodemstate_fromsys is 2 
01-07 03:18:15.452 I/dun_service(  115): The value returned from dun_getusbmodemstate_fromsys is 2 
01-07 03:18:15.452 I/dun_service(  123): The value returned from dun_getusbmodemstate_fromsys is 2 
01-07 03:18:15.472 E/WifiHW  (  203): Loaded /system/lib/modules/cfg80211.ko
01-07 03:18:15.842 I/dun_service(  123): The value returned from dun_getusbmodemstate_fromsys is 2 
01-07 03:18:15.842 I/dun_service(  115): The value returned from dun_getusbmodemstate_fromsys is 2 
01-07 03:18:16.333 I/dun_service(  123): The value returned from dun_getusbmodemstate_fromsys is 2 
01-07 03:18:16.333 I/dun_service(  115): The value returned from dun_getusbmodemstate_fromsys is 2 
01-07 03:18:16.343 I/dun_service(  123): The value returned from dun_getusbmodemstate_fromsys is 2 
01-07 03:18:16.343 I/dun_service(  115): The value returned from dun_getusbmodemstate_fromsys is 2 
01-07 03:18:16.343 I/dun_service(  123): The value returned from dun_getusbmodemstate_fromsys is 2 
01-07 03:18:16.343 I/dun_service(  115): The value returned from dun_getusbmodemstate_fromsys is 2 
01-07 03:18:16.413 I/dun_service(  123): The value returned from dun_getusbmodemstate_fromsys is 2 
01-07 03:18:16.413 I/dun_service(  123): The value returned from dun_getusbmodemstate_fromsys is 2 
01-07 03:18:16.413 I/dun_service(  115): The value returned from dun_getusbmodemstate_fromsys is 2 
01-07 03:18:16.413 I/dun_service(  115): The value returned from dun_getusbmodemstate_fromsys is 2 
01-07 03:18:16.413 I/dun_service(  115): The value returned from dun_getusbmodemstate_fromsys is 2 
01-07 03:18:16.423 I/dun_service(  123): The value returned from dun_getusbmodemstate_fromsys is 2 
01-07 03:18:16.423 I/dun_service(  123): The value returned from dun_getusbmodemstate_fromsys is 2 
01-07 03:18:16.423 I/dun_service(  115): The value returned from dun_getusbmodemstate_fromsys is 2 
01-07 03:18:16.423 I/dun_service(  123): The value returned from dun_getusbmodemstate_fromsys is 2 
01-07 03:18:16.423 I/dun_service(  115): The value returned from dun_getusbmodemstate_fromsys is 2 
01-07 03:18:16.423 I/dun_service(  115): The value returned from dun_getusbmodemstate_fromsys is 2 
01-07 03:18:16.423 I/dun_service(  123): The value returned from dun_getusbmodemstate_fromsys is 2 
01-07 03:18:16.443 I/dun_service(  123): The value returned from dun_getusbmodemstate_fromsys is 2 
01-07 03:18:16.443 I/dun_service(  115): The value returned from dun_getusbmodemstate_fromsys is 2 
01-07 03:18:16.443 I/dun_service(  115): The value returned from dun_getusbmodemstate_fromsys is 2 
01-07 03:18:16.443 I/dun_service(  123): The value returned from dun_getusbmodemstate_fromsys is 2 
01-07 03:18:16.703 I/dun_service(  123): The value returned from dun_getusbmodemstate_fromsys is 2 
01-07 03:18:16.703 I/dun_service(  123): process rmnet event
01-07 03:18:16.703 I/dun_service(  123): Post event 3
01-07 03:18:16.703 I/dun_service(  115): The value returned from dun_getusbmodemstate_fromsys is 2 
01-07 03:18:16.703 I/dun_service(  115): process rmnet event
01-07 03:18:16.703 I/dun_service(  115): Post event 3
01-07 03:18:16.703 I/dun_service(  123): received event: DUN_EVENT_RMNET_DOWN 
01-07 03:18:16.703 I/dun_service(  123): received event(DUN_EVENT_RMNET_DOWN) in state(DUN_STATE_IDLE)
01-07 03:18:16.703 I/dun_service(  123): Ignoring the event DUN_EVENT_RMNET_DOWN in IDLE_STATE
01-07 03:18:16.703 I/dun_service(  123): Moved to state(DUN_STATE_IDLE)
01-07 03:18:16.703 I/dun_service(  115): received event: DUN_EVENT_RMNET_DOWN 
01-07 03:18:16.703 I/dun_service(  115): received event(DUN_EVENT_RMNET_DOWN) in state(DUN_STATE_IDLE)
01-07 03:18:16.703 I/dun_service(  115): Ignoring the event DUN_EVENT_RMNET_DOWN in IDLE_STATE
01-07 03:18:16.703 I/dun_service(  115): Moved to state(DUN_STATE_IDLE)
01-07 03:18:16.703 D/NetdConnector(  203): RCV <- {600 Iface added wlan0}
01-07 03:18:16.713 D/Tethering(  203): isWifiDirect(): wlan0
01-07 03:18:16.713 D/Tethering(  203): isWifiDirect(): p2p-wlan\d-\d+ wlan0
01-07 03:18:16.713 D/Tethering(  203): wlan0 is not a tetherable iface, ignoring
01-07 03:18:16.713 E/WifiHW  (  203): Loaded /system/lib/modules/bcm4330.ko fwb1_path=/etc/firmware/b1.bin fwb2_path=/etc/firmware/b2.bin nvram_path=/etc/firmware/nvram.txt iface_name=wlan
01-07 03:18:17.734 E/WifiHW  (  203): wifi_start_supplicant: isCFG80211=1 type =0
01-07 03:18:17.734 E/WifiService(  203): startSupplicant(0)
01-07 03:18:17.754 D/wpa_supplicant(  995): wpa_supplicant v0.8.x07
01-07 03:18:17.754 D/wpa_supplicant(  995): random: Trying to read entropy from /dev/random
01-07 03:18:17.754 D/wpa_supplicant(  995): Initializing interface 'wlan0' conf '/data/misc/wifi/wpa_supplicant.conf' driver 'nl80211' ctrl_interface 'N/A' bridge 'N/A'
01-07 03:18:17.754 D/wpa_supplicant(  995): Configuration file '/data/misc/wifi/wpa_supplicant.conf' -> '/data/misc/wifi/wpa_supplicant.conf'
01-07 03:18:17.754 D/wpa_supplicant(  995): Reading configuration file '/data/misc/wifi/wpa_supplicant.conf'
01-07 03:18:17.754 D/wpa_supplicant(  995): update_config=1
01-07 03:18:17.754 D/wpa_supplicant(  995): ctrl_interface='/data/misc/wifi/wpa_supplicant'
01-07 03:18:17.754 D/wpa_supplicant(  995): device_name='brcm-p2p-324'
01-07 03:18:17.754 D/wpa_supplicant(  995): eapol_version=1
01-07 03:18:17.754 D/wpa_supplicant(  995): ap_scan=1
01-07 03:18:17.754 D/wpa_supplicant(  995): fast_reauth=1
01-07 03:18:17.754 D/wpa_supplicant(  995): nl80211: interface wlan0 in phy phy0
01-07 03:18:17.754 I/wpa_supplicant(  995): rfkill: Cannot open RFKILL control device
01-07 03:18:17.764 D/wpa_supplicant(  995): nl80211: RFKILL status not available
01-07 03:18:17.764 E/wpa_supplicant(  995): nl80211: wpa_driver_nl80211_check_iface iface is down, change it to up
01-07 03:18:17.774 I/dun_service(  123): process rmnet event
01-07 03:18:17.774 I/dun_service(  115): process rmnet event
01-07 03:18:17.774 I/dun_service(  123): Post event 3
01-07 03:18:17.774 I/dun_service(  115): Post event 3
01-07 03:18:17.774 I/dun_service(  123): received event: DUN_EVENT_RMNET_DOWN 
01-07 03:18:17.774 I/dun_service(  123): received event(DUN_EVENT_RMNET_DOWN) in state(DUN_STATE_IDLE)
01-07 03:18:17.774 I/dun_service(  123): Ignoring the event DUN_EVENT_RMNET_DOWN in IDLE_STATE
01-07 03:18:17.774 I/dun_service(  123): Moved to state(DUN_STATE_IDLE)
01-07 03:18:17.774 I/dun_service(  115): received event: DUN_EVENT_RMNET_DOWN 
01-07 03:18:17.774 I/dun_service(  115): received event(DUN_EVENT_RMNET_DOWN) in state(DUN_STATE_IDLE)
01-07 03:18:17.774 I/dun_service(  115): Ignoring the event DUN_EVENT_RMNET_DOWN in IDLE_STATE
01-07 03:18:17.774 I/dun_service(  115): Moved to state(DUN_STATE_IDLE)
01-07 03:18:17.774 D/wpa_supplicant(  995): netlink: Operstate: linkmode=1, operstate=5
01-07 03:18:17.774 I/dun_service(  123): process rmnet event
01-07 03:18:17.774 I/dun_service(  115): process rmnet event
01-07 03:18:17.774 I/dun_service(  123): Post event 3
01-07 03:18:17.774 I/dun_service(  123): received event: DUN_EVENT_RMNET_DOWN 
01-07 03:18:17.774 I/dun_service(  123): received event(DUN_EVENT_RMNET_DOWN) in state(DUN_STATE_IDLE)
01-07 03:18:17.774 I/dun_service(  123): Ignoring the event DUN_EVENT_RMNET_DOWN in IDLE_STATE
01-07 03:18:17.774 I/dun_service(  123): Moved to state(DUN_STATE_IDLE)
01-07 03:18:17.774 I/dun_service(  115): Post event 3
01-07 03:18:17.774 I/dun_service(  115): received event: DUN_EVENT_RMNET_DOWN 
01-07 03:18:17.774 I/dun_service(  115): received event(DUN_EVENT_RMNET_DOWN) in state(DUN_STATE_IDLE)
01-07 03:18:17.774 I/dun_service(  115): Ignoring the event DUN_EVENT_RMNET_DOWN in IDLE_STATE
01-07 03:18:17.774 I/dun_service(  115): Moved to state(DUN_STATE_IDLE)
01-07 03:18:17.774 D/wpa_supplicant(  995): nl80211: Using driver-based off-channel TX
01-07 03:18:17.784 D/wpa_supplicant(  995): nl80211: driver param='use_p2p_group_interface=1'
01-07 03:18:17.784 D/wpa_supplicant(  995): nl80211: Use separate P2P group interface
01-07 03:18:17.784 D/wpa_supplicant(  995): nl80211: wpa_driver_nl80211_check_iface iface is UP
01-07 03:18:17.784 D/wpa_supplicant(  995): [terry trace] wpa_supplicant_driver_init : wpa_s->driver->send_eapol 
01-07 03:18:17.784 D/wpa_supplicant(  995): wpa_s->l2_wapi = 0xae550 
01-07 03:18:17.784 D/wpa_supplicant(  995): [terry trace]wpa_s->l2_wapi = 0xae550 
01-07 03:18:17.784 D/wpa_supplicant(  995): [terry trace] wpa_supplicant_driver_init 
01-07 03:18:17.784 D/wpa_supplicant(  995): Own WAPI MAC address: 00:09:23:20:11:aa
01-07 03:18:17.784 D/wpa_supplicant(  995): wpa_driver_nl80211_set_key: ifindex=24 alg=0 addr=0x0 key_idx=0 set_tx=0 seq_len=0 key_len=0
01-07 03:18:17.784 D/wpa_supplicant(  995): nl80211: wpa_driver_nl80211_check_iface iface is UP
01-07 03:18:17.784 D/wpa_supplicant(  995): wpa_driver_nl80211_set_key: ifindex=24 alg=0 addr=0x0 key_idx=1 set_tx=0 seq_len=0 key_len=0
01-07 03:18:17.784 D/wpa_supplicant(  995): nl80211: wpa_driver_nl80211_check_iface iface is UP
01-07 03:18:17.784 D/wpa_supplicant(  995): wpa_driver_nl80211_set_key: ifindex=24 alg=0 addr=0x0 key_idx=2 set_tx=0 seq_len=0 key_len=0
01-07 03:18:17.784 D/wpa_supplicant(  995): nl80211: wpa_driver_nl80211_check_iface iface is UP
01-07 03:18:17.784 D/wpa_supplicant(  995): wpa_driver_nl80211_set_key: ifindex=24 alg=0 addr=0x0 key_idx=3 set_tx=0 seq_len=0 key_len=0
01-07 03:18:17.784 D/wpa_supplicant(  995): nl80211: wpa_driver_nl80211_check_iface iface is UP
01-07 03:18:17.784 D/wpa_supplicant(  995): nl80211: Flush PMKIDs
01-07 03:18:17.794 I/wpa_supplicant(  995): wlan0: CTRL-EVENT-STATE-CHANGE id=-1 state=2 BSSID=00:00:00:00:00:00
01-07 03:18:17.794 D/wpa_supplicant(  995): wpa_state_to_wapi_state wpa_state : 2 change to wapi_state
01-07 03:18:17.794 D/wpa_supplicant(  995): wpa_supplicant_set_state wapi_state : 2
01-07 03:18:17.794 D/wpa_supplicant(  995): WPS: Set UUID for interface wlan0
01-07 03:18:17.824 D/wpa_supplicant(  995): EAPOL: SUPP_PAE entering state DISCONNECTED
01-07 03:18:17.834 D/wpa_supplicant(  995): EAPOL: Supplicant port status: Unauthorized
01-07 03:18:17.834 D/wpa_supplicant(  995): nl80211: wpa_driver_nl80211_check_iface iface is UP
01-07 03:18:17.834 D/wpa_supplicant(  995): EAPOL: KEY_RX entering state NO_KEY_RECEIVE
01-07 03:18:17.834 D/wpa_supplicant(  995): EAPOL: SUPP_BE entering state INITIALIZE
01-07 03:18:17.834 D/wpa_supplicant(  995): EAP: EAP entering state DISABLED
01-07 03:18:17.844 D/wpa_supplicant(  995): EAPOL: Supplicant port status: Unauthorized
01-07 03:18:17.844 D/wpa_supplicant(  995): nl80211: wpa_driver_nl80211_check_iface iface is UP
01-07 03:18:17.844 D/wpa_supplicant(  995): EAPOL: Supplicant port status: Unauthorized
01-07 03:18:17.844 D/wpa_supplicant(  995): nl80211: wpa_driver_nl80211_check_iface iface is UP
01-07 03:18:17.844 D/wpa_supplicant(  995): nl80211: wpa_driver_nl80211_check_iface iface is UP
01-07 03:18:17.844 D/wpa_supplicant(  995): nl80211: Set TX rates failed: ret=-95 (Operation not supported on transport endpoint)
01-07 03:18:17.844 D/wpa_supplicant(  995): P2P: Failed to disable 11b rates
01-07 03:18:17.844 E/wpa_supplicant(  995): nl80211: issue private commands P2P_DEV_ADDR
01-07 03:18:17.844 E/wpa_supplicant(  995): wpa_driver_priv_driver_cmd 	# ªV_ADDR len = 0, 12
01-07 03:18:17.844 E/wpa_supplicant(  995): P2P: Device address (02:09:23:20:11:aa)
01-07 03:18:17.844 D/wpa_supplicant(  995): P2P: Device address (02:09:23:20:11:aa)
01-07 03:18:17.844 D/wpa_supplicant(  995): P2P: Own listen channel: 11
01-07 03:18:17.874 D/wpa_supplicant(  995): P2P: Random operating channel: 81:6
01-07 03:18:17.874 D/wpa_supplicant(  995): nl80211: wpa_driver_nl80211_check_iface iface is UP
01-07 03:18:17.874 D/wpa_supplicant(  995): nl80211: Regulatory information - country=00
01-07 03:18:17.874 D/wpa_supplicant(  995): nl80211: 2402-2472 @ 40 MHz
01-07 03:18:17.874 D/wpa_supplicant(  995): nl80211: 2457-2482 @ 20 MHz
01-07 03:18:17.874 D/wpa_supplicant(  995): nl80211: 2474-2494 @ 20 MHz
01-07 03:18:17.874 D/wpa_supplicant(  995): nl80211: 5170-5250 @ 40 MHz
01-07 03:18:17.874 D/wpa_supplicant(  995): nl80211: 5735-5835 @ 40 MHz
01-07 03:18:17.874 D/wpa_supplicant(  995): nl80211: Added 802.11b mode based on 802.11g information
01-07 03:18:17.874 D/wpa_supplicant(  995): P2P: Add operating class 81
01-07 03:18:17.874 D/wpa_supplicant(  995): P2P: Add operating class 115
01-07 03:18:17.874 D/wpa_supplicant(  995): P2P: Add operating class 124
01-07 03:18:17.874 D/wpa_supplicant(  995): random: Got 17/20 bytes from /dev/random
01-07 03:18:17.874 D/wpa_supplicant(  995): RTM_NEWLINK: operstate=0 ifi_flags=0x11043 ([UP][RUNNING][LOWER_UP])
01-07 03:18:17.874 D/wpa_supplicant(  995): RTM_NEWLINK, IFLA_IFNAME: Interface 'wlan0' added
01-07 03:18:17.874 D/wpa_supplicant(  995): RTM_NEWLINK: operstate=0 ifi_flags=0x11003 ([UP][LOWER_UP])
01-07 03:18:17.874 D/wpa_supplicant(  995): RTM_NEWLINK, IFLA_IFNAME: Interface 'wlan0' added
01-07 03:18:17.924 E/WifiService(  203): setWifiEnabledState:2->3
01-07 03:18:17.934 V/DATA    (  288): [DCT(0) ] intent received :android.net.wifi.WIFI_STATE_CHANGED
01-07 03:18:17.934 E/WifiEnabler(  712): handleWifiStateChanged(): (3)
01-07 03:18:17.984 W/CNE     (  203): DhcpInfo obj is NULL. V4 address is not yet available.
01-07 03:18:17.984 D/WifiStateTracker(  203): requestConnectionInfo
01-07 03:18:17.984 D/WifiStateTracker(  203): requestConnectionStatus
01-07 03:18:18.044 I/WifiSettings(  712): There is not any configured AP
01-07 03:18:18.445 V/WifiStateTracker(  203): handleMessage(): msg.what= 15
01-07 03:18:18.445 V/DATA    (  288): [DCT(0) ] intent received :android.net.wifi.STATE_CHANGE
01-07 03:18:18.845 D/wpa_supplicant(  995): EAPOL: disable timer tick
01-07 03:18:18.845 D/wpa_supplicant(  995): EAPOL: Supplicant port status: Unauthorized
01-07 03:18:18.845 D/wpa_supplicant(  995): nl80211: wpa_driver_nl80211_check_iface iface is UP
01-07 03:18:20.407 D/wpa_supplicant(  995): random: Got 3/3 bytes from /dev/random
01-07 03:18:20.767 E/wpa_supplicant(  203): wpa_ctrl_open ctrl_patch = /data/misc/wifi/wpa_supplicant/wlan0
01-07 03:18:20.767 E/wpa_supplicant(  203): wpa_ctrl_open Socket OK
01-07 03:18:20.767 E/wpa_supplicant(  203): wpa_ctrl_open Socket OK patch=/data/misc/wifi/sockets/wpa_ctrl_203-43, ret= 39
01-07 03:18:20.767 E/wpa_supplicant(  203): wpa_ctrl_open Socket OK 1 ctrl_path /data/misc/wifi/wpa_supplicant/wlan0
01-07 03:18:20.767 E/wpa_supplicant(  203): wpa_ctrl_open Socket before connect
01-07 03:18:20.917 E/wpa_supplicant(  203): wpa_ctrl_open ctrl_patch = /data/misc/wifi/wpa_supplicant/wlan0
01-07 03:18:20.917 E/wpa_supplicant(  203): wpa_ctrl_open Socket OK
01-07 03:18:20.917 E/wpa_supplicant(  203): wpa_ctrl_open Socket OK patch=/data/misc/wifi/sockets/wpa_ctrl_203-44, ret= 39
01-07 03:18:20.917 E/wpa_supplicant(  203): wpa_ctrl_open Socket OK 1 ctrl_path /data/misc/wifi/wpa_supplicant/wlan0
01-07 03:18:20.917 E/wpa_supplicant(  203): wpa_ctrl_open Socket before connect
01-07 03:18:21.067 E/wpa_supplicant(  203): wpa_ctrl_open ctrl_patch = /data/misc/wifi/wpa_supplicant/wlan0
01-07 03:18:21.067 E/wpa_supplicant(  203): wpa_ctrl_open Socket OK
01-07 03:18:21.067 E/wpa_supplicant(  203): wpa_ctrl_open Socket OK patch=/data/misc/wifi/sockets/wpa_ctrl_203-45, ret= 39
01-07 03:18:21.067 E/wpa_supplicant(  203): wpa_ctrl_open Socket OK 1 ctrl_path /data/misc/wifi/wpa_supplicant/wlan0
01-07 03:18:21.067 E/wpa_supplicant(  203): wpa_ctrl_open Socket before connect
01-07 03:18:21.218 E/wpa_supplicant(  203): wpa_ctrl_open ctrl_patch = /data/misc/wifi/wpa_supplicant/wlan0
01-07 03:18:21.218 E/wpa_supplicant(  203): wpa_ctrl_open Socket OK
01-07 03:18:21.218 E/wpa_supplicant(  203): wpa_ctrl_open Socket OK patch=/data/misc/wifi/sockets/wpa_ctrl_203-46, ret= 39
01-07 03:18:21.218 E/wpa_supplicant(  203): wpa_ctrl_open Socket OK 1 ctrl_path /data/misc/wifi/wpa_supplicant/wlan0
01-07 03:18:21.218 E/wpa_supplicant(  203): wpa_ctrl_open Socket before connect
01-07 03:18:21.368 E/wpa_supplicant(  203): wpa_ctrl_open ctrl_patch = /data/misc/wifi/wpa_supplicant/wlan0
01-07 03:18:21.368 E/wpa_supplicant(  203): wpa_ctrl_open Socket OK
01-07 03:18:21.368 E/wpa_supplicant(  203): wpa_ctrl_open Socket OK patch=/data/misc/wifi/sockets/wpa_ctrl_203-47, ret= 39
01-07 03:18:21.368 E/wpa_supplicant(  203): wpa_ctrl_open Socket OK 1 ctrl_path /data/misc/wifi/wpa_supplicant/wlan0
01-07 03:18:21.368 E/wpa_supplicant(  203): wpa_ctrl_open Socket before connect
01-07 03:18:21.518 E/wpa_supplicant(  203): wpa_ctrl_open ctrl_patch = /data/misc/wifi/wpa_supplicant/wlan0
01-07 03:18:21.518 E/wpa_supplicant(  203): wpa_ctrl_open Socket OK
01-07 03:18:21.518 E/wpa_supplicant(  203): wpa_ctrl_open Socket OK patch=/data/misc/wifi/sockets/wpa_ctrl_203-48, ret= 39
01-07 03:18:21.518 E/wpa_supplicant(  203): wpa_ctrl_open Socket OK 1 ctrl_path /data/misc/wifi/wpa_supplicant/wlan0
01-07 03:18:21.518 E/wpa_supplicant(  203): wpa_ctrl_open Socket before connect
01-07 03:18:21.668 E/wpa_supplicant(  203): wpa_ctrl_open ctrl_patch = /data/misc/wifi/wpa_supplicant/wlan0
01-07 03:18:21.668 E/wpa_supplicant(  203): wpa_ctrl_open Socket OK
01-07 03:18:21.668 E/wpa_supplicant(  203): wpa_ctrl_open Socket OK patch=/data/misc/wifi/sockets/wpa_ctrl_203-49, ret= 39
01-07 03:18:21.668 E/wpa_supplicant(  203): wpa_ctrl_open Socket OK 1 ctrl_path /data/misc/wifi/wpa_supplicant/wlan0
01-07 03:18:21.668 E/wpa_supplicant(  203): wpa_ctrl_open Socket before connect
01-07 03:18:21.818 E/wpa_supplicant(  203): wpa_ctrl_open ctrl_patch = /data/misc/wifi/wpa_supplicant/wlan0
01-07 03:18:21.818 E/wpa_supplicant(  203): wpa_ctrl_open Socket OK
01-07 03:18:21.818 E/wpa_supplicant(  203): wpa_ctrl_open Socket OK patch=/data/misc/wifi/sockets/wpa_ctrl_203-50, ret= 39
01-07 03:18:21.818 E/wpa_supplicant(  203): wpa_ctrl_open Socket OK 1 ctrl_path /data/misc/wifi/wpa_supplicant/wlan0
01-07 03:18:21.818 E/wpa_supplicant(  203): wpa_ctrl_open Socket before connect
01-07 03:18:21.968 E/wpa_supplicant(  203): wpa_ctrl_open ctrl_patch = /data/misc/wifi/wpa_supplicant/wlan0
01-07 03:18:21.968 E/wpa_supplicant(  203): wpa_ctrl_open Socket OK
01-07 03:18:21.968 E/wpa_supplicant(  203): wpa_ctrl_open Socket OK patch=/data/misc/wifi/sockets/wpa_ctrl_203-51, ret= 39
01-07 03:18:21.968 E/wpa_supplicant(  203): wpa_ctrl_open Socket OK 1 ctrl_path /data/misc/wifi/wpa_supplicant/wlan0
01-07 03:18:21.968 E/wpa_supplicant(  203): wpa_ctrl_open Socket before connect
01-07 03:18:22.118 E/wpa_supplicant(  203): wpa_ctrl_open ctrl_patch = /data/misc/wifi/wpa_supplicant/wlan0
01-07 03:18:22.118 E/wpa_supplicant(  203): wpa_ctrl_open Socket OK
01-07 03:18:22.118 E/wpa_supplicant(  203): wpa_ctrl_open Socket OK patch=/data/misc/wifi/sockets/wpa_ctrl_203-52, ret= 39
01-07 03:18:22.118 E/wpa_supplicant(  203): wpa_ctrl_open Socket OK 1 ctrl_path /data/misc/wifi/wpa_supplicant/wlan0
01-07 03:18:22.118 E/wpa_supplicant(  203): wpa_ctrl_open Socket before connect
01-07 03:18:22.269 E/WifiHW  (  203): Unable to open connection to supplicant on "/data/misc/wifi/wpa_supplicant/wlan0": No such file or directory
01-07 03:18:22.269 W/CNE     (  203): DhcpInfo obj is NULL. V4 address is not yet available.
01-07 03:18:22.269 D/WifiStateTracker(  203): Reset connections and stopping DHCP
01-07 03:18:22.269 D/WifiStateTracker(  203): requestConnectionInfo
01-07 03:18:22.269 E/WifiService(  203): setWifiEnabledBlocking(true, false, 1000)
01-07 03:18:22.279 D/WifiStateTracker(  203): requestConnectionStatus
01-07 03:18:23.270 D/WifiStateTracker(  203): Disabling interface
01-07 03:18:23.280 D/wpa_supplicant(  995): RTM_NEWLINK: operstate=0 ifi_flags=0x1002 ()
01-07 03:18:23.280 D/wpa_supplicant(  995): nl80211: Interface down
01-07 03:18:23.280 I/wpa_supplicant(  995): wlan0: CTRL-EVENT-STATE-CHANGE id=-1 state=0 BSSID=00:00:00:00:00:00
01-07 03:18:23.280 E/wpa_supplicant(  995): nl80211: wpa_driver_nl80211_check_iface iface is down, change it to up
01-07 03:18:23.280 I/dun_service(  123): process rmnet event
01-07 03:18:23.280 I/dun_service(  115): process rmnet event
01-07 03:18:23.280 D/WifiStateTracker(  203): WifiStateTracker execute startDriver
01-07 03:18:23.280 E/WifiService(  203): setWifiEnabledBlocking(true, false, 1000)
01-07 03:18:23.280 E/WifiService(  203): setWifiEnabledBlocking(true, false, 1000)
01-07 03:18:23.280 E/WifiService(  203): scan reply is null
01-07 03:18:23.280 E/WifiService(  203): setWifiEnabledBlocking(true, false, 1000)
01-07 03:18:23.290 D/wpa_supplicant(  995): wpa_driver_nl80211_set_operstate: operstate 0->0 (DORMANT)
01-07 03:18:23.290 D/wpa_supplicant(  995): netlink: Operstate: linkmode=-1, operstate=5
01-07 03:18:23.290 D/wpa_supplicant(  995): wpa_state_to_wapi_state wpa_state : 0 change to wapi_state
01-07 03:18:23.290 D/wpa_supplicant(  995): wpa_supplicant_set_state wapi_state : 0
01-07 03:18:23.290 D/wpa_supplicant(  995): EAPOL: External notification - portEnabled=0
01-07 03:18:23.290 D/wpa_supplicant(  995): EAPOL: Supplicant port status: Unauthorized
01-07 03:18:23.290 D/wpa_supplicant(  995): nl80211: wpa_driver_nl80211_check_iface iface is UP
01-07 03:18:23.290 D/wpa_supplicant(  995): EAPOL: External notification - portValid=0
01-07 03:18:23.290 D/wpa_supplicant(  995): EAPOL: Supplicant port status: Unauthorized
01-07 03:18:23.290 D/wpa_supplicant(  995): nl80211: wpa_driver_nl80211_check_iface iface is UP
01-07 03:18:23.290 D/wpa_supplicant(  995): RTM_NEWLINK, IFLA_IFNAME: Interface 'wlan0' added
01-07 03:18:23.290 D/wpa_supplicant(  995): RTM_NEWLINK: operstate=0 ifi_flags=0x11003 ([UP][LOWER_UP])
01-07 03:18:23.290 D/wpa_supplicant(  995): nl80211: Interface up
01-07 03:18:23.290 D/wpa_supplicant(  995): RTM_NEWLINK, IFLA_IFNAME: Interface 'wlan0' added
01-07 03:18:23.290 D/wpa_supplicant(  995): l2_packet_receive: l2=0xae550, wpa_s->l2_wapi=0xae550
01-07 03:18:23.290 D/wpa_supplicant(  995): l2_packet_receive - recvfrom: Network is down
01-07 03:18:23.290 D/wpa_supplicant(  995): l2_packet_receive: l2=0xa9090, wpa_s->l2_wapi=0xae550
01-07 03:18:23.290 D/wpa_supplicant(  995): l2_packet_receive - recvfrom: Network is down
01-07 03:18:23.290 I/dun_service(  123): Post event 3
01-07 03:18:23.290 I/dun_service(  123): process rmnet event
01-07 03:18:23.290 I/dun_service(  123): Post event 3
01-07 03:18:23.300 I/dun_service(  115): Post event 3
01-07 03:18:23.300 I/dun_service(  115): process rmnet event
01-07 03:18:23.300 I/dun_service(  115): Post event 3
01-07 03:18:23.300 I/dun_service(  123): received event: DUN_EVENT_RMNET_DOWN 
01-07 03:18:23.300 I/dun_service(  123): received event(DUN_EVENT_RMNET_DOWN) in state(DUN_STATE_IDLE)
01-07 03:18:23.300 I/dun_service(  123): Ignoring the event DUN_EVENT_RMNET_DOWN in IDLE_STATE
01-07 03:18:23.300 I/dun_service(  123): Moved to state(DUN_STATE_IDLE)
01-07 03:18:23.300 I/dun_service(  123): received event: DUN_EVENT_RMNET_DOWN 
01-07 03:18:23.300 I/dun_service(  123): received event(DUN_EVENT_RMNET_DOWN) in state(DUN_STATE_IDLE)
01-07 03:18:23.300 I/dun_service(  123): Ignoring the event DUN_EVENT_RMNET_DOWN in IDLE_STATE
01-07 03:18:23.300 I/dun_service(  123): Moved to state(DUN_STATE_IDLE)
01-07 03:18:23.300 I/dun_service(  115): received event: DUN_EVENT_RMNET_DOWN 
01-07 03:18:23.300 I/dun_service(  115): received event(DUN_EVENT_RMNET_DOWN) in state(DUN_STATE_IDLE)
01-07 03:18:23.300 I/dun_service(  115): Ignoring the event DUN_EVENT_RMNET_DOWN in IDLE_STATE
01-07 03:18:23.300 I/dun_service(  115): Moved to state(DUN_STATE_IDLE)
01-07 03:18:23.300 I/dun_service(  115): received event: DUN_EVENT_RMNET_DOWN 
01-07 03:18:23.300 I/dun_service(  115): received event(DUN_EVENT_RMNET_DOWN) in state(DUN_STATE_IDLE)
01-07 03:18:23.300 I/dun_service(  115): Ignoring the event DUN_EVENT_RMNET_DOWN in IDLE_STATE
01-07 03:18:23.300 I/dun_service(  115): Moved to state(DUN_STATE_IDLE)
01-07 03:18:23.300 D/SettingsAppWidgetProvider(  712): STATE_MAX_LIGHT0
01-07 03:18:23.360 D/WifiStateTracker(  203): requestConnectionInfo
01-07 03:18:23.360 D/WifiStateTracker(  203): requestConnectionStatus
01-07 03:18:23.360 D/WifiStateTracker(  203): requestConnectionInfo
01-07 03:18:23.360 D/WifiStateTracker(  203): requestConnectionStatus
01-07 03:18:30.266 E/wpa_supplicant(  203): wpa_ctrl_open ctrl_patch = /data/misc/wifi/wpa_supplicant/wlan0
01-07 03:18:30.266 E/wpa_supplicant(  203): wpa_ctrl_open Socket OK
01-07 03:18:30.266 E/wpa_supplicant(  203): wpa_ctrl_open Socket OK patch=/data/misc/wifi/sockets/wpa_ctrl_203-53, ret= 39
01-07 03:18:30.266 E/wpa_supplicant(  203): wpa_ctrl_open Socket OK 1 ctrl_path /data/misc/wifi/wpa_supplicant/wlan0
01-07 03:18:30.266 E/wpa_supplicant(  203): wpa_ctrl_open Socket before connect
01-07 03:18:30.417 E/wpa_supplicant(  203): wpa_ctrl_open ctrl_patch = /data/misc/wifi/wpa_supplicant/wlan0
01-07 03:18:30.417 E/wpa_supplicant(  203): wpa_ctrl_open Socket OK
01-07 03:18:30.417 E/wpa_supplicant(  203): wpa_ctrl_open Socket OK patch=/data/misc/wifi/sockets/wpa_ctrl_203-54, ret= 39
01-07 03:18:30.417 E/wpa_supplicant(  203): wpa_ctrl_open Socket OK 1 ctrl_path /data/misc/wifi/wpa_supplicant/wlan0
01-07 03:18:30.417 E/wpa_supplicant(  203): wpa_ctrl_open Socket before connect
01-07 03:18:30.567 E/wpa_supplicant(  203): wpa_ctrl_open ctrl_patch = /data/misc/wifi/wpa_supplicant/wlan0
01-07 03:18:30.567 E/wpa_supplicant(  203): wpa_ctrl_open Socket OK
01-07 03:18:30.567 E/wpa_supplicant(  203): wpa_ctrl_open Socket OK patch=/data/misc/wifi/sockets/wpa_ctrl_203-55, ret= 39
01-07 03:18:30.567 E/wpa_supplicant(  203): wpa_ctrl_open Socket OK 1 ctrl_path /data/misc/wifi/wpa_supplicant/wlan0
01-07 03:18:30.567 E/wpa_supplicant(  203): wpa_ctrl_open Socket before connect
01-07 03:18:30.717 E/wpa_supplicant(  203): wpa_ctrl_open ctrl_patch = /data/misc/wifi/wpa_supplicant/wlan0
01-07 03:18:30.717 E/wpa_supplicant(  203): wpa_ctrl_open Socket OK
01-07 03:18:30.717 E/wpa_supplicant(  203): wpa_ctrl_open Socket OK patch=/data/misc/wifi/sockets/wpa_ctrl_203-56, ret= 39
01-07 03:18:30.717 E/wpa_supplicant(  203): wpa_ctrl_open Socket OK 1 ctrl_path /data/misc/wifi/wpa_supplicant/wlan0
01-07 03:18:30.717 E/wpa_supplicant(  203): wpa_ctrl_open Socket before connect
01-07 03:18:30.867 E/wpa_supplicant(  203): wpa_ctrl_open ctrl_patch = /data/misc/wifi/wpa_supplicant/wlan0
01-07 03:18:30.867 E/wpa_supplicant(  203): wpa_ctrl_open Socket OK
01-07 03:18:30.867 E/wpa_supplicant(  203): wpa_ctrl_open Socket OK patch=/data/misc/wifi/sockets/wpa_ctrl_203-57, ret= 39
01-07 03:18:30.867 E/wpa_supplicant(  203): wpa_ctrl_open Socket OK 1 ctrl_path /data/misc/wifi/wpa_supplicant/wlan0
01-07 03:18:30.867 E/wpa_supplicant(  203): wpa_ctrl_open Socket before connect
01-07 03:18:31.017 E/wpa_supplicant(  203): wpa_ctrl_open ctrl_patch = /data/misc/wifi/wpa_supplicant/wlan0
01-07 03:18:31.017 E/wpa_supplicant(  203): wpa_ctrl_open Socket OK
01-07 03:18:31.017 E/wpa_supplicant(  203): wpa_ctrl_open Socket OK patch=/data/misc/wifi/sockets/wpa_ctrl_203-58, ret= 39
01-07 03:18:31.017 E/wpa_supplicant(  203): wpa_ctrl_open Socket OK 1 ctrl_path /data/misc/wifi/wpa_supplicant/wlan0
01-07 03:18:31.017 E/wpa_supplicant(  203): wpa_ctrl_open Socket before connect
01-07 03:18:31.167 E/wpa_supplicant(  203): wpa_ctrl_open ctrl_patch = /data/misc/wifi/wpa_supplicant/wlan0
01-07 03:18:31.167 E/wpa_supplicant(  203): wpa_ctrl_open Socket OK
01-07 03:18:31.167 E/wpa_supplicant(  203): wpa_ctrl_open Socket OK patch=/data/misc/wifi/sockets/wpa_ctrl_203-59, ret= 39
01-07 03:18:31.167 E/wpa_supplicant(  203): wpa_ctrl_open Socket OK 1 ctrl_path /data/misc/wifi/wpa_supplicant/wlan0
01-07 03:18:31.167 E/wpa_supplicant(  203): wpa_ctrl_open Socket before connect
01-07 03:18:31.317 E/wpa_supplicant(  203): wpa_ctrl_open ctrl_patch = /data/misc/wifi/wpa_supplicant/wlan0
01-07 03:18:31.317 E/wpa_supplicant(  203): wpa_ctrl_open Socket OK
01-07 03:18:31.317 E/wpa_supplicant(  203): wpa_ctrl_open Socket OK patch=/data/misc/wifi/sockets/wpa_ctrl_203-60, ret= 39
01-07 03:18:31.317 E/wpa_supplicant(  203): wpa_ctrl_open Socket OK 1 ctrl_path /data/misc/wifi/wpa_supplicant/wlan0
01-07 03:18:31.317 E/wpa_supplicant(  203): wpa_ctrl_open Socket before connect
01-07 03:18:31.468 E/wpa_supplicant(  203): wpa_ctrl_open ctrl_patch = /data/misc/wifi/wpa_supplicant/wlan0
01-07 03:18:31.468 E/wpa_supplicant(  203): wpa_ctrl_open Socket OK
01-07 03:18:31.468 E/wpa_supplicant(  203): wpa_ctrl_open Socket OK patch=/data/misc/wifi/sockets/wpa_ctrl_203-61, ret= 39
01-07 03:18:31.468 E/wpa_supplicant(  203): wpa_ctrl_open Socket OK 1 ctrl_path /data/misc/wifi/wpa_supplicant/wlan0
01-07 03:18:31.468 E/wpa_supplicant(  203): wpa_ctrl_open Socket before connect
