--------- beginning of /dev/log/main
01-07 03:11:40.216 E/wpa_supplicant(  946): CMD: PING
01-07 03:11:40.216 D/wpa_supplicant(  946): REPLY: PONG
01-07 03:11:45.071 I/wpa_supplicant(  946): wlan0: CTRL-EVENT-TERMINATING - signal 2 received
01-07 03:11:45.071 I/wpa_supplicant(  946): wlan0: CTRL-EVENT-TERMINATING - signal 0 received
01-07 03:11:45.071 D/wpa_supplicant(  946): wlan0: P2P: Clear timeout (state=IDLE)
01-07 03:11:45.071 D/wpa_supplicant(  946): wlan0: P2P: State IDLE -> IDLE
01-07 03:11:45.071 I/wpa_supplicant(  946): wlan0: CTRL-EVENT-STATE-CHANGE id=-1 state=0 BSSID=00:00:00:00:00:00
01-07 03:11:45.071 D/wpa_supplicant(  946): nl80211: wpa_driver_nl80211_check_iface iface is UP
01-07 03:11:45.071 D/wpa_supplicant(  946): wpa_driver_nl80211_set_operstate: operstate 0->0 (DORMANT)
01-07 03:11:45.071 D/wpa_supplicant(  946): netlink: Operstate: linkmode=-1, operstate=5
01-07 03:11:45.071 D/wpa_supplicant(  946): wpa_state_to_wapi_state wpa_state : 0 change to wapi_state
01-07 03:11:45.071 D/wpa_supplicant(  946): wpa_supplicant_set_state wapi_state : 0
01-07 03:11:45.071 D/wpa_supplicant(  946): EAPOL: External notification - portEnabled=0
01-07 03:11:45.071 D/wpa_supplicant(  946): EAPOL: Supplicant port status: Unauthorized
01-07 03:11:45.071 D/wpa_supplicant(  946): nl80211: wpa_driver_nl80211_check_iface iface is UP
01-07 03:11:45.071 D/wpa_supplicant(  946): EAPOL: External notification - portValid=0
01-07 03:11:45.071 D/wpa_supplicant(  946): EAPOL: Supplicant port status: Unauthorized
01-07 03:11:45.071 D/wpa_supplicant(  946): nl80211: wpa_driver_nl80211_check_iface iface is UP
01-07 03:11:45.071 D/wpa_supplicant(  946): CTRL_IFACE wait for attached monitors to receive messages
01-07 03:11:46.072 D/wpa_supplicant(  946): nl80211: wpa_driver_nl80211_check_iface iface is UP
01-07 03:11:46.072 D/wpa_supplicant(  946): nl80211: Set TX rates failed: ret=-95 (Operation not supported on transport endpoint)
01-07 03:11:46.072 D/wpa_supplicant(  946): netlink: Operstate: linkmode=0, operstate=6
01-07 03:11:46.072 I/dun_service(  123): process rmnet event
01-07 03:11:46.072 I/dun_service(  115): process rmnet event
01-07 03:11:46.072 I/dun_service(  123): Post event 3
01-07 03:11:46.072 I/dun_service(  123): received event: DUN_EVENT_RMNET_DOWN 
01-07 03:11:46.072 I/dun_service(  123): received event(DUN_EVENT_RMNET_DOWN) in state(DUN_STATE_IDLE)
01-07 03:11:46.072 I/dun_service(  123): Ignoring the event DUN_EVENT_RMNET_DOWN in IDLE_STATE
01-07 03:11:46.072 I/dun_service(  123): Moved to state(DUN_STATE_IDLE)
01-07 03:11:46.072 I/dun_service(  115): Post event 3
01-07 03:11:46.072 I/dun_service(  115): received event: DUN_EVENT_RMNET_DOWN 
01-07 03:11:46.072 I/dun_service(  115): received event(DUN_EVENT_RMNET_DOWN) in state(DUN_STATE_IDLE)
01-07 03:11:46.072 I/dun_service(  115): Ignoring the event DUN_EVENT_RMNET_DOWN in IDLE_STATE
01-07 03:11:46.072 I/dun_service(  115): Moved to state(DUN_STATE_IDLE)
01-07 03:11:46.072 I/dun_service(  123): process rmnet event
01-07 03:11:46.072 I/dun_service(  115): process rmnet event
01-07 03:11:46.072 I/dun_service(  123): Post event 3
01-07 03:11:46.072 I/dun_service(  123): received event: DUN_EVENT_RMNET_DOWN 
01-07 03:11:46.072 I/dun_service(  123): received event(DUN_EVENT_RMNET_DOWN) in state(DUN_STATE_IDLE)
01-07 03:11:46.072 I/dun_service(  123): Ignoring the event DUN_EVENT_RMNET_DOWN in IDLE_STATE
01-07 03:11:46.072 I/dun_service(  123): Moved to state(DUN_STATE_IDLE)
01-07 03:11:46.072 I/dun_service(  115): Post event 3
01-07 03:11:46.072 I/dun_service(  115): received event: DUN_EVENT_RMNET_DOWN 
01-07 03:11:46.072 I/dun_service(  115): received event(DUN_EVENT_RMNET_DOWN) in state(DUN_STATE_IDLE)
01-07 03:11:46.072 I/dun_service(  115): Ignoring the event DUN_EVENT_RMNET_DOWN in IDLE_STATE
01-07 03:11:46.072 I/dun_service(  115): Moved to state(DUN_STATE_IDLE)
01-07 03:11:46.072 E/wpa_supplicant(  946): nl80211: wpa_driver_nl80211_check_iface iface is down, change it to up
01-07 03:11:46.082 I/dun_service(  123): process rmnet event
01-07 03:11:46.082 I/dun_service(  115): process rmnet event
01-07 03:11:46.082 I/dun_service(  123): Post event 3
01-07 03:11:46.082 I/dun_service(  123): received event: DUN_EVENT_RMNET_DOWN 
01-07 03:11:46.082 I/dun_service(  123): received event(DUN_EVENT_RMNET_DOWN) in state(DUN_STATE_IDLE)
01-07 03:11:46.082 I/dun_service(  123): Ignoring the event DUN_EVENT_RMNET_DOWN in IDLE_STATE
01-07 03:11:46.082 I/dun_service(  123): Moved to state(DUN_STATE_IDLE)
01-07 03:11:46.082 I/dun_service(  115): Post event 3
01-07 03:11:46.082 I/dun_service(  115): received event: DUN_EVENT_RMNET_DOWN 
01-07 03:11:46.082 I/dun_service(  115): received event(DUN_EVENT_RMNET_DOWN) in state(DUN_STATE_IDLE)
01-07 03:11:46.082 I/dun_service(  115): Ignoring the event DUN_EVENT_RMNET_DOWN in IDLE_STATE
01-07 03:11:46.082 I/dun_service(  115): Moved to state(DUN_STATE_IDLE)
01-07 03:12:04.900 I/dun_service(  123): The value returned from dun_getusbmodemstate_fromsys is 2 
01-07 03:12:04.900 I/dun_service(  123): process rmnet event
01-07 03:12:04.900 I/dun_service(  123): Post event 3
01-07 03:12:04.900 I/dun_service(  123): process rmnet event
01-07 03:12:04.900 I/dun_service(  123): Post event 3
01-07 03:12:04.900 I/dun_service(  115): The value returned from dun_getusbmodemstate_fromsys is 2 
01-07 03:12:04.900 I/dun_service(  115): process rmnet event
01-07 03:12:04.900 I/dun_service(  115): Post event 3
01-07 03:12:04.900 I/dun_service(  115): process rmnet event
01-07 03:12:04.900 I/dun_service(  115): Post event 3
01-07 03:12:04.900 I/dun_service(  123): received event: DUN_EVENT_RMNET_DOWN 
01-07 03:12:04.900 I/dun_service(  123): received event(DUN_EVENT_RMNET_DOWN) in state(DUN_STATE_IDLE)
01-07 03:12:04.900 I/dun_service(  123): Ignoring the event DUN_EVENT_RMNET_DOWN in IDLE_STATE
01-07 03:12:04.900 I/dun_service(  123): Moved to state(DUN_STATE_IDLE)
01-07 03:12:04.900 I/dun_service(  123): received event: DUN_EVENT_RMNET_DOWN 
01-07 03:12:04.900 I/dun_service(  123): received event(DUN_EVENT_RMNET_DOWN) in state(DUN_STATE_IDLE)
01-07 03:12:04.900 I/dun_service(  123): Ignoring the event DUN_EVENT_RMNET_DOWN in IDLE_STATE
01-07 03:12:04.900 I/dun_service(  123): Moved to state(DUN_STATE_IDLE)
01-07 03:12:04.900 I/dun_service(  115): received event: DUN_EVENT_RMNET_DOWN 
01-07 03:12:04.900 I/dun_service(  115): received event(DUN_EVENT_RMNET_DOWN) in state(DUN_STATE_IDLE)
01-07 03:12:04.900 I/dun_service(  115): Ignoring the event DUN_EVENT_RMNET_DOWN in IDLE_STATE
01-07 03:12:04.900 I/dun_service(  115): Moved to state(DUN_STATE_IDLE)
01-07 03:12:04.900 I/dun_service(  115): received event: DUN_EVENT_RMNET_DOWN 
01-07 03:12:04.900 I/dun_service(  115): received event(DUN_EVENT_RMNET_DOWN) in state(DUN_STATE_IDLE)
01-07 03:12:04.900 I/dun_service(  115): Ignoring the event DUN_EVENT_RMNET_DOWN in IDLE_STATE
01-07 03:12:04.900 I/dun_service(  115): Moved to state(DUN_STATE_IDLE)
01-07 03:12:04.900 E/Tethering(  203): attempting to remove unknown iface (wlan0), ignoring
--------- beginning of /dev/log/system
01-07 03:12:04.900 D/NetdConnector(  203): RCV <- {600 Iface removed wlan0}
01-07 03:12:05.171 I/dun_service(  123): The value returned from dun_getusbmodemstate_fromsys is 2 
01-07 03:12:05.171 I/dun_service(  115): The value returned from dun_getusbmodemstate_fromsys is 2 
01-07 03:12:05.171 I/dun_service(  115): The value returned from dun_getusbmodemstate_fromsys is 2 
01-07 03:12:05.171 I/dun_service(  115): The value returned from dun_getusbmodemstate_fromsys is 2 
01-07 03:12:05.171 I/dun_service(  123): The value returned from dun_getusbmodemstate_fromsys is 2 
01-07 03:12:05.171 I/dun_service(  123): The value returned from dun_getusbmodemstate_fromsys is 2 
01-07 03:12:05.191 I/dun_service(  115): The value returned from dun_getusbmodemstate_fromsys is 2 
01-07 03:12:05.191 I/dun_service(  123): The value returned from dun_getusbmodemstate_fromsys is 2 
01-07 03:12:05.191 I/dun_service(  115): The value returned from dun_getusbmodemstate_fromsys is 2 
01-07 03:12:05.191 I/dun_service(  115): The value returned from dun_getusbmodemstate_fromsys is 2 
01-07 03:12:05.191 I/dun_service(  115): The value returned from dun_getusbmodemstate_fromsys is 2 
01-07 03:12:05.191 I/dun_service(  123): The value returned from dun_getusbmodemstate_fromsys is 2 
01-07 03:12:05.191 I/dun_service(  123): The value returned from dun_getusbmodemstate_fromsys is 2 
01-07 03:12:05.191 I/dun_service(  123): The value returned from dun_getusbmodemstate_fromsys is 2 
01-07 03:12:05.231 I/dun_service(  123): The value returned from dun_getusbmodemstate_fromsys is 2 
01-07 03:12:05.231 I/dun_service(  115): The value returned from dun_getusbmodemstate_fromsys is 2 
01-07 03:12:05.231 I/dun_service(  123): The value returned from dun_getusbmodemstate_fromsys is 2 
01-07 03:12:05.231 I/dun_service(  115): The value returned from dun_getusbmodemstate_fromsys is 2 
01-07 03:12:05.231 I/dun_service(  123): The value returned from dun_getusbmodemstate_fromsys is 2 
01-07 03:12:05.231 I/dun_service(  115): The value returned from dun_getusbmodemstate_fromsys is 2 
01-07 03:12:10.806 I/dun_service(  123): The value returned from dun_getusbmodemstate_fromsys is 2 
01-07 03:12:10.806 I/dun_service(  115): The value returned from dun_getusbmodemstate_fromsys is 2 
01-07 03:12:10.806 I/dun_service(  123): The value returned from dun_getusbmodemstate_fromsys is 2 
01-07 03:12:10.806 I/dun_service(  115): The value returned from dun_getusbmodemstate_fromsys is 2 
01-07 03:12:10.826 I/dun_service(  123): The value returned from dun_getusbmodemstate_fromsys is 2 
01-07 03:12:10.826 I/dun_service(  115): The value returned from dun_getusbmodemstate_fromsys is 2 
01-07 03:12:15.251 I/dun_service(  123): The value returned from dun_getusbmodemstate_fromsys is 2 
01-07 03:12:15.251 I/dun_service(  115): The value returned from dun_getusbmodemstate_fromsys is 2 
01-07 03:12:26.231 D/WindowManager(  203): interceptKeyTq keycode=26 screenIsOn=false keyguardActive=true
01-07 03:12:26.231 D/KeyguardViewMediator(  203): wakeWhenReadyLocked(26)
01-07 03:12:26.231 I/PowerManagerService(  203): Decreasing sampling rate.
01-07 03:12:26.231 D/PowerManagerService(  203): reactivateScreenLocksLocked mProxIgnoredBecauseScreenTurnedOff=false
01-07 03:12:26.251 D/WindowManager(  203): interceptKeyTq keycode=26 screenIsOn=false keyguardActive=true
01-07 03:12:26.261 D/JrdLockScreen(  203): Updating Lock Screen text to Sim
01-07 03:12:26.261 D/JrdLockScreen(  203): screen on and charging --------start charging animation !!!!!!!!!
01-07 03:12:26.261 D/PowerManagerService(  203): reactivateScreenLocksLocked mProxIgnoredBecauseScreenTurnedOff=false
01-07 03:12:26.321 E/WifiEnabler(  712): handleWifiStateChanged(): (1)
01-07 03:12:26.321 W/DMM Service(  203): Enable Unstable Memory : true
01-07 03:12:26.331 V/DATA    (  288): [DCT(0) ] intent received :android.intent.action.SCREEN_ON
01-07 03:12:26.351 D/DATA    (  288): [DSST(0)] pollstate() : reason = data network state changed
01-07 03:12:26.361 D/DATA    (  288): [DSST(0)] Poll ServiceState done: oldSS=[1 home null null null  Unknown CSS not supported -1 -1RoamInd: -1DefRoamInd: -1EmergOnly: false] newSS=[1 home null null null  Unknown CSS not supported -1 -1RoamInd: -1DefRoamInd: -1EmergOnly: false]
01-07 03:12:26.441 D/NfcService(  289): NFC-EE routing OFF
01-07 03:12:26.542 D/NfcService(  289): NFC-C discovery ON
01-07 03:12:26.542 I/dun_service(  123): The value returned from dun_getusbmodemstate_fromsys is 2 
01-07 03:12:26.542 I/dun_service(  115): The value returned from dun_getusbmodemstate_fromsys is 2 
01-07 03:12:27.192 D/PowerManagerService(  203): reactivateScreenLocksLocked mProxIgnoredBecauseScreenTurnedOff=false
01-07 03:12:27.212 D/PowerManagerService(  203): reactivateScreenLocksLocked mProxIgnoredBecauseScreenTurnedOff=false
01-07 03:12:27.222 D/PowerManagerService(  203): reactivateScreenLocksLocked mProxIgnoredBecauseScreenTurnedOff=false
01-07 03:12:27.262 D/PowerManagerService(  203): reactivateScreenLocksLocked mProxIgnoredBecauseScreenTurnedOff=false
01-07 03:12:27.262 D/PowerManagerService(  203): reactivateScreenLocksLocked mProxIgnoredBecauseScreenTurnedOff=false
01-07 03:12:27.312 D/PowerManagerService(  203): reactivateScreenLocksLocked mProxIgnoredBecauseScreenTurnedOff=false
01-07 03:12:27.342 D/PowerManagerService(  203): reactivateScreenLocksLocked mProxIgnoredBecauseScreenTurnedOff=false
01-07 03:12:27.342 D/PowerManagerService(  203): reactivateScreenLocksLocked mProxIgnoredBecauseScreenTurnedOff=false
01-07 03:12:27.412 D/PowerManagerService(  203): reactivateScreenLocksLocked mProxIgnoredBecauseScreenTurnedOff=false
01-07 03:12:27.432 D/PowerManagerService(  203): reactivateScreenLocksLocked mProxIgnoredBecauseScreenTurnedOff=false
01-07 03:12:27.452 D/PowerManagerService(  203): reactivateScreenLocksLocked mProxIgnoredBecauseScreenTurnedOff=false
01-07 03:12:27.472 D/PowerManagerService(  203): reactivateScreenLocksLocked mProxIgnoredBecauseScreenTurnedOff=false
01-07 03:12:28.794 D/PowerManagerService(  203): reactivateScreenLocksLocked mProxIgnoredBecauseScreenTurnedOff=false
01-07 03:12:28.814 D/PowerManagerService(  203): reactivateScreenLocksLocked mProxIgnoredBecauseScreenTurnedOff=false
01-07 03:12:28.864 D/PowerManagerService(  203): reactivateScreenLocksLocked mProxIgnoredBecauseScreenTurnedOff=false
01-07 03:12:28.904 D/PowerManagerService(  203): reactivateScreenLocksLocked mProxIgnoredBecauseScreenTurnedOff=false
01-07 03:12:28.914 D/PowerManagerService(  203): reactivateScreenLocksLocked mProxIgnoredBecauseScreenTurnedOff=false
01-07 03:12:28.954 D/PowerManagerService(  203): reactivateScreenLocksLocked mProxIgnoredBecauseScreenTurnedOff=false
01-07 03:12:29.404 D/PowerManagerService(  203): reactivateScreenLocksLocked mProxIgnoredBecauseScreenTurnedOff=false
01-07 03:12:29.434 W/InputManagerService(  203): Window already focused, ignoring focus gain of: com.android.internal.view.IInputMethodClient$Stub$Proxy@409d4350
01-07 03:12:29.905 E/JrdLockScreen(  203): onPause --------Lock Screen charging stop animation !!!!!!!!!
01-07 03:12:33.088 D/PowerManagerService(  203): reactivateScreenLocksLocked mProxIgnoredBecauseScreenTurnedOff=false
01-07 03:12:33.128 D/PowerManagerService(  203): reactivateScreenLocksLocked mProxIgnoredBecauseScreenTurnedOff=false
01-07 03:12:33.268 I/ActivityManager(  203): Starting: Intent { act=android.intent.action.MAIN cmp=com.android.settings/.wifi.WifiSettings } from pid 712
01-07 03:12:33.278 D/PowerManagerService(  203): reactivateScreenLocksLocked mProxIgnoredBecauseScreenTurnedOff=false
01-07 03:12:33.328 E/WifiEnabler(  712): handleWifiStateChanged(): (1)
01-07 03:12:33.729 I/ActivityManager(  203): Displayed com.android.settings/.wifi.WifiSettings: +453ms (total +37m38s178ms)
01-07 03:12:34.239 D/PowerManagerService(  203): reactivateScreenLocksLocked mProxIgnoredBecauseScreenTurnedOff=false
01-07 03:12:34.329 D/PowerManagerService(  203): reactivateScreenLocksLocked mProxIgnoredBecauseScreenTurnedOff=false
01-07 03:12:34.469 E/WifiService(  203): ===>setWifiEnabled(true)
01-07 03:12:34.469 E/WifiService(  203): setWifiEnabledBlocking(true, true, 1000)
01-07 03:12:34.469 W/CNE     (  203): DhcpInfo obj is NULL. V4 address is not yet available.
01-07 03:12:34.469 D/WifiStateTracker(  203): requestConnectionInfo
01-07 03:12:34.469 D/WifiStateTracker(  203): requestConnectionStatus
01-07 03:12:34.469 E/WifiService(  203): setWifiEnabledState:1->2
01-07 03:12:34.479 V/DATA    (  288): [DCT(0) ] intent received :android.net.wifi.WIFI_STATE_CHANGED
01-07 03:12:34.489 E/WifiService(  203): loadDriver(256)
01-07 03:12:34.489 E/WifiEnabler(  712): handleWifiStateChanged(): (2)
01-07 03:12:34.509 D/SettingsAppWidgetProvider(  712): STATE_MAX_LIGHT0
01-07 03:12:34.549 I/dun_service(  123): The value returned from dun_getusbmodemstate_fromsys is 2 
01-07 03:12:34.549 I/dun_service(  115): The value returned from dun_getusbmodemstate_fromsys is 2 
01-07 03:12:34.549 E/WifiHW  (  203): Loaded /system/lib/modules/compat.ko
01-07 03:12:34.980 I/dun_service(  123): The value returned from dun_getusbmodemstate_fromsys is 2 
01-07 03:12:34.980 I/dun_service(  115): The value returned from dun_getusbmodemstate_fromsys is 2 
01-07 03:12:34.980 I/dun_service(  123): The value returned from dun_getusbmodemstate_fromsys is 2 
01-07 03:12:34.980 I/dun_service(  115): The value returned from dun_getusbmodemstate_fromsys is 2 
01-07 03:12:34.980 I/dun_service(  123): The value returned from dun_getusbmodemstate_fromsys is 2 
01-07 03:12:34.980 I/dun_service(  115): The value returned from dun_getusbmodemstate_fromsys is 2 
01-07 03:12:34.980 I/dun_service(  115): The value returned from dun_getusbmodemstate_fromsys is 2 
01-07 03:12:34.980 I/dun_service(  123): The value returned from dun_getusbmodemstate_fromsys is 2 
01-07 03:12:34.990 E/WifiHW  (  203): Loaded /system/lib/modules/cfg80211.ko
01-07 03:12:35.360 I/dun_service(  123): The value returned from dun_getusbmodemstate_fromsys is 2 
01-07 03:12:35.360 I/dun_service(  115): The value returned from dun_getusbmodemstate_fromsys is 2 
01-07 03:12:35.861 I/dun_service(  123): The value returned from dun_getusbmodemstate_fromsys is 2 
01-07 03:12:35.861 I/dun_service(  115): The value returned from dun_getusbmodemstate_fromsys is 2 
01-07 03:12:35.861 I/dun_service(  123): The value returned from dun_getusbmodemstate_fromsys is 2 
01-07 03:12:35.861 I/dun_service(  115): The value returned from dun_getusbmodemstate_fromsys is 2 
01-07 03:12:35.861 I/dun_service(  123): The value returned from dun_getusbmodemstate_fromsys is 2 
01-07 03:12:35.861 I/dun_service(  115): The value returned from dun_getusbmodemstate_fromsys is 2 
01-07 03:12:35.961 I/dun_service(  123): The value returned from dun_getusbmodemstate_fromsys is 2 
01-07 03:12:35.961 I/dun_service(  115): The value returned from dun_getusbmodemstate_fromsys is 2 
01-07 03:12:35.961 I/dun_service(  115): The value returned from dun_getusbmodemstate_fromsys is 2 
01-07 03:12:35.961 I/dun_service(  123): The value returned from dun_getusbmodemstate_fromsys is 2 
01-07 03:12:35.961 I/dun_service(  115): The value returned from dun_getusbmodemstate_fromsys is 2 
01-07 03:12:35.971 I/dun_service(  123): The value returned from dun_getusbmodemstate_fromsys is 2 
01-07 03:12:35.971 I/dun_service(  123): The value returned from dun_getusbmodemstate_fromsys is 2 
01-07 03:12:35.971 I/dun_service(  115): The value returned from dun_getusbmodemstate_fromsys is 2 
01-07 03:12:35.981 I/dun_service(  123): The value returned from dun_getusbmodemstate_fromsys is 2 
01-07 03:12:35.981 I/dun_service(  115): The value returned from dun_getusbmodemstate_fromsys is 2 
01-07 03:12:35.981 I/dun_service(  115): The value returned from dun_getusbmodemstate_fromsys is 2 
01-07 03:12:35.981 I/dun_service(  123): The value returned from dun_getusbmodemstate_fromsys is 2 
01-07 03:12:35.991 I/dun_service(  123): The value returned from dun_getusbmodemstate_fromsys is 2 
01-07 03:12:35.991 I/dun_service(  115): The value returned from dun_getusbmodemstate_fromsys is 2 
01-07 03:12:35.991 I/dun_service(  115): The value returned from dun_getusbmodemstate_fromsys is 2 
01-07 03:12:35.991 I/dun_service(  123): The value returned from dun_getusbmodemstate_fromsys is 2 
01-07 03:12:36.241 I/dun_service(  123): The value returned from dun_getusbmodemstate_fromsys is 2 
01-07 03:12:36.241 I/dun_service(  123): process rmnet event
01-07 03:12:36.241 I/dun_service(  123): Post event 3
01-07 03:12:36.241 I/dun_service(  115): The value returned from dun_getusbmodemstate_fromsys is 2 
01-07 03:12:36.241 I/dun_service(  115): process rmnet event
01-07 03:12:36.241 I/dun_service(  115): Post event 3
01-07 03:12:36.241 I/dun_service(  123): received event: DUN_EVENT_RMNET_DOWN 
01-07 03:12:36.241 I/dun_service(  123): received event(DUN_EVENT_RMNET_DOWN) in state(DUN_STATE_IDLE)
01-07 03:12:36.241 I/dun_service(  123): Ignoring the event DUN_EVENT_RMNET_DOWN in IDLE_STATE
01-07 03:12:36.241 I/dun_service(  123): Moved to state(DUN_STATE_IDLE)
01-07 03:12:36.241 I/dun_service(  115): received event: DUN_EVENT_RMNET_DOWN 
01-07 03:12:36.241 I/dun_service(  115): received event(DUN_EVENT_RMNET_DOWN) in state(DUN_STATE_IDLE)
01-07 03:12:36.241 I/dun_service(  115): Ignoring the event DUN_EVENT_RMNET_DOWN in IDLE_STATE
01-07 03:12:36.241 I/dun_service(  115): Moved to state(DUN_STATE_IDLE)
01-07 03:12:36.241 D/NetdConnector(  203): RCV <- {600 Iface added wlan0}
01-07 03:12:36.251 D/Tethering(  203): isWifiDirect(): wlan0
01-07 03:12:36.251 D/Tethering(  203): isWifiDirect(): p2p-wlan\d-\d+ wlan0
01-07 03:12:36.251 D/Tethering(  203): wlan0 is not a tetherable iface, ignoring
01-07 03:12:36.251 E/WifiHW  (  203): Loaded /system/lib/modules/bcm4330.ko fwb1_path=/etc/firmware/b1.bin fwb2_path=/etc/firmware/b2.bin nvram_path=/etc/firmware/nvram.txt iface_name=wlan
01-07 03:12:37.282 E/WifiHW  (  203): wifi_start_supplicant: isCFG80211=1 type =0
01-07 03:12:37.282 E/WifiService(  203): startSupplicant(0)
01-07 03:12:37.302 D/wpa_supplicant(  967): wpa_supplicant v0.8.x07
01-07 03:12:37.302 D/wpa_supplicant(  967): random: Trying to read entropy from /dev/random
01-07 03:12:37.302 D/wpa_supplicant(  967): Initializing interface 'wlan0' conf '/data/misc/wifi/wpa_supplicant.conf' driver 'nl80211' ctrl_interface 'N/A' bridge 'N/A'
01-07 03:12:37.302 D/wpa_supplicant(  967): Configuration file '/data/misc/wifi/wpa_supplicant.conf' -> '/data/misc/wifi/wpa_supplicant.conf'
01-07 03:12:37.302 D/wpa_supplicant(  967): Reading configuration file '/data/misc/wifi/wpa_supplicant.conf'
01-07 03:12:37.302 D/wpa_supplicant(  967): update_config=1
01-07 03:12:37.302 D/wpa_supplicant(  967): ctrl_interface='/data/misc/wifi/wpa_supplicant'
01-07 03:12:37.302 D/wpa_supplicant(  967): device_name='brcm-p2p-324'
01-07 03:12:37.302 D/wpa_supplicant(  967): eapol_version=1
01-07 03:12:37.302 D/wpa_supplicant(  967): ap_scan=1
01-07 03:12:37.302 D/wpa_supplicant(  967): fast_reauth=1
01-07 03:12:37.302 D/wpa_supplicant(  967): nl80211: interface wlan0 in phy phy0
01-07 03:12:37.302 I/wpa_supplicant(  967): rfkill: Cannot open RFKILL control device
01-07 03:12:37.302 D/wpa_supplicant(  967): nl80211: RFKILL status not available
01-07 03:12:37.302 E/wpa_supplicant(  967): nl80211: wpa_driver_nl80211_check_iface iface is down, change it to up
01-07 03:12:37.322 I/dun_service(  123): process rmnet event
01-07 03:12:37.322 I/dun_service(  115): process rmnet event
01-07 03:12:37.322 D/wpa_supplicant(  967): netlink: Operstate: linkmode=1, operstate=5
01-07 03:12:37.322 D/wpa_supplicant(  967): nl80211: Using driver-based off-channel TX
01-07 03:12:37.322 D/wpa_supplicant(  967): nl80211: driver param='use_p2p_group_interface=1'
01-07 03:12:37.322 D/wpa_supplicant(  967): nl80211: Use separate P2P group interface
01-07 03:12:37.322 D/wpa_supplicant(  967): nl80211: wpa_driver_nl80211_check_iface iface is UP
01-07 03:12:37.322 D/wpa_supplicant(  967): [terry trace] wpa_supplicant_driver_init : wpa_s->driver->send_eapol 
01-07 03:12:37.322 D/wpa_supplicant(  967): wpa_s->l2_wapi = 0xae550 
01-07 03:12:37.322 D/wpa_supplicant(  967): [terry trace]wpa_s->l2_wapi = 0xae550 
01-07 03:12:37.322 D/wpa_supplicant(  967): [terry trace] wpa_supplicant_driver_init 
01-07 03:12:37.322 D/wpa_supplicant(  967): Own WAPI MAC address: 00:09:23:20:11:aa
01-07 03:12:37.322 D/wpa_supplicant(  967): wpa_driver_nl80211_set_key: ifindex=23 alg=0 addr=0x0 key_idx=0 set_tx=0 seq_len=0 key_len=0
01-07 03:12:37.322 D/wpa_supplicant(  967): nl80211: wpa_driver_nl80211_check_iface iface is UP
01-07 03:12:37.322 D/wpa_supplicant(  967): wpa_driver_nl80211_set_key: ifindex=23 alg=0 addr=0x0 key_idx=1 set_tx=0 seq_len=0 key_len=0
01-07 03:12:37.322 D/wpa_supplicant(  967): nl80211: wpa_driver_nl80211_check_iface iface is UP
01-07 03:12:37.322 D/wpa_supplicant(  967): wpa_driver_nl80211_set_key: ifindex=23 alg=0 addr=0x0 key_idx=2 set_tx=0 seq_len=0 key_len=0
01-07 03:12:37.322 D/wpa_supplicant(  967): nl80211: wpa_driver_nl80211_check_iface iface is UP
01-07 03:12:37.322 D/wpa_supplicant(  967): wpa_driver_nl80211_set_key: ifindex=23 alg=0 addr=0x0 key_idx=3 set_tx=0 seq_len=0 key_len=0
01-07 03:12:37.322 D/wpa_supplicant(  967): nl80211: wpa_driver_nl80211_check_iface iface is UP
01-07 03:12:37.322 D/wpa_supplicant(  967): nl80211: Flush PMKIDs
01-07 03:12:37.322 I/dun_service(  123): Post event 3
01-07 03:12:37.322 I/dun_service(  123): process rmnet event
01-07 03:12:37.322 I/dun_service(  123): Post event 3
01-07 03:12:37.322 I/dun_service(  115): Post event 3
01-07 03:12:37.322 I/dun_service(  115): process rmnet event
01-07 03:12:37.322 I/dun_service(  115): Post event 3
01-07 03:12:37.322 I/dun_service(  123): received event: DUN_EVENT_RMNET_DOWN 
01-07 03:12:37.322 I/dun_service(  123): received event(DUN_EVENT_RMNET_DOWN) in state(DUN_STATE_IDLE)
01-07 03:12:37.322 I/dun_service(  123): Ignoring the event DUN_EVENT_RMNET_DOWN in IDLE_STATE
01-07 03:12:37.322 I/dun_service(  123): Moved to state(DUN_STATE_IDLE)
01-07 03:12:37.322 I/dun_service(  123): received event: DUN_EVENT_RMNET_DOWN 
01-07 03:12:37.322 I/dun_service(  123): received event(DUN_EVENT_RMNET_DOWN) in state(DUN_STATE_IDLE)
01-07 03:12:37.322 I/dun_service(  123): Ignoring the event DUN_EVENT_RMNET_DOWN in IDLE_STATE
01-07 03:12:37.322 I/dun_service(  123): Moved to state(DUN_STATE_IDLE)
01-07 03:12:37.322 I/dun_service(  115): received event: DUN_EVENT_RMNET_DOWN 
01-07 03:12:37.322 I/dun_service(  115): received event(DUN_EVENT_RMNET_DOWN) in state(DUN_STATE_IDLE)
01-07 03:12:37.322 I/dun_service(  115): Ignoring the event DUN_EVENT_RMNET_DOWN in IDLE_STATE
01-07 03:12:37.322 I/dun_service(  115): Moved to state(DUN_STATE_IDLE)
01-07 03:12:37.322 I/dun_service(  115): received event: DUN_EVENT_RMNET_DOWN 
01-07 03:12:37.322 I/dun_service(  115): received event(DUN_EVENT_RMNET_DOWN) in state(DUN_STATE_IDLE)
01-07 03:12:37.322 I/dun_service(  115): Ignoring the event DUN_EVENT_RMNET_DOWN in IDLE_STATE
01-07 03:12:37.322 I/dun_service(  115): Moved to state(DUN_STATE_IDLE)
01-07 03:12:37.322 I/wpa_supplicant(  967): wlan0: CTRL-EVENT-STATE-CHANGE id=-1 state=2 BSSID=00:00:00:00:00:00
01-07 03:12:37.322 D/wpa_supplicant(  967): wpa_state_to_wapi_state wpa_state : 2 change to wapi_state
01-07 03:12:37.322 D/wpa_supplicant(  967): wpa_supplicant_set_state wapi_state : 2
01-07 03:12:37.322 D/wpa_supplicant(  967): WPS: Set UUID for interface wlan0
01-07 03:12:37.362 V/DATA    (  288): [DCT(0) ] intent received :android.net.wifi.WIFI_STATE_CHANGED
01-07 03:12:37.362 E/WifiService(  203): setWifiEnabledState:2->3
01-07 03:12:37.372 E/WifiEnabler(  712): handleWifiStateChanged(): (3)
01-07 03:12:37.402 D/wpa_supplicant(  967): EAPOL: SUPP_PAE entering state DISCONNECTED
01-07 03:12:37.432 D/wpa_supplicant(  967): EAPOL: Supplicant port status: Unauthorized
01-07 03:12:37.432 D/wpa_supplicant(  967): nl80211: wpa_driver_nl80211_check_iface iface is UP
01-07 03:12:37.432 D/wpa_supplicant(  967): EAPOL: KEY_RX entering state NO_KEY_RECEIVE
01-07 03:12:37.432 D/wpa_supplicant(  967): EAPOL: SUPP_BE entering state INITIALIZE
01-07 03:12:37.432 D/wpa_supplicant(  967): EAP: EAP entering state DISABLED
01-07 03:12:37.432 D/wpa_supplicant(  967): EAPOL: Supplicant port status: Unauthorized
01-07 03:12:37.432 D/wpa_supplicant(  967): nl80211: wpa_driver_nl80211_check_iface iface is UP
01-07 03:12:37.432 D/wpa_supplicant(  967): EAPOL: Supplicant port status: Unauthorized
01-07 03:12:37.432 D/wpa_supplicant(  967): nl80211: wpa_driver_nl80211_check_iface iface is UP
01-07 03:12:37.432 D/wpa_supplicant(  967): nl80211: wpa_driver_nl80211_check_iface iface is UP
01-07 03:12:37.432 D/wpa_supplicant(  967): nl80211: Set TX rates failed: ret=-95 (Operation not supported on transport endpoint)
01-07 03:12:37.432 D/wpa_supplicant(  967): P2P: Failed to disable 11b rates
01-07 03:12:37.432 E/wpa_supplicant(  967): nl80211: issue private commands P2P_DEV_ADDR
01-07 03:12:37.432 E/wpa_supplicant(  967): wpa_driver_priv_driver_cmd 	# ªV_ADDR len = 0, 12
01-07 03:12:37.432 E/wpa_supplicant(  967): P2P: Device address (02:09:23:20:11:aa)
01-07 03:12:37.432 D/wpa_supplicant(  967): P2P: Device address (02:09:23:20:11:aa)
01-07 03:12:37.432 D/wpa_supplicant(  967): P2P: Own listen channel: 1
01-07 03:12:37.432 W/CNE     (  203): DhcpInfo obj is NULL. V4 address is not yet available.
01-07 03:12:37.432 D/WifiStateTracker(  203): requestConnectionInfo
01-07 03:12:37.432 D/WifiStateTracker(  203): requestConnectionStatus
01-07 03:12:37.442 D/wpa_supplicant(  967): P2P: Random operating channel: 81:6
01-07 03:12:37.442 D/wpa_supplicant(  967): nl80211: wpa_driver_nl80211_check_iface iface is UP
01-07 03:12:37.442 D/wpa_supplicant(  967): nl80211: Regulatory information - country=00
01-07 03:12:37.452 D/wpa_supplicant(  967): nl80211: 2402-2472 @ 40 MHz
01-07 03:12:37.452 D/wpa_supplicant(  967): nl80211: 2457-2482 @ 20 MHz
01-07 03:12:37.452 D/wpa_supplicant(  967): nl80211: 2474-2494 @ 20 MHz
01-07 03:12:37.452 D/wpa_supplicant(  967): nl80211: 5170-5250 @ 40 MHz
01-07 03:12:37.452 D/wpa_supplicant(  967): nl80211: 5735-5835 @ 40 MHz
01-07 03:12:37.452 D/wpa_supplicant(  967): nl80211: Added 802.11b mode based on 802.11g information
01-07 03:12:37.452 D/wpa_supplicant(  967): P2P: Add operating class 81
01-07 03:12:37.452 D/wpa_supplicant(  967): P2P: Add operating class 115
01-07 03:12:37.452 D/wpa_supplicant(  967): P2P: Add operating class 124
01-07 03:12:37.452 D/wpa_supplicant(  967): random: Got 20/20 bytes from /dev/random
01-07 03:12:37.452 D/wpa_supplicant(  967): RTM_NEWLINK: operstate=0 ifi_flags=0x11043 ([UP][RUNNING][LOWER_UP])
01-07 03:12:37.452 D/wpa_supplicant(  967): RTM_NEWLINK, IFLA_IFNAME: Interface 'wlan0' added
01-07 03:12:37.452 D/wpa_supplicant(  967): RTM_NEWLINK: operstate=0 ifi_flags=0x11003 ([UP][LOWER_UP])
01-07 03:12:37.452 D/wpa_supplicant(  967): RTM_NEWLINK, IFLA_IFNAME: Interface 'wlan0' added
01-07 03:12:37.472 I/WifiSettings(  712): There is not any configured AP
01-07 03:12:37.943 V/WifiStateTracker(  203): handleMessage(): msg.what= 15
01-07 03:12:37.943 V/DATA    (  288): [DCT(0) ] intent received :android.net.wifi.STATE_CHANGE
01-07 03:12:38.433 D/wpa_supplicant(  967): EAPOL: disable timer tick
01-07 03:12:38.433 D/wpa_supplicant(  967): EAPOL: Supplicant port status: Unauthorized
01-07 03:12:38.433 D/wpa_supplicant(  967): nl80211: wpa_driver_nl80211_check_iface iface is UP
01-07 03:12:40.315 E/wpa_supplicant(  203): wpa_ctrl_open ctrl_patch = wlan0
01-07 03:12:40.315 E/wpa_supplicant(  203): wpa_ctrl_open Socket OK
01-07 03:12:40.315 E/wpa_supplicant(  203): wpa_ctrl_open Socket OK patch=/data/misc/wifi/sockets/wpa_ctrl_203-41, ret= 39
01-07 03:12:40.315 E/wpa_supplicant(  203): wpa_ctrl_open Socket OK 1 ctrl_path wlan0
01-07 03:12:40.315 E/wpa_supplicant(  203): wpa_ctrl_open ctrl_patch = wlan0
01-07 03:12:40.315 E/wpa_supplicant(  203): wpa_ctrl_open Socket OK
01-07 03:12:40.315 E/wpa_supplicant(  203): wpa_ctrl_open Socket OK patch=/data/misc/wifi/sockets/wpa_ctrl_203-42, ret= 39
01-07 03:12:40.315 E/wpa_supplicant(  203): wpa_ctrl_open Socket OK 1 ctrl_path wlan0
01-07 03:12:40.315 V/WifiStateTracker(  203): handleMessage(): msg.what= 1
01-07 03:12:40.315 E/wpa_supplicant(  967): CMD: STATUS
01-07 03:12:40.315 D/wpa_supplicant(  967): REPLY: wpa_state=INACTIVE
01-07 03:12:40.315 D/wpa_supplicant(  967): p2p_device_address=02:09:23:20:11:aa
01-07 03:12:40.315 D/wpa_supplicant(  967): address=00:09:23:20:11:aa
01-07 03:12:40.315 E/wpa_supplicant(  967): CMD: DRIVER RSSI-APPROX
01-07 03:12:40.315 E/wpa_supplicant(  967): nl80211: issue private commands RSSI-APPROX
01-07 03:12:40.325 E/wpa_supplicant(  967): wpa_driver_priv_driver_cmd  rssi 0 len = 7, 7
01-07 03:12:40.325 D/wpa_supplicant(  967): REPLY:  rssi 0
01-07 03:12:40.325 E/wpa_supplicant(  967): CMD: DRIVER LINKSPEED
01-07 03:12:40.325 E/wpa_supplicant(  967): nl80211: issue private commands LINKSPEED
01-07 03:12:40.325 E/wpa_supplicant(  967): wpa_driver_priv_driver_cmd LinkSpeed 65 len = 12, 12
01-07 03:12:40.325 D/wpa_supplicant(  967): REPLY: LinkSpeed 65
01-07 03:12:40.325 W/CNE     (  203): DhcpInfo obj is NULL. V4 address is not yet available.
01-07 03:12:40.335 E/wpa_supplicant(  967): CMD: LIST_NETWORKS
01-07 03:12:40.335 D/wpa_supplicant(  967): REPLY: network id / ssid / bssid / flags
01-07 03:12:40.335 E/wpa_supplicant(  967): CMD: DRIVER MACADDR
01-07 03:12:40.335 E/wpa_supplicant(  967): nl80211: issue private commands MACADDR
01-07 03:12:40.335 E/wpa_supplicant(  967): wpa_driver_priv_driver_cmd OK len = 0, 2
01-07 03:12:40.335 D/wpa_supplicant(  967): REPLY: OK
01-07 03:12:40.335 E/wpa_supplicant(  967): CMD: BLACKLIST clear
01-07 03:12:40.335 D/wpa_supplicant(  967): REPLY: OK
01-07 03:12:40.335 E/wpa_supplicant(  967): CMD: SCAN_RESULTS
01-07 03:12:40.335 D/wpa_supplicant(  967): REPLY: bssid / frequency / signal level / flags / ssid
01-07 03:12:40.335 E/WifiService(  203): setWifiEnabledBlocking(true, false, 1000)
01-07 03:12:40.335 E/WifiService(  203): setWifiEnabledBlocking(true, false, 1000)
01-07 03:12:40.335 E/WifiService(  203): setWifiEnabledBlocking(true, false, 1000)
01-07 03:12:40.335 E/WifiService(  203): setWifiEnabledBlocking(true, false, 1000)
01-07 03:12:40.345 D/WifiStateTracker(  203): requestConnectionInfo
01-07 03:12:40.345 D/WifiStateTracker(  203): requestConnectionStatus
01-07 03:12:40.345 E/wpa_supplicant(  967): CMD: STATUS
01-07 03:12:40.345 D/wpa_supplicant(  967): REPLY: wpa_state=INACTIVE
01-07 03:12:40.345 D/wpa_supplicant(  967): p2p_device_address=02:09:23:20:11:aa
01-07 03:12:40.345 D/wpa_supplicant(  967): address=00:09:23:20:11:aa
01-07 03:12:40.345 E/wpa_supplicant(  967): CMD: DRIVER RSSI-APPROX
01-07 03:12:40.345 E/wpa_supplicant(  967): nl80211: issue private commands RSSI-APPROX
01-07 03:12:40.355 E/wpa_supplicant(  967): wpa_driver_priv_driver_cmd  rssi 0 len = 7, 7
01-07 03:12:40.355 D/wpa_supplicant(  967): REPLY:  rssi 0
01-07 03:12:40.355 E/wpa_supplicant(  967): CMD: DRIVER LINKSPEED
01-07 03:12:40.355 E/wpa_supplicant(  967): nl80211: issue private commands LINKSPEED
01-07 03:12:40.355 E/wpa_supplicant(  967): wpa_driver_priv_driver_cmd LinkSpeed 65 len = 12, 12
01-07 03:12:40.355 D/wpa_supplicant(  967): REPLY: LinkSpeed 65
01-07 03:12:40.355 D/WifiStateTracker(  203): requestConnectionInfo
01-07 03:12:40.355 D/WifiStateTracker(  203): requestConnectionStatus
01-07 03:12:40.355 E/wpa_supplicant(  967): CMD: STATUS
01-07 03:12:40.355 D/wpa_supplicant(  967): REPLY: wpa_state=INACTIVE
01-07 03:12:40.355 D/wpa_supplicant(  967): p2p_device_address=02:09:23:20:11:aa
01-07 03:12:40.355 D/wpa_supplicant(  967): address=00:09:23:20:11:aa
01-07 03:12:40.355 E/wpa_supplicant(  967): CMD: DRIVER RSSI-APPROX
01-07 03:12:40.355 E/wpa_supplicant(  967): nl80211: issue private commands RSSI-APPROX
01-07 03:12:40.355 E/wpa_supplicant(  967): wpa_driver_priv_driver_cmd  rssi 0 len = 7, 7
01-07 03:12:40.355 D/wpa_supplicant(  967): REPLY:  rssi 0
01-07 03:12:40.355 E/wpa_supplicant(  967): CMD: DRIVER LINKSPEED
01-07 03:12:40.355 E/wpa_supplicant(  967): nl80211: issue private commands LINKSPEED
01-07 03:12:40.355 E/wpa_supplicant(  967): wpa_driver_priv_driver_cmd LinkSpeed 65 len = 12, 12
01-07 03:12:40.355 D/wpa_supplicant(  967): REPLY: LinkSpeed 65
01-07 03:12:40.375 D/WifiStateTracker(  203): requestConnectionInfo
01-07 03:12:40.375 D/WifiStateTracker(  203): requestConnectionStatus
01-07 03:12:40.375 E/wpa_supplicant(  967): CMD: STATUS
01-07 03:12:40.375 D/wpa_supplicant(  967): REPLY: wpa_state=INACTIVE
01-07 03:12:40.375 D/wpa_supplicant(  967): p2p_device_address=02:09:23:20:11:aa
01-07 03:12:40.375 D/wpa_supplicant(  967): address=00:09:23:20:11:aa
01-07 03:12:40.375 E/wpa_supplicant(  967): CMD: DRIVER RSSI-APPROX
01-07 03:12:40.375 E/wpa_supplicant(  967): nl80211: issue private commands RSSI-APPROX
01-07 03:12:40.375 D/SettingsAppWidgetProvider(  712): STATE_MAX_LIGHT0
01-07 03:12:40.385 E/wpa_supplicant(  967): wpa_driver_priv_driver_cmd  rssi 0 len = 7, 7
01-07 03:12:40.385 D/wpa_supplicant(  967): REPLY:  rssi 0
01-07 03:12:40.385 E/wpa_supplicant(  967): CMD: DRIVER LINKSPEED
01-07 03:12:40.385 E/wpa_supplicant(  967): nl80211: issue private commands LINKSPEED
01-07 03:12:40.385 E/wpa_supplicant(  967): wpa_driver_priv_driver_cmd LinkSpeed 65 len = 12, 12
01-07 03:12:40.385 D/wpa_supplicant(  967): REPLY: LinkSpeed 65
01-07 03:12:40.385 V/WifiStateTracker(  203): Connection to supplicant established, state=INACTIVE
01-07 03:12:40.385 D/NetworkStateTracker(  203): setDetailed state, old =DISCONNECTED and new state=IDLE
01-07 03:12:40.385 E/wpa_supplicant(  967): CMD: DRIVER RXFILTER-ADD 0
01-07 03:12:40.385 E/wpa_supplicant(  967): nl80211: issue private commands RXFILTER-ADD 0
01-07 03:12:40.385 E/wpa_supplicant(  967): wpa_driver_priv_driver_cmd RXFILTER-ADD 0 len = 0, 14
01-07 03:12:40.385 D/wpa_supplicant(  967): REPLY: OK
01-07 03:12:40.385 E/wpa_supplicant(  967): CMD: DRIVER RXFILTER-ADD 1
01-07 03:12:40.385 E/wpa_supplicant(  967): nl80211: issue private commands RXFILTER-ADD 1
01-07 03:12:40.385 E/wpa_supplicant(  967): nl80211: failed to issue private commands
01-07 03:12:40.385 D/wpa_supplicant(  967): REPLY: FAIL
01-07 03:12:40.385 E/wpa_supplicant(  967): CMD: DRIVER BTCOEXSCAN-STOP
01-07 03:12:40.385 E/wpa_supplicant(  967): nl80211: issue private commands BTCOEXSCAN-STOP
01-07 03:12:40.385 E/wpa_supplicant(  967): wpa_driver_priv_driver_cmd BTCOEXSCAN-STOP len = 0, 15
01-07 03:12:40.385 D/wpa_supplicant(  967): REPLY: OK
01-07 03:12:40.385 D/ConnectivityService(  203): Dropping ConnectivityChange for WIFI: DISCONNECTED/IDLE
01-07 03:12:40.415 E/wpa_supplicant(  967): CMD: DRIVER SCAN-ACTIVE
01-07 03:12:40.415 E/wpa_supplicant(  967): nl80211: issue private commands SCAN-ACTIVE
01-07 03:12:40.425 E/wpa_supplicant(  967): wpa_driver_priv_driver_cmd SCAN-ACTIVE len = 0, 11
01-07 03:12:40.425 D/wpa_supplicant(  967): REPLY: OK
01-07 03:12:40.425 E/wpa_supplicant(  967): CMD: SCAN
01-07 03:12:40.425 D/wpa_supplicant(  967): REPLY: OK
01-07 03:12:40.425 I/wpa_supplicant(  967): wlan0: CTRL-EVENT-STATE-CHANGE id=-1 state=3 BSSID=00:00:00:00:00:00
01-07 03:12:40.425 D/wpa_supplicant(  967): wpa_state_to_wapi_state wpa_state : 3 change to wapi_state
01-07 03:12:40.425 D/wpa_supplicant(  967): wpa_supplicant_set_state wapi_state : 3
01-07 03:12:40.425 D/wpa_supplicant(  967): WPS: Building WPS IE for Probe Request
01-07 03:12:40.425 D/wpa_supplicant(  967): WPS:  * Version (hardcoded 0x10)
01-07 03:12:40.425 D/wpa_supplicant(  967): WPS:  * Request Type
01-07 03:12:40.425 D/wpa_supplicant(  967): WPS:  * Config Methods (2388)
01-07 03:12:40.425 D/wpa_supplicant(  967): WPS:  * UUID-E
01-07 03:12:40.425 D/wpa_supplicant(  967): WPS:  * Primary Device Type
01-07 03:12:40.425 D/wpa_supplicant(  967): WPS:  * RF Bands (3)
01-07 03:12:40.425 D/wpa_supplicant(  967): WPS:  * Association State
01-07 03:12:40.425 D/wpa_supplicant(  967): WPS:  * Configuration Error (0)
01-07 03:12:40.425 D/wpa_supplicant(  967): WPS:  * Device Password ID (0)
01-07 03:12:40.425 D/wpa_supplicant(  967): WPS:  * Manufacturer
01-07 03:12:40.425 D/wpa_supplicant(  967): WPS:  * Model Name
01-07 03:12:40.425 D/wpa_supplicant(  967): WPS:  * Model Number
01-07 03:12:40.425 D/wpa_supplicant(  967): WPS:  * Device Name
01-07 03:12:40.425 D/wpa_supplicant(  967): WPS:  * Version2 (0x20)
01-07 03:12:40.425 D/wpa_supplicant(  967): P2P: * P2P IE header
01-07 03:12:40.425 D/wpa_supplicant(  967): P2P: * Capability dev=27 group=00
01-07 03:12:40.425 D/wpa_supplicant(  967): P2P: * Listen Channel: Regulatory Class 81 Channel 1
01-07 03:12:40.425 D/wpa_supplicant(  967): nl80211: wpa_driver_nl80211_check_iface iface is UP
01-07 03:12:40.425 V/WifiMonitor(  203): Event [CTRL-EVENT-STATE-CHANGE id=-1 state=3 BSSID=00:00:00:00:00:00]
01-07 03:12:40.425 V/WifiMonitor(  203): Event [CTRL-EVENT-STATE-CHANGE id=-1 state=3 BSSID=00:00:00:00:00:00]
01-07 03:12:40.425 V/WifiStateTracker(  203): handleMessage(): msg.what= 3
01-07 03:12:40.425 V/WifiStateTracker(  203): Changing supplicant state: INACTIVE ==> SCANNING
01-07 03:12:40.455 D/WifiStateTracker(  203): requestConnectionInfo
01-07 03:12:40.455 D/WifiStateTracker(  203): requestConnectionStatus
01-07 03:12:40.525 D/wpa_supplicant(  967): Scan requested (ret=0) - scan timeout 10 seconds
01-07 03:12:40.525 D/wpa_supplicant(  967): nl80211: Event message available
01-07 03:12:40.525 D/wpa_supplicant(  967): nl80211: Scan trigger
01-07 03:12:40.525 E/wpa_supplicant(  967): CMD: DRIVER SCAN-PASSIVE
01-07 03:12:40.525 E/wpa_supplicant(  967): nl80211: issue private commands SCAN-PASSIVE
01-07 03:12:40.525 E/wpa_supplicant(  967): wpa_driver_priv_driver_cmd SCAN-PASSIVE len = 0, 12
01-07 03:12:40.525 D/wpa_supplicant(  967): REPLY: OK
01-07 03:12:40.525 D/NetworkStateTracker(  203): setDetailed state, old =IDLE and new state=SCANNING
01-07 03:12:40.525 V/WifiStateTracker(  203): handleMessage(): msg.what= 3
01-07 03:12:40.525 V/WifiStateTracker(  203): Changing supplicant state: SCANNING ==> SCANNING
01-07 03:12:40.525 D/ConnectivityService(  203): Dropping ConnectivityChange for WIFI: DISCONNECTED/SCANNING
01-07 03:12:40.535 E/wpa_supplicant(  967): CMD: STATUS
01-07 03:12:40.535 D/wpa_supplicant(  967): REPLY: wpa_state=SCANNING
01-07 03:12:40.535 D/wpa_supplicant(  967): p2p_device_address=02:09:23:20:11:aa
01-07 03:12:40.535 D/wpa_supplicant(  967): address=00:09:23:20:11:aa
01-07 03:12:40.535 E/wpa_supplicant(  967): CMD: DRIVER RSSI-APPROX
01-07 03:12:40.535 E/wpa_supplicant(  967): nl80211: issue private commands RSSI-APPROX
01-07 03:12:40.535 E/wpa_supplicant(  967): wpa_driver_priv_driver_cmd  rssi 0 len = 7, 7
01-07 03:12:40.535 D/wpa_supplicant(  967): REPLY:  rssi 0
01-07 03:12:40.535 E/wpa_supplicant(  967): CMD: DRIVER LINKSPEED
01-07 03:12:40.535 E/wpa_supplicant(  967): nl80211: issue private commands LINKSPEED
01-07 03:12:40.535 E/wpa_supplicant(  967): wpa_driver_priv_driver_cmd LinkSpeed 65 len = 12, 12
01-07 03:12:40.535 D/wpa_supplicant(  967): REPLY: LinkSpeed 65
01-07 03:12:40.535 D/WifiStateTracker(  203): requestConnectionInfo
01-07 03:12:40.535 D/WifiStateTracker(  203): requestConnectionStatus
01-07 03:12:40.535 E/wpa_supplicant(  967): CMD: STATUS
01-07 03:12:40.535 D/wpa_supplicant(  967): REPLY: wpa_state=SCANNING
01-07 03:12:40.535 D/wpa_supplicant(  967): p2p_device_address=02:09:23:20:11:aa
01-07 03:12:40.535 D/wpa_supplicant(  967): address=00:09:23:20:11:aa
01-07 03:12:40.535 E/wpa_supplicant(  967): CMD: DRIVER RSSI-APPROX
01-07 03:12:40.535 E/wpa_supplicant(  967): nl80211: issue private commands RSSI-APPROX
01-07 03:12:40.545 E/wpa_supplicant(  967): wpa_driver_priv_driver_cmd  rssi 0 len = 7, 7
01-07 03:12:40.545 D/wpa_supplicant(  967): REPLY:  rssi 0
01-07 03:12:40.545 E/wpa_supplicant(  967): CMD: DRIVER LINKSPEED
01-07 03:12:40.545 E/wpa_supplicant(  967): nl80211: issue private commands LINKSPEED
01-07 03:12:40.545 E/wpa_supplicant(  967): wpa_driver_priv_driver_cmd LinkSpeed 65 len = 12, 12
01-07 03:12:40.545 D/wpa_supplicant(  967): REPLY: LinkSpeed 65
01-07 03:12:40.545 D/WifiStateTracker(  203): requestConnectionInfo
01-07 03:12:40.545 D/WifiStateTracker(  203): requestConnectionStatus
01-07 03:12:40.545 E/wpa_supplicant(  967): CMD: STATUS
01-07 03:12:40.545 D/wpa_supplicant(  967): REPLY: wpa_state=SCANNING
01-07 03:12:40.545 D/wpa_supplicant(  967): p2p_device_address=02:09:23:20:11:aa
01-07 03:12:40.545 D/wpa_supplicant(  967): address=00:09:23:20:11:aa
01-07 03:12:40.545 E/wpa_supplicant(  967): CMD: DRIVER RSSI-APPROX
01-07 03:12:40.545 E/wpa_supplicant(  967): nl80211: issue private commands RSSI-APPROX
01-07 03:12:40.555 E/wpa_supplicant(  967): wpa_driver_priv_driver_cmd  rssi 0 len = 7, 7
01-07 03:12:40.555 D/wpa_supplicant(  967): REPLY:  rssi 0
01-07 03:12:40.555 E/wpa_supplicant(  967): CMD: DRIVER LINKSPEED
01-07 03:12:40.555 E/wpa_supplicant(  967): nl80211: issue private commands LINKSPEED
01-07 03:12:40.555 E/wpa_supplicant(  967): wpa_driver_priv_driver_cmd LinkSpeed 65 len = 12, 12
01-07 03:12:40.555 D/wpa_supplicant(  967): REPLY: LinkSpeed 65
01-07 03:12:40.605 D/WifiStateTracker(  203): requestConnectionInfo
01-07 03:12:40.605 D/WifiStateTracker(  203): requestConnectionStatus
01-07 03:12:40.605 E/wpa_supplicant(  967): CMD: STATUS
01-07 03:12:40.605 D/wpa_supplicant(  967): REPLY: wpa_state=SCANNING
01-07 03:12:40.605 D/wpa_supplicant(  967): p2p_device_address=02:09:23:20:11:aa
01-07 03:12:40.605 D/wpa_supplicant(  967): address=00:09:23:20:11:aa
01-07 03:12:40.605 E/wpa_supplicant(  967): CMD: DRIVER RSSI-APPROX
01-07 03:12:40.605 E/wpa_supplicant(  967): nl80211: issue private commands RSSI-APPROX
01-07 03:12:40.605 E/wpa_supplicant(  967): wpa_driver_priv_driver_cmd  rssi 0 len = 7, 7
01-07 03:12:40.605 D/wpa_supplicant(  967): REPLY:  rssi 0
01-07 03:12:40.605 E/wpa_supplicant(  967): CMD: DRIVER LINKSPEED
01-07 03:12:40.605 E/wpa_supplicant(  967): nl80211: issue private commands LINKSPEED
01-07 03:12:40.605 E/wpa_supplicant(  967): wpa_driver_priv_driver_cmd LinkSpeed 65 len = 12, 12
01-07 03:12:40.605 D/wpa_supplicant(  967): REPLY: LinkSpeed 65
01-07 03:12:40.605 D/WifiStateTracker(  203): requestConnectionInfo
01-07 03:12:40.605 D/WifiStateTracker(  203): requestConnectionStatus
01-07 03:12:40.605 E/wpa_supplicant(  967): CMD: STATUS
01-07 03:12:40.605 D/wpa_supplicant(  967): REPLY: wpa_state=SCANNING
01-07 03:12:40.605 D/wpa_supplicant(  967): p2p_device_address=02:09:23:20:11:aa
01-07 03:12:40.605 D/wpa_supplicant(  967): address=00:09:23:20:11:aa
01-07 03:12:40.615 E/wpa_supplicant(  967): CMD: DRIVER RSSI-APPROX
01-07 03:12:40.615 E/wpa_supplicant(  967): nl80211: issue private commands RSSI-APPROX
01-07 03:12:40.615 E/wpa_supplicant(  967): wpa_driver_priv_driver_cmd  rssi 0 len = 7, 7
01-07 03:12:40.615 D/wpa_supplicant(  967): REPLY:  rssi 0
01-07 03:12:40.615 E/wpa_supplicant(  967): CMD: DRIVER LINKSPEED
01-07 03:12:40.615 E/wpa_supplicant(  967): nl80211: issue private commands LINKSPEED
01-07 03:12:40.615 E/wpa_supplicant(  967): wpa_driver_priv_driver_cmd LinkSpeed 65 len = 12, 12
01-07 03:12:40.615 D/wpa_supplicant(  967): REPLY: LinkSpeed 65
01-07 03:12:41.186 D/wpa_supplicant(  967): nl80211: Event message available
01-07 03:12:41.186 D/wpa_supplicant(  967): nl80211: New scan results available
01-07 03:12:41.186 D/wpa_supplicant(  967): nl80211: wpa_driver_nl80211_check_iface iface is UP
01-07 03:12:41.186 D/wpa_supplicant(  967): Received scan results (11 BSSes)
01-07 03:12:41.186 D/wpa_supplicant(  967): Add randomness: count=1 entropy=0
01-07 03:12:41.186 D/wpa_supplicant(  967): Add randomness: count=2 entropy=1
01-07 03:12:41.186 D/wpa_supplicant(  967): Add randomness: count=3 entropy=2
01-07 03:12:41.186 D/wpa_supplicant(  967): Add randomness: count=4 entropy=3
01-07 03:12:41.186 D/wpa_supplicant(  967): Add randomness: count=5 entropy=4
01-07 03:12:41.186 D/wpa_supplicant(  967): Add randomness: count=6 entropy=5
01-07 03:12:41.186 D/wpa_supplicant(  967): Add randomness: count=7 entropy=6
01-07 03:12:41.186 D/wpa_supplicant(  967): Add randomness: count=8 entropy=7
01-07 03:12:41.186 D/wpa_supplicant(  967): Add randomness: count=9 entropy=8
01-07 03:12:41.186 D/wpa_supplicant(  967): Add randomness: count=10 entropy=9
01-07 03:12:41.186 I/wpa_supplicant(  967): wlan0: CTRL-EVENT-STATE-CHANGE id=-1 state=2 BSSID=00:00:00:00:00:00
01-07 03:12:41.186 D/wpa_supplicant(  967): wpa_state_to_wapi_state wpa_state : 2 change to wapi_state
01-07 03:12:41.186 D/wpa_supplicant(  967): wpa_supplicant_set_state wapi_state : 2
01-07 03:12:41.186 V/WifiMonitor(  203): Event [CTRL-EVENT-BSS-ADDED 0 00:3a:98:1f:5f:01]
01-07 03:12:41.186 V/WifiMonitor(  203): Event [CTRL-EVENT-BSS-ADDED 1 00:3a:98:1f:5f:02]
01-07 03:12:41.186 V/WifiMonitor(  203): Event [CTRL-EVENT-BSS-ADDED 2 00:3a:98:1f:5f:00]
01-07 03:12:41.186 V/WifiMonitor(  203): Event [CTRL-EVENT-BSS-ADDED 3 00:3a:98:1f:5f:04]
01-07 03:12:41.186 V/WifiMonitor(  203): Event [CTRL-EVENT-BSS-ADDED 4 00:3a:98:1f:5f:03]
01-07 03:12:41.186 V/WifiMonitor(  203): Event [CTRL-EVENT-BSS-ADDED 5 d8:b3:77:7d:ea:d4]
01-07 03:12:41.186 V/WifiMonitor(  203): Event [CTRL-EVENT-BSS-ADDED 6 00:3a:98:1f:5f:64]
01-07 03:12:41.186 V/WifiMonitor(  203): Event [CTRL-EVENT-BSS-ADDED 7 00:3a:98:1f:5f:61]
01-07 03:12:41.186 V/WifiMonitor(  203): Event [CTRL-EVENT-BSS-ADDED 8 00:3a:98:1f:5f:62]
01-07 03:12:41.186 V/WifiMonitor(  203): Event [CTRL-EVENT-BSS-ADDED 9 00:3a:98:1f:5f:60]
01-07 03:12:41.186 V/WifiMonitor(  203): Event [CTRL-EVENT-BSS-ADDED 10 00:14:78:e3:f4:3c]
01-07 03:12:41.186 I/dun_service(  123): process rmnet event
01-07 03:12:41.186 I/dun_service(  123): Post event 3
01-07 03:12:41.186 I/dun_service(  115): process rmnet event
01-07 03:12:41.186 I/dun_service(  115): Post event 3
01-07 03:12:41.186 I/dun_service(  123): received event: DUN_EVENT_RMNET_DOWN 
01-07 03:12:41.186 I/dun_service(  123): received event(DUN_EVENT_RMNET_DOWN) in state(DUN_STATE_IDLE)
01-07 03:12:41.186 I/dun_service(  123): Ignoring the event DUN_EVENT_RMNET_DOWN in IDLE_STATE
01-07 03:12:41.186 I/dun_service(  123): Moved to state(DUN_STATE_IDLE)
01-07 03:12:41.186 I/dun_service(  115): received event: DUN_EVENT_RMNET_DOWN 
01-07 03:12:41.186 I/dun_service(  115): received event(DUN_EVENT_RMNET_DOWN) in state(DUN_STATE_IDLE)
01-07 03:12:41.186 I/dun_service(  115): Ignoring the event DUN_EVENT_RMNET_DOWN in IDLE_STATE
01-07 03:12:41.186 I/dun_service(  115): Moved to state(DUN_STATE_IDLE)
01-07 03:12:41.196 D/wpa_supplicant(  967): RTM_NEWLINK: operstate=0 ifi_flags=0x11003 ([UP][LOWER_UP])
