01-07 03:30:52.170 D/wpa_supplicant( 1065): 00:3a:98:1f:5f:03	2437	-70	[WPA-PSK-TKIP]	
01-07 03:30:52.170 D/wpa_supplicant( 1065): 00:3a:98:1f:5f:01	2437	-70	[WPA2-PSK-CCMP]	Phone-WIFI
01-07 03:30:52.170 D/wpa_supplicant( 1065): 00:3a:98:1f:5f:00	2437	-68	[WPA2-PSK-CCMP]	TCL-Internal
01-07 03:30:52.170 D/wpa_supplicant( 1065): 00:3a:98:1f:5f:64	2412	-75	[WPA2-PSK-CCMP]	PHONE-WIFI2
01-07 03:30:52.170 D/wpa_supplicant( 1065): 00:3a:98:1f:5f:62	2412	-75	[WPA2-PSK-CCMP]	TCL-Guest
01-07 03:30:52.170 D/wpa_supplicant( 1065): 00:3a:98:1f:5f:61	2412	-76	[WPA2-PSK-CCMP]	Phone-WIFI
01-07 03:30:52.170 D/wpa_supplicant( 1065): 00:3a:98:1f:5f:60	2412	-75	[WPA2-PSK-CCMP]	TCL-Internal
01-07 03:30:52.170 D/wpa_supplicant( 1065): 00:3a:98:1f:5f:63	2412	-75	[WPA-PSK-TKIP]	
01-07 03:30:52.170 D/wpa_supplicant( 1065): 00:14:78:e3:f4:3c	2437	-52	[WEP]		
01-07 03:30:52.170 D/wpa_supplicant( 1065): e0:05:c5:16:f0:08	2417	-81			
01-07 03:30:52.170 D/wpa_supplicant( 1065): 00:3a:98:1f:6a:01	2437	-91	[WPA2-PSK-CCMP]	Phone-WIFI
01-07 03:30:52.170 D/wpa_supplicant( 1065): 00:3a:98:1f:6a:02	2437	-92	[WPA2-PSK-CCMP]	TCL-Guest
01-07 03:30:52.170 D/WifiStateTracker(  203): requestConnectionInfo
01-07 03:30:52.170 D/WifiStateTracker(  203): requestConnectionStatus
01-07 03:30:52.170 E/wpa_supplicant( 1065): CMD: SCAN_RESULTS
01-07 03:30:52.170 D/wpa_supplicant( 1065): REPLY: bssid / frequency / signal level / flags / ssid
01-07 03:30:52.170 D/wpa_supplicant( 1065): 00:3a:98:1f:5f:04	2437	-67	[WPA2-PSK-CCMP]	PHONE-WIFI2
01-07 03:30:52.170 D/wpa_supplicant( 1065): 00:3a:98:1f:5f:02	2437	-68	[WPA2-PSK-CCMP]	TCL-Guest
01-07 03:30:52.170 D/wpa_supplicant( 1065): d8:b3:77:7d:ea:d4	2412	-77	[WPA2-PSK-CCMP]	fb
01-07 03:30:52.170 D/wpa_supplicant( 1065): 00:3a:98:1f:5f:03	2437	-70	[WPA-PSK-TKIP]	
01-07 03:30:52.170 D/wpa_supplicant( 1065): 00:3a:98:1f:5f:01	2437	-70	[WPA2-PSK-CCMP]	Phone-WIFI
01-07 03:30:52.170 D/wpa_supplicant( 1065): 00:3a:98:1f:5f:00	2437	-68	[WPA2-PSK-CCMP]	TCL-Internal
01-07 03:30:52.170 D/wpa_supplicant( 1065): 00:3a:98:1f:5f:64	2412	-75	[WPA2-PSK-CCMP]	PHONE-WIFI2
01-07 03:30:52.170 D/wpa_supplicant( 1065): 00:3a:98:1f:5f:62	2412	-75	[WPA2-PSK-CCMP]	TCL-Guest
01-07 03:30:52.170 D/wpa_supplicant( 1065): 00:3a:98:1f:5f:61	2412	-76	[WPA2-PSK-CCMP]	Phone-WIFI
01-07 03:30:52.170 D/wpa_supplicant( 1065): 00:3a:98:1f:5f:60	2412	-75	[WPA2-PSK-CCMP]	TCL-Internal
01-07 03:30:52.170 D/wpa_supplicant( 1065): 00:3a:98:1f:5f:63	2412	-75	[WPA-PSK-TKIP]	
01-07 03:30:52.170 D/wpa_supplicant( 1065): 00:14:78:e3:f4:3c	2437	-52	[WEP]		
01-07 03:30:52.170 D/wpa_supplicant( 1065): e0:05:c5:16:f0:08	2417	-81			
01-07 03:30:52.170 D/wpa_supplicant( 1065): 00:3a:98:1f:6a:01	2437	-91	[WPA2-PSK-CCMP]	Phone-WIFI
01-07 03:30:52.170 D/wpa_supplicant( 1065): 00:3a:98:1f:6a:02	2437	-92	[WPA2-PSK-CCMP]	TCL-Guest
01-07 03:30:52.180 E/wpa_supplicant( 1065): CMD: STATUS
01-07 03:30:52.180 D/wpa_supplicant( 1065): REPLY: wpa_state=INACTIVE
01-07 03:30:52.180 D/wpa_supplicant( 1065): p2p_device_address=02:09:23:20:11:aa
01-07 03:30:52.180 D/wpa_supplicant( 1065): address=00:09:23:20:11:aa
01-07 03:30:52.180 E/wpa_supplicant( 1065): CMD: DRIVER RSSI-APPROX
01-07 03:30:52.180 E/wpa_supplicant( 1065): nl80211: issue private commands RSSI-APPROX
01-07 03:30:52.190 E/wpa_supplicant( 1065): wpa_driver_priv_driver_cmd  rssi 0 len = 7, 7
01-07 03:30:52.190 D/wpa_supplicant( 1065): REPLY:  rssi 0
01-07 03:30:52.190 E/wpa_supplicant( 1065): CMD: DRIVER LINKSPEED
01-07 03:30:52.190 E/wpa_supplicant( 1065): nl80211: issue private commands LINKSPEED
01-07 03:30:52.190 E/wpa_supplicant( 1065): wpa_driver_priv_driver_cmd LinkSpeed 65 len = 12, 12
01-07 03:30:52.190 D/wpa_supplicant( 1065): REPLY: LinkSpeed 65
01-07 03:30:52.190 D/WifiStateTracker(  203): requestConnectionInfo
01-07 03:30:52.190 D/WifiStateTracker(  203): requestConnectionStatus
01-07 03:30:52.190 E/wpa_supplicant( 1065): CMD: STATUS
01-07 03:30:52.190 D/wpa_supplicant( 1065): REPLY: wpa_state=INACTIVE
01-07 03:30:52.190 D/wpa_supplicant( 1065): p2p_device_address=02:09:23:20:11:aa
01-07 03:30:52.190 D/wpa_supplicant( 1065): address=00:09:23:20:11:aa
01-07 03:30:52.190 E/wpa_supplicant( 1065): CMD: DRIVER RSSI-APPROX
01-07 03:30:52.190 E/wpa_supplicant( 1065): nl80211: issue private commands RSSI-APPROX
01-07 03:30:52.190 E/wpa_supplicant( 1065): wpa_driver_priv_driver_cmd  rssi 0 len = 7, 7
01-07 03:30:52.190 D/wpa_supplicant( 1065): REPLY:  rssi 0
01-07 03:30:52.200 E/wpa_supplicant( 1065): CMD: DRIVER LINKSPEED
01-07 03:30:52.200 E/wpa_supplicant( 1065): nl80211: issue private commands LINKSPEED
01-07 03:30:52.210 E/wpa_supplicant( 1065): wpa_driver_priv_driver_cmd LinkSpeed 65 len = 12, 12
01-07 03:30:52.210 D/wpa_supplicant( 1065): REPLY: LinkSpeed 65
01-07 03:30:55.123 V/WifiStateTracker(  203): handleMessage(): msg.what= 14
01-07 03:30:55.123 V/WifiStateTracker(  203): handleMessage(): msg.what= 14
01-07 03:30:57.365 E/wpa_supplicant( 1065): CMD: DRIVER SCAN-ACTIVE
01-07 03:30:57.365 E/wpa_supplicant( 1065): nl80211: issue private commands SCAN-ACTIVE
01-07 03:30:57.365 E/wpa_supplicant( 1065): wpa_driver_priv_driver_cmd SCAN-ACTIVE len = 0, 11
01-07 03:30:57.365 D/wpa_supplicant( 1065): REPLY: OK
01-07 03:30:57.365 E/wpa_supplicant( 1065): CMD: SCAN
01-07 03:30:57.365 D/wpa_supplicant( 1065): REPLY: OK
01-07 03:30:57.365 I/wpa_supplicant( 1065): wlan0: CTRL-EVENT-STATE-CHANGE id=-1 state=3 BSSID=00:00:00:00:00:00
01-07 03:30:57.365 D/wpa_supplicant( 1065): wpa_state_to_wapi_state wpa_state : 3 change to wapi_state
01-07 03:30:57.365 D/wpa_supplicant( 1065): wpa_supplicant_set_state wapi_state : 3
01-07 03:30:57.365 D/wpa_supplicant( 1065): WPS: Building WPS IE for Probe Request
01-07 03:30:57.365 D/wpa_supplicant( 1065): WPS:  * Version (hardcoded 0x10)
01-07 03:30:57.365 D/wpa_supplicant( 1065): WPS:  * Request Type
01-07 03:30:57.365 D/wpa_supplicant( 1065): WPS:  * Config Methods (2388)
01-07 03:30:57.365 D/wpa_supplicant( 1065): WPS:  * UUID-E
01-07 03:30:57.365 D/wpa_supplicant( 1065): WPS:  * Primary Device Type
01-07 03:30:57.365 D/wpa_supplicant( 1065): WPS:  * RF Bands (3)
01-07 03:30:57.365 D/wpa_supplicant( 1065): WPS:  * Association State
01-07 03:30:57.365 D/wpa_supplicant( 1065): WPS:  * Configuration Error (0)
01-07 03:30:57.365 D/wpa_supplicant( 1065): WPS:  * Device Password ID (0)
01-07 03:30:57.365 D/wpa_supplicant( 1065): WPS:  * Manufacturer
01-07 03:30:57.365 D/wpa_supplicant( 1065): WPS:  * Model Name
01-07 03:30:57.365 D/wpa_supplicant( 1065): WPS:  * Model Number
01-07 03:30:57.365 D/wpa_supplicant( 1065): WPS:  * Device Name
01-07 03:30:57.365 D/wpa_supplicant( 1065): WPS:  * Version2 (0x20)
01-07 03:30:57.365 D/wpa_supplicant( 1065): P2P: * P2P IE header
01-07 03:30:57.365 D/wpa_supplicant( 1065): P2P: * Capability dev=27 group=00
01-07 03:30:57.365 D/wpa_supplicant( 1065): P2P: * Listen Channel: Regulatory Class 81 Channel 6
01-07 03:30:57.365 D/wpa_supplicant( 1065): nl80211: wpa_driver_nl80211_check_iface iface is UP
01-07 03:30:57.365 V/WifiMonitor(  203): Event [CTRL-EVENT-STATE-CHANGE id=-1 state=3 BSSID=00:00:00:00:00:00]
01-07 03:30:57.365 V/WifiMonitor(  203): Event [CTRL-EVENT-STATE-CHANGE id=-1 state=3 BSSID=00:00:00:00:00:00]
01-07 03:30:57.365 V/WifiStateTracker(  203): handleMessage(): msg.what= 3
01-07 03:30:57.365 V/WifiStateTracker(  203): Changing supplicant state: INACTIVE ==> SCANNING
01-07 03:30:57.475 D/wpa_supplicant( 1065): Scan requested (ret=0) - scan timeout 30 seconds
01-07 03:30:57.475 D/wpa_supplicant( 1065): nl80211: Event message available
01-07 03:30:57.475 D/wpa_supplicant( 1065): nl80211: Scan trigger
01-07 03:30:57.475 E/wpa_supplicant( 1065): CMD: DRIVER SCAN-PASSIVE
01-07 03:30:57.475 E/wpa_supplicant( 1065): nl80211: issue private commands SCAN-PASSIVE
01-07 03:30:57.475 E/wpa_supplicant( 1065): wpa_driver_priv_driver_cmd SCAN-PASSIVE len = 0, 12
01-07 03:30:57.475 D/wpa_supplicant( 1065): REPLY: OK
01-07 03:30:57.475 D/NetworkStateTracker(  203): setDetailed state, old =IDLE and new state=SCANNING
01-07 03:30:57.475 V/WifiStateTracker(  203): handleMessage(): msg.what= 3
01-07 03:30:57.475 V/WifiStateTracker(  203): Changing supplicant state: SCANNING ==> SCANNING
01-07 03:30:57.475 D/ConnectivityService(  203): Dropping ConnectivityChange for WIFI: DISCONNECTED/SCANNING
01-07 03:30:57.485 D/WifiStateTracker(  203): requestConnectionInfo
01-07 03:30:57.485 D/WifiStateTracker(  203): requestConnectionStatus
01-07 03:30:57.485 E/wpa_supplicant( 1065): CMD: STATUS
01-07 03:30:57.485 D/wpa_supplicant( 1065): REPLY: wpa_state=SCANNING
01-07 03:30:57.485 D/wpa_supplicant( 1065): p2p_device_address=02:09:23:20:11:aa
01-07 03:30:57.485 D/wpa_supplicant( 1065): address=00:09:23:20:11:aa
01-07 03:30:57.485 E/wpa_supplicant( 1065): CMD: DRIVER RSSI-APPROX
01-07 03:30:57.485 E/wpa_supplicant( 1065): nl80211: issue private commands RSSI-APPROX
01-07 03:30:57.485 E/wpa_supplicant( 1065): wpa_driver_priv_driver_cmd  rssi 0 len = 7, 7
01-07 03:30:57.485 D/wpa_supplicant( 1065): REPLY:  rssi 0
01-07 03:30:57.485 E/wpa_supplicant( 1065): CMD: DRIVER LINKSPEED
01-07 03:30:57.485 E/wpa_supplicant( 1065): nl80211: issue private commands LINKSPEED
01-07 03:30:57.485 E/wpa_supplicant( 1065): wpa_driver_priv_driver_cmd LinkSpeed 65 len = 12, 12
01-07 03:30:57.485 D/wpa_supplicant( 1065): REPLY: LinkSpeed 65
01-07 03:30:57.495 D/WifiStateTracker(  203): requestConnectionInfo
01-07 03:30:57.495 D/WifiStateTracker(  203): requestConnectionStatus
01-07 03:30:57.495 E/wpa_supplicant( 1065): CMD: STATUS
01-07 03:30:57.495 D/wpa_supplicant( 1065): REPLY: wpa_state=SCANNING
01-07 03:30:57.495 D/wpa_supplicant( 1065): p2p_device_address=02:09:23:20:11:aa
01-07 03:30:57.495 D/wpa_supplicant( 1065): address=00:09:23:20:11:aa
01-07 03:30:57.495 E/wpa_supplicant( 1065): CMD: DRIVER RSSI-APPROX
01-07 03:30:57.495 E/wpa_supplicant( 1065): nl80211: issue private commands RSSI-APPROX
01-07 03:30:57.495 E/wpa_supplicant( 1065): wpa_driver_priv_driver_cmd  rssi 0 len = 7, 7
01-07 03:30:57.495 D/wpa_supplicant( 1065): REPLY:  rssi 0
01-07 03:30:57.495 E/wpa_supplicant( 1065): CMD: DRIVER LINKSPEED
01-07 03:30:57.495 E/wpa_supplicant( 1065): nl80211: issue private commands LINKSPEED
01-07 03:30:57.495 E/wpa_supplicant( 1065): wpa_driver_priv_driver_cmd LinkSpeed 65 len = 12, 12
01-07 03:30:57.495 D/wpa_supplicant( 1065): REPLY: LinkSpeed 65
01-07 03:30:58.126 D/wpa_supplicant( 1065): nl80211: Event message available
01-07 03:30:58.126 D/wpa_supplicant( 1065): nl80211: New scan results available
01-07 03:30:58.126 D/wpa_supplicant( 1065): nl80211: wpa_driver_nl80211_check_iface iface is UP
01-07 03:30:58.126 D/wpa_supplicant( 1065): Received scan results (13 BSSes)
01-07 03:30:58.126 D/wpa_supplicant( 1065): Add randomness: count=71 entropy=70
01-07 03:30:58.126 D/wpa_supplicant( 1065): Add randomness: count=72 entropy=71
01-07 03:30:58.126 D/wpa_supplicant( 1065): Add randomness: count=73 entropy=72
01-07 03:30:58.126 D/wpa_supplicant( 1065): Add randomness: count=74 entropy=73
01-07 03:30:58.126 D/wpa_supplicant( 1065): Add randomness: count=75 entropy=74
01-07 03:30:58.126 D/wpa_supplicant( 1065): Add randomness: count=76 entropy=75
01-07 03:30:58.126 D/wpa_supplicant( 1065): Add randomness: count=77 entropy=76
01-07 03:30:58.126 D/wpa_supplicant( 1065): Add randomness: count=78 entropy=77
01-07 03:30:58.126 D/wpa_supplicant( 1065): Add randomness: count=79 entropy=78
01-07 03:30:58.126 D/wpa_supplicant( 1065): Add randomness: count=80 entropy=79
01-07 03:30:58.126 I/wpa_supplicant( 1065): wlan0: CTRL-EVENT-STATE-CHANGE id=-1 state=2 BSSID=00:00:00:00:00:00
01-07 03:30:58.126 D/wpa_supplicant( 1065): wpa_state_to_wapi_state wpa_state : 2 change to wapi_state
01-07 03:30:58.126 D/wpa_supplicant( 1065): wpa_supplicant_set_state wapi_state : 2
01-07 03:30:58.126 V/WifiMonitor(  203): Event [CTRL-EVENT-BSS-REMOVED 14 00:3a:98:1f:6a:01]
01-07 03:30:58.126 V/WifiMonitor(  203): Event [CTRL-EVENT-BSS-REMOVED 16 00:3a:98:1f:6a:02]
01-07 03:30:58.126 I/dun_service(  123): process rmnet event
01-07 03:30:58.126 I/dun_service(  123): Post event 3
01-07 03:30:58.126 I/dun_service(  115): process rmnet event
01-07 03:30:58.126 I/dun_service(  115): Post event 3
01-07 03:30:58.126 I/dun_service(  123): received event: DUN_EVENT_RMNET_DOWN 
01-07 03:30:58.126 I/dun_service(  123): received event(DUN_EVENT_RMNET_DOWN) in state(DUN_STATE_IDLE)
01-07 03:30:58.126 I/dun_service(  123): Ignoring the event DUN_EVENT_RMNET_DOWN in IDLE_STATE
01-07 03:30:58.126 I/dun_service(  123): Moved to state(DUN_STATE_IDLE)
01-07 03:30:58.126 I/dun_service(  115): received event: DUN_EVENT_RMNET_DOWN 
01-07 03:30:58.126 I/dun_service(  115): received event(DUN_EVENT_RMNET_DOWN) in state(DUN_STATE_IDLE)
01-07 03:30:58.126 I/dun_service(  115): Ignoring the event DUN_EVENT_RMNET_DOWN in IDLE_STATE
01-07 03:30:58.126 I/dun_service(  115): Moved to state(DUN_STATE_IDLE)
01-07 03:30:58.136 D/wpa_supplicant( 1065): RTM_NEWLINK: operstate=0 ifi_flags=0x11003 ([UP][LOWER_UP])
01-07 03:30:58.136 D/wpa_supplicant( 1065): RTM_NEWLINK, IFLA_IFNAME: Interface 'wlan0' added
01-07 03:30:58.136 E/wpa_supplicant( 1065): CMD: AP_SCAN 1
01-07 03:30:58.136 D/wpa_supplicant( 1065): REPLY: OK
01-07 03:30:58.136 V/WifiMonitor(  203): Event [CTRL-EVENT-STATE-CHANGE id=-1 state=2 BSSID=00:00:00:00:00:00]
01-07 03:30:58.136 V/WifiMonitor(  203): Event [CTRL-EVENT-STATE-CHANGE id=-1 state=2 BSSID=00:00:00:00:00:00]
01-07 03:30:58.136 V/WifiStateTracker(  203): handleMessage(): msg.what= 5
01-07 03:30:58.136 V/WifiStateTracker(  203): handleMessage(): msg.what= 3
01-07 03:30:58.136 V/WifiStateTracker(  203): Changing supplicant state: SCANNING ==> INACTIVE
01-07 03:30:58.136 D/NetworkStateTracker(  203): setDetailed state, old =SCANNING and new state=IDLE
01-07 03:30:58.136 V/WifiStateTracker(  203): handleMessage(): msg.what= 3
01-07 03:30:58.136 V/WifiStateTracker(  203): Changing supplicant state: INACTIVE ==> INACTIVE
01-07 03:30:58.136 I/WifiSettings(  712): There is not any configured AP
01-07 03:30:58.136 D/ConnectivityService(  203): Dropping ConnectivityChange for WIFI: DISCONNECTED/IDLE
01-07 03:30:58.146 E/wpa_supplicant( 1065): CMD: SCAN_RESULTS
01-07 03:30:58.146 D/wpa_supplicant( 1065): REPLY: bssid / frequency / signal level / flags / ssid
01-07 03:30:58.146 D/wpa_supplicant( 1065): 00:3a:98:1f:5f:04	2437	-72	[WPA2-PSK-CCMP]	PHONE-WIFI2
01-07 03:30:58.146 D/wpa_supplicant( 1065): 00:3a:98:1f:5f:02	2437	-70	[WPA2-PSK-CCMP]	TCL-Guest
01-07 03:30:58.146 D/wpa_supplicant( 1065): d8:b3:77:7d:ea:d4	2412	-77	[WPA2-PSK-CCMP]	fb
01-07 03:30:58.146 D/wpa_supplicant( 1065): 00:3a:98:1f:5f:03	2437	-70	[WPA-PSK-TKIP]	
01-07 03:30:58.146 D/wpa_supplicant( 1065): 00:3a:98:1f:5f:01	2437	-72	[WPA2-PSK-CCMP]	Phone-WIFI
01-07 03:30:58.146 D/wpa_supplicant( 1065): 00:3a:98:1f:5f:00	2437	-72	[WPA2-PSK-CCMP]	TCL-Internal
01-07 03:30:58.146 D/wpa_supplicant( 1065): 00:3a:98:1f:5f:64	2412	-74	[WPA2-PSK-CCMP]	PHONE-WIFI2
01-07 03:30:58.146 D/wpa_supplicant( 1065): 00:3a:98:1f:5f:62	2412	-75	[WPA2-PSK-CCMP]	TCL-Guest
01-07 03:30:58.146 D/wpa_supplicant( 1065): 00:3a:98:1f:5f:61	2412	-74	[WPA2-PSK-CCMP]	Phone-WIFI
01-07 03:30:58.146 D/wpa_supplicant( 1065): 00:3a:98:1f:5f:60	2412	-75	[WPA2-PSK-CCMP]	TCL-Internal
01-07 03:30:58.146 D/wpa_supplicant( 1065): 00:3a:98:1f:5f:63	2412	-75	[WPA-PSK-TKIP]	
01-07 03:30:58.146 D/wpa_supplicant( 1065): 00:14:78:e3:f4:3c	2437	-53	[WEP]		
01-07 03:30:58.146 D/wpa_supplicant( 1065): e0:05:c5:16:f0:08	2417	-81			
01-07 03:30:58.146 E/wpa_supplicant( 1065): CMD: LIST_NETWORKS
01-07 03:30:58.146 D/wpa_supplicant( 1065): REPLY: network id / ssid / bssid / flags
01-07 03:30:58.146 E/wpa_supplicant( 1065): CMD: SCAN_RESULTS
01-07 03:30:58.146 D/wpa_supplicant( 1065): REPLY: bssid / frequency / signal level / flags / ssid
01-07 03:30:58.146 D/wpa_supplicant( 1065): 00:3a:98:1f:5f:04	2437	-72	[WPA2-PSK-CCMP]	PHONE-WIFI2
01-07 03:30:58.146 D/wpa_supplicant( 1065): 00:3a:98:1f:5f:02	2437	-70	[WPA2-PSK-CCMP]	TCL-Guest
01-07 03:30:58.146 D/wpa_supplicant( 1065): d8:b3:77:7d:ea:d4	2412	-77	[WPA2-PSK-CCMP]	fb
01-07 03:30:58.146 D/wpa_supplicant( 1065): 00:3a:98:1f:5f:03	2437	-70	[WPA-PSK-TKIP]	
01-07 03:30:58.146 D/wpa_supplicant( 1065): 00:3a:98:1f:5f:01	2437	-72	[WPA2-PSK-CCMP]	Phone-WIFI
01-07 03:30:58.146 D/wpa_supplicant( 1065): 00:3a:98:1f:5f:00	2437	-72	[WPA2-PSK-CCMP]	TCL-Internal
01-07 03:30:58.146 D/wpa_supplicant( 1065): 00:3a:98:1f:5f:64	2412	-74	[WPA2-PSK-CCMP]	PHONE-WIFI2
01-07 03:30:58.146 D/wpa_supplicant( 1065): 00:3a:98:1f:5f:62	2412	-75	[WPA2-PSK-CCMP]	TCL-Guest
01-07 03:30:58.146 D/wpa_supplicant( 1065): 00:3a:98:1f:5f:61	2412	-74	[WPA2-PSK-CCMP]	Phone-WIFI
01-07 03:30:58.146 D/wpa_supplicant( 1065): 00:3a:98:1f:5f:60	2412	-75	[WPA2-PSK-CCMP]	TCL-Internal
01-07 03:30:58.146 D/wpa_supplicant( 1065): 00:3a:98:1f:5f:63	2412	-75	[WPA-PSK-TKIP]	
01-07 03:30:58.146 D/wpa_supplicant( 1065): 00:14:78:e3:f4:3c	2437	-53	[WEP]		
01-07 03:30:58.146 D/wpa_supplicant( 1065): e0:05:c5:16:f0:08	2417	-81			
01-07 03:30:58.146 E/wpa_supplicant( 1065): CMD: SCAN_RESULTS
01-07 03:30:58.146 D/wpa_supplicant( 1065): REPLY: bssid / frequency / signal level / flags / ssid
01-07 03:30:58.146 D/wpa_supplicant( 1065): 00:3a:98:1f:5f:04	2437	-72	[WPA2-PSK-CCMP]	PHONE-WIFI2
01-07 03:30:58.146 D/wpa_supplicant( 1065): 00:3a:98:1f:5f:02	2437	-70	[WPA2-PSK-CCMP]	TCL-Guest
01-07 03:30:58.146 D/wpa_supplicant( 1065): d8:b3:77:7d:ea:d4	2412	-77	[WPA2-PSK-CCMP]	fb
01-07 03:30:58.146 D/wpa_supplicant( 1065): 00:3a:98:1f:5f:03	2437	-70	[WPA-PSK-TKIP]	
01-07 03:30:58.146 D/wpa_supplicant( 1065): 00:3a:98:1f:5f:01	2437	-72	[WPA2-PSK-CCMP]	Phone-WIFI
01-07 03:30:58.146 D/wpa_supplicant( 1065): 00:3a:98:1f:5f:00	2437	-72	[WPA2-PSK-CCMP]	TCL-Internal
01-07 03:30:58.146 D/wpa_supplicant( 1065): 00:3a:98:1f:5f:64	2412	-74	[WPA2-PSK-CCMP]	PHONE-WIFI2
01-07 03:30:58.146 D/wpa_supplicant( 1065): 00:3a:98:1f:5f:62	2412	-75	[WPA2-PSK-CCMP]	TCL-Guest
01-07 03:30:58.146 D/wpa_supplicant( 1065): 00:3a:98:1f:5f:61	2412	-74	[WPA2-PSK-CCMP]	Phone-WIFI
01-07 03:30:58.146 D/wpa_supplicant( 1065): 00:3a:98:1f:5f:60	2412	-75	[WPA2-PSK-CCMP]	TCL-Internal
01-07 03:30:58.146 D/wpa_supplicant( 1065): 00:3a:98:1f:5f:63	2412	-75	[WPA-PSK-TKIP]	
01-07 03:30:58.146 D/wpa_supplicant( 1065): 00:14:78:e3:f4:3c	2437	-53	[WEP]		
01-07 03:30:58.146 D/wpa_supplicant( 1065): e0:05:c5:16:f0:08	2417	-81			
01-07 03:30:58.156 D/WifiStateTracker(  203): requestConnectionInfo
01-07 03:30:58.156 D/WifiStateTracker(  203): requestConnectionStatus
01-07 03:30:58.156 E/wpa_supplicant( 1065): CMD: STATUS
01-07 03:30:58.156 D/wpa_supplicant( 1065): REPLY: wpa_state=INACTIVE
01-07 03:30:58.156 D/wpa_supplicant( 1065): p2p_device_address=02:09:23:20:11:aa
01-07 03:30:58.156 D/wpa_supplicant( 1065): address=00:09:23:20:11:aa
01-07 03:30:58.156 E/wpa_supplicant( 1065): CMD: DRIVER RSSI-APPROX
01-07 03:30:58.156 E/wpa_supplicant( 1065): nl80211: issue private commands RSSI-APPROX
01-07 03:30:58.166 E/wpa_supplicant( 1065): wpa_driver_priv_driver_cmd  rssi 0 len = 7, 7
01-07 03:30:58.166 D/wpa_supplicant( 1065): REPLY:  rssi 0
01-07 03:30:58.166 E/wpa_supplicant( 1065): CMD: DRIVER LINKSPEED
01-07 03:30:58.166 E/wpa_supplicant( 1065): nl80211: issue private commands LINKSPEED
01-07 03:30:58.166 E/wpa_supplicant( 1065): wpa_driver_priv_driver_cmd LinkSpeed 65 len = 12, 12
01-07 03:30:58.166 D/wpa_supplicant( 1065): REPLY: LinkSpeed 65
01-07 03:30:58.166 D/WifiStateTracker(  203): requestConnectionInfo
01-07 03:30:58.166 D/WifiStateTracker(  203): requestConnectionStatus
01-07 03:30:58.166 E/wpa_supplicant( 1065): CMD: STATUS
01-07 03:30:58.166 D/wpa_supplicant( 1065): REPLY: wpa_state=INACTIVE
01-07 03:30:58.166 D/wpa_supplicant( 1065): p2p_device_address=02:09:23:20:11:aa
01-07 03:30:58.166 D/wpa_supplicant( 1065): address=00:09:23:20:11:aa
01-07 03:30:58.166 E/wpa_supplicant( 1065): CMD: DRIVER RSSI-APPROX
01-07 03:30:58.166 E/wpa_supplicant( 1065): nl80211: issue private commands RSSI-APPROX
01-07 03:30:58.166 E/wpa_supplicant( 1065): wpa_driver_priv_driver_cmd  rssi 0 len = 7, 7
01-07 03:30:58.166 D/wpa_supplicant( 1065): REPLY:  rssi 0
01-07 03:30:58.166 E/wpa_supplicant( 1065): CMD: DRIVER LINKSPEED
01-07 03:30:58.166 E/wpa_supplicant( 1065): nl80211: issue private commands LINKSPEED
01-07 03:30:58.166 E/wpa_supplicant( 1065): wpa_driver_priv_driver_cmd LinkSpeed 65 len = 12, 12
01-07 03:30:58.166 D/wpa_supplicant( 1065): REPLY: LinkSpeed 65
01-07 03:31:01.129 V/WifiStateTracker(  203): handleMessage(): msg.what= 14
01-07 03:31:01.129 V/WifiStateTracker(  203): handleMessage(): msg.what= 14
01-07 03:31:03.361 E/wpa_supplicant( 1065): CMD: DRIVER SCAN-ACTIVE
01-07 03:31:03.361 E/wpa_supplicant( 1065): nl80211: issue private commands SCAN-ACTIVE
01-07 03:31:03.361 E/wpa_supplicant( 1065): wpa_driver_priv_driver_cmd SCAN-ACTIVE len = 0, 11
01-07 03:31:03.361 D/wpa_supplicant( 1065): REPLY: OK
01-07 03:31:03.371 E/wpa_supplicant( 1065): CMD: SCAN
01-07 03:31:03.371 D/wpa_supplicant( 1065): REPLY: OK
01-07 03:31:03.371 I/wpa_supplicant( 1065): wlan0: CTRL-EVENT-STATE-CHANGE id=-1 state=3 BSSID=00:00:00:00:00:00
01-07 03:31:03.371 D/wpa_supplicant( 1065): wpa_state_to_wapi_state wpa_state : 3 change to wapi_state
01-07 03:31:03.371 D/wpa_supplicant( 1065): wpa_supplicant_set_state wapi_state : 3
01-07 03:31:03.371 D/wpa_supplicant( 1065): WPS: Building WPS IE for Probe Request
01-07 03:31:03.371 D/wpa_supplicant( 1065): WPS:  * Version (hardcoded 0x10)
01-07 03:31:03.371 D/wpa_supplicant( 1065): WPS:  * Request Type
01-07 03:31:03.371 D/wpa_supplicant( 1065): WPS:  * Config Methods (2388)
01-07 03:31:03.371 D/wpa_supplicant( 1065): WPS:  * UUID-E
01-07 03:31:03.371 D/wpa_supplicant( 1065): WPS:  * Primary Device Type
01-07 03:31:03.371 D/wpa_supplicant( 1065): WPS:  * RF Bands (3)
01-07 03:31:03.371 D/wpa_supplicant( 1065): WPS:  * Association State
01-07 03:31:03.371 D/wpa_supplicant( 1065): WPS:  * Configuration Error (0)
01-07 03:31:03.371 D/wpa_supplicant( 1065): WPS:  * Device Password ID (0)
01-07 03:31:03.371 D/wpa_supplicant( 1065): WPS:  * Manufacturer
01-07 03:31:03.371 D/wpa_supplicant( 1065): WPS:  * Model Name
01-07 03:31:03.371 D/wpa_supplicant( 1065): WPS:  * Model Number
01-07 03:31:03.371 D/wpa_supplicant( 1065): WPS:  * Device Name
01-07 03:31:03.371 D/wpa_supplicant( 1065): WPS:  * Version2 (0x20)
01-07 03:31:03.371 D/wpa_supplicant( 1065): P2P: * P2P IE header
01-07 03:31:03.371 D/wpa_supplicant( 1065): P2P: * Capability dev=27 group=00
01-07 03:31:03.371 D/wpa_supplicant( 1065): P2P: * Listen Channel: Regulatory Class 81 Channel 6
01-07 03:31:03.371 D/wpa_supplicant( 1065): nl80211: wpa_driver_nl80211_check_iface iface is UP
01-07 03:31:03.371 V/WifiMonitor(  203): Event [CTRL-EVENT-STATE-CHANGE id=-1 state=3 BSSID=00:00:00:00:00:00]
01-07 03:31:03.371 V/WifiMonitor(  203): Event [CTRL-EVENT-STATE-CHANGE id=-1 state=3 BSSID=00:00:00:00:00:00]
01-07 03:31:03.371 V/WifiStateTracker(  203): handleMessage(): msg.what= 3
01-07 03:31:03.371 V/WifiStateTracker(  203): Changing supplicant state: INACTIVE ==> SCANNING
01-07 03:31:03.471 D/wpa_supplicant( 1065): Scan requested (ret=0) - scan timeout 30 seconds
01-07 03:31:03.471 D/wpa_supplicant( 1065): nl80211: Event message available
01-07 03:31:03.471 D/wpa_supplicant( 1065): nl80211: Scan trigger
01-07 03:31:03.471 E/wpa_supplicant( 1065): CMD: DRIVER SCAN-PASSIVE
01-07 03:31:03.471 E/wpa_supplicant( 1065): nl80211: issue private commands SCAN-PASSIVE
01-07 03:31:03.471 E/wpa_supplicant( 1065): wpa_driver_priv_driver_cmd SCAN-PASSIVE len = 0, 12
01-07 03:31:03.471 D/wpa_supplicant( 1065): REPLY: OK
01-07 03:31:03.471 D/NetworkStateTracker(  203): setDetailed state, old =IDLE and new state=SCANNING
01-07 03:31:03.471 V/WifiStateTracker(  203): handleMessage(): msg.what= 3
01-07 03:31:03.471 V/WifiStateTracker(  203): Changing supplicant state: SCANNING ==> SCANNING
01-07 03:31:03.471 D/ConnectivityService(  203): Dropping ConnectivityChange for WIFI: DISCONNECTED/SCANNING
01-07 03:31:03.501 D/WifiStateTracker(  203): requestConnectionInfo
01-07 03:31:03.501 D/WifiStateTracker(  203): requestConnectionStatus
01-07 03:31:03.501 E/wpa_supplicant( 1065): CMD: STATUS
01-07 03:31:03.501 D/wpa_supplicant( 1065): REPLY: wpa_state=SCANNING
01-07 03:31:03.501 D/wpa_supplicant( 1065): p2p_device_address=02:09:23:20:11:aa
01-07 03:31:03.501 D/wpa_supplicant( 1065): address=00:09:23:20:11:aa
01-07 03:31:03.511 E/wpa_supplicant( 1065): CMD: DRIVER RSSI-APPROX
01-07 03:31:03.511 E/wpa_supplicant( 1065): nl80211: issue private commands RSSI-APPROX
01-07 03:31:03.511 E/wpa_supplicant( 1065): wpa_driver_priv_driver_cmd  rssi 0 len = 7, 7
01-07 03:31:03.511 D/wpa_supplicant( 1065): REPLY:  rssi 0
01-07 03:31:03.511 E/wpa_supplicant( 1065): CMD: DRIVER LINKSPEED
01-07 03:31:03.511 E/wpa_supplicant( 1065): nl80211: issue private commands LINKSPEED
01-07 03:31:03.511 E/wpa_supplicant( 1065): wpa_driver_priv_driver_cmd LinkSpeed 65 len = 12, 12
01-07 03:31:03.511 D/wpa_supplicant( 1065): REPLY: LinkSpeed 65
01-07 03:31:03.511 D/WifiStateTracker(  203): requestConnectionInfo
01-07 03:31:03.511 D/WifiStateTracker(  203): requestConnectionStatus
01-07 03:31:03.511 E/wpa_supplicant( 1065): CMD: STATUS
01-07 03:31:03.511 D/wpa_supplicant( 1065): REPLY: wpa_state=SCANNING
01-07 03:31:03.511 D/wpa_supplicant( 1065): p2p_device_address=02:09:23:20:11:aa
01-07 03:31:03.511 D/wpa_supplicant( 1065): address=00:09:23:20:11:aa
01-07 03:31:03.511 E/wpa_supplicant( 1065): CMD: DRIVER RSSI-APPROX
01-07 03:31:03.511 E/wpa_supplicant( 1065): nl80211: issue private commands RSSI-APPROX
01-07 03:31:03.521 E/wpa_supplicant( 1065): wpa_driver_priv_driver_cmd  rssi 0 len = 7, 7
01-07 03:31:03.521 D/wpa_supplicant( 1065): REPLY:  rssi 0
01-07 03:31:03.521 E/wpa_supplicant( 1065): CMD: DRIVER LINKSPEED
01-07 03:31:03.521 E/wpa_supplicant( 1065): nl80211: issue private commands LINKSPEED
01-07 03:31:03.521 E/wpa_supplicant( 1065): wpa_driver_priv_driver_cmd LinkSpeed 65 len = 12, 12
01-07 03:31:03.521 D/wpa_supplicant( 1065): REPLY: LinkSpeed 65
01-07 03:31:04.132 D/wpa_supplicant( 1065): nl80211: Event message available
01-07 03:31:04.132 D/wpa_supplicant( 1065): nl80211: New scan results available
01-07 03:31:04.132 D/wpa_supplicant( 1065): nl80211: wpa_driver_nl80211_check_iface iface is UP
01-07 03:31:04.132 D/wpa_supplicant( 1065): Received scan results (14 BSSes)
01-07 03:31:04.132 D/wpa_supplicant( 1065): Add randomness: count=81 entropy=80
01-07 03:31:04.132 D/wpa_supplicant( 1065): Add randomness: count=82 entropy=81
01-07 03:31:04.132 D/wpa_supplicant( 1065): Add randomness: count=83 entropy=82
01-07 03:31:04.132 D/wpa_supplicant( 1065): Add randomness: count=84 entropy=83
01-07 03:31:04.132 D/wpa_supplicant( 1065): Add randomness: count=85 entropy=84
01-07 03:31:04.132 D/wpa_supplicant( 1065): Add randomness: count=86 entropy=85
01-07 03:31:04.132 D/wpa_supplicant( 1065): Add randomness: count=87 entropy=86
01-07 03:31:04.132 D/wpa_supplicant( 1065): Add randomness: count=88 entropy=87
01-07 03:31:04.132 D/wpa_supplicant( 1065): Add randomness: count=89 entropy=88
01-07 03:31:04.132 D/wpa_supplicant( 1065): Add randomness: count=90 entropy=89
01-07 03:31:04.132 I/wpa_supplicant( 1065): wlan0: CTRL-EVENT-STATE-CHANGE id=-1 state=2 BSSID=00:00:00:00:00:00
01-07 03:31:04.132 D/wpa_supplicant( 1065): wpa_state_to_wapi_state wpa_state : 2 change to wapi_state
01-07 03:31:04.132 D/wpa_supplicant( 1065): wpa_supplicant_set_state wapi_state : 2
01-07 03:31:04.142 V/WifiMonitor(  203): Event [CTRL-EVENT-BSS-ADDED 17 00:3a:98:27:85:c3]
01-07 03:31:04.142 I/dun_service(  123): process rmnet event
01-07 03:31:04.142 I/dun_service(  123): Post event 3
01-07 03:31:04.142 I/dun_service(  115): process rmnet event
01-07 03:31:04.142 I/dun_service(  115): Post event 3
01-07 03:31:04.142 I/dun_service(  123): received event: DUN_EVENT_RMNET_DOWN 
01-07 03:31:04.142 I/dun_service(  123): received event(DUN_EVENT_RMNET_DOWN) in state(DUN_STATE_IDLE)
01-07 03:31:04.142 I/dun_service(  123): Ignoring the event DUN_EVENT_RMNET_DOWN in IDLE_STATE
01-07 03:31:04.142 I/dun_service(  123): Moved to state(DUN_STATE_IDLE)
01-07 03:31:04.142 I/dun_service(  115): received event: DUN_EVENT_RMNET_DOWN 
01-07 03:31:04.142 I/dun_service(  115): received event(DUN_EVENT_RMNET_DOWN) in state(DUN_STATE_IDLE)
01-07 03:31:04.142 I/dun_service(  115): Ignoring the event DUN_EVENT_RMNET_DOWN in IDLE_STATE
01-07 03:31:04.142 I/dun_service(  115): Moved to state(DUN_STATE_IDLE)
01-07 03:31:04.142 D/wpa_supplicant( 1065): RTM_NEWLINK: operstate=0 ifi_flags=0x11003 ([UP][LOWER_UP])
01-07 03:31:04.142 D/wpa_supplicant( 1065): RTM_NEWLINK, IFLA_IFNAME: Interface 'wlan0' added
01-07 03:31:04.142 E/wpa_supplicant( 1065): CMD: AP_SCAN 1
01-07 03:31:04.142 D/wpa_supplicant( 1065): REPLY: OK
01-07 03:31:04.142 V/WifiMonitor(  203): Event [CTRL-EVENT-STATE-CHANGE id=-1 state=2 BSSID=00:00:00:00:00:00]
01-07 03:31:04.142 V/WifiMonitor(  203): Event [CTRL-EVENT-STATE-CHANGE id=-1 state=2 BSSID=00:00:00:00:00:00]
01-07 03:31:04.142 V/WifiStateTracker(  203): handleMessage(): msg.what= 5
01-07 03:31:04.142 V/WifiStateTracker(  203): handleMessage(): msg.what= 3
01-07 03:31:04.142 V/WifiStateTracker(  203): Changing supplicant state: SCANNING ==> INACTIVE
01-07 03:31:04.142 D/NetworkStateTracker(  203): setDetailed state, old =SCANNING and new state=IDLE
01-07 03:31:04.142 V/WifiStateTracker(  203): handleMessage(): msg.what= 3
01-07 03:31:04.142 V/WifiStateTracker(  203): Changing supplicant state: INACTIVE ==> INACTIVE
01-07 03:31:04.142 I/WifiSettings(  712): There is not any configured AP
01-07 03:31:04.142 D/ConnectivityService(  203): Dropping ConnectivityChange for WIFI: DISCONNECTED/IDLE
01-07 03:31:04.152 E/wpa_supplicant( 1065): CMD: SCAN_RESULTS
01-07 03:31:04.152 D/wpa_supplicant( 1065): REPLY: bssid / frequency / signal level / flags / ssid
01-07 03:31:04.152 D/wpa_supplicant( 1065): 00:3a:98:1f:5f:04	2437	-73	[WPA2-PSK-CCMP]	PHONE-WIFI2
01-07 03:31:04.152 D/wpa_supplicant( 1065): 00:3a:98:1f:5f:02	2437	-72	[WPA2-PSK-CCMP]	TCL-Guest
01-07 03:31:04.152 D/wpa_supplicant( 1065): d8:b3:77:7d:ea:d4	2412	-75	[WPA2-PSK-CCMP]	fb
01-07 03:31:04.152 D/wpa_supplicant( 1065): 00:3a:98:1f:5f:03	2437	-71	[WPA-PSK-TKIP]	
01-07 03:31:04.152 D/wpa_supplicant( 1065): 00:3a:98:1f:5f:01	2437	-72	[WPA2-PSK-CCMP]	Phone-WIFI
01-07 03:31:04.152 D/wpa_supplicant( 1065): 00:3a:98:1f:5f:00	2437	-72	[WPA2-PSK-CCMP]	TCL-Internal
01-07 03:31:04.152 D/wpa_supplicant( 1065): 00:3a:98:1f:5f:64	2412	-82	[WPA2-PSK-CCMP]	PHONE-WIFI2
01-07 03:31:04.152 D/wpa_supplicant( 1065): 00:3a:98:1f:5f:62	2412	-79	[WPA2-PSK-CCMP]	TCL-Guest
01-07 03:31:04.152 D/wpa_supplicant( 1065): 00:3a:98:1f:5f:61	2412	-80	[WPA2-PSK-CCMP]	Phone-WIFI
01-07 03:31:04.152 D/wpa_supplicant( 1065): 00:3a:98:1f:5f:60	2412	-79	[WPA2-PSK-CCMP]	TCL-Internal
01-07 03:31:04.152 D/wpa_supplicant( 1065): 00:3a:98:1f:5f:63	2412	-81	[WPA-PSK-TKIP]	
01-07 03:31:04.152 D/wpa_supplicant( 1065): 00:14:78:e3:f4:3c	2437	-53	[WEP]		
01-07 03:31:04.152 D/wpa_supplicant( 1065): e0:05:c5:16:f0:08	2417	-81			
01-07 03:31:04.152 D/wpa_supplicant( 1065): 00:3a:98:27:85:c3	2462	-98	[WPA-PSK-TKIP]	
01-07 03:31:04.152 E/wpa_supplicant( 1065): CMD: SCAN_RESULTS
01-07 03:31:04.152 D/wpa_supplicant( 1065): REPLY: bssid / frequency / signal level / flags / ssid
01-07 03:31:04.152 D/wpa_supplicant( 1065): 00:3a:98:1f:5f:04	2437	-73	[WPA2-PSK-CCMP]	PHONE-WIFI2
01-07 03:31:04.152 D/wpa_supplicant( 1065): 00:3a:98:1f:5f:02	2437	-72	[WPA2-PSK-CCMP]	TCL-Guest
01-07 03:31:04.152 D/wpa_supplicant( 1065): d8:b3:77:7d:ea:d4	2412	-75	[WPA2-PSK-CCMP]	fb
01-07 03:31:04.152 D/wpa_supplicant( 1065): 00:3a:98:1f:5f:03	2437	-71	[WPA-PSK-TKIP]	
01-07 03:31:04.152 D/wpa_supplicant( 1065): 00:3a:98:1f:5f:01	2437	-72	[WPA2-PSK-CCMP]	Phone-WIFI
01-07 03:31:04.152 D/wpa_supplicant( 1065): 00:3a:98:1f:5f:00	2437	-72	[WPA2-PSK-CCMP]	TCL-Internal
01-07 03:31:04.152 D/wpa_supplicant( 1065): 00:3a:98:1f:5f:64	2412	-82	[WPA2-PSK-CCMP]	PHONE-WIFI2
01-07 03:31:04.152 D/wpa_supplicant( 1065): 00:3a:98:1f:5f:62	2412	-79	[WPA2-PSK-CCMP]	TCL-Guest
01-07 03:31:04.152 D/wpa_supplicant( 1065): 00:3a:98:1f:5f:61	2412	-80	[WPA2-PSK-CCMP]	Phone-WIFI
01-07 03:31:04.152 D/wpa_supplicant( 1065): 00:3a:98:1f:5f:60	2412	-79	[WPA2-PSK-CCMP]	TCL-Internal
01-07 03:31:04.152 D/wpa_supplicant( 1065): 00:3a:98:1f:5f:63	2412	-81	[WPA-PSK-TKIP]	
01-07 03:31:04.152 D/wpa_supplicant( 1065): 00:14:78:e3:f4:3c	2437	-53	[WEP]		
01-07 03:31:04.152 D/wpa_supplicant( 1065): e0:05:c5:16:f0:08	2417	-81			
01-07 03:31:04.152 D/wpa_supplicant( 1065): 00:3a:98:27:85:c3	2462	-98	[WPA-PSK-TKIP]	
01-07 03:31:04.152 E/wpa_supplicant( 1065): CMD: LIST_NETWORKS
01-07 03:31:04.152 D/wpa_supplicant( 1065): REPLY: network id / ssid / bssid / flags
01-07 03:31:04.152 E/wpa_supplicant( 1065): CMD: SCAN_RESULTS
01-07 03:31:04.152 D/wpa_supplicant( 1065): REPLY: bssid / frequency / signal level / flags / ssid
01-07 03:31:04.152 D/wpa_supplicant( 1065): 00:3a:98:1f:5f:04	2437	-73	[WPA2-PSK-CCMP]	PHONE-WIFI2
01-07 03:31:04.152 D/wpa_supplicant( 1065): 00:3a:98:1f:5f:02	2437	-72	[WPA2-PSK-CCMP]	TCL-Guest
01-07 03:31:04.152 D/wpa_supplicant( 1065): d8:b3:77:7d:ea:d4	2412	-75	[WPA2-PSK-CCMP]	fb
01-07 03:31:04.152 D/wpa_supplicant( 1065): 00:3a:98:1f:5f:03	2437	-71	[WPA-PSK-TKIP]	
01-07 03:31:04.152 D/wpa_supplicant( 1065): 00:3a:98:1f:5f:01	2437	-72	[WPA2-PSK-CCMP]	Phone-WIFI
01-07 03:31:04.152 D/wpa_supplicant( 1065): 00:3a:98:1f:5f:00	2437	-72	[WPA2-PSK-CCMP]	TCL-Internal
01-07 03:31:04.152 D/wpa_supplicant( 1065): 00:3a:98:1f:5f:64	2412	-82	[WPA2-PSK-CCMP]	PHONE-WIFI2
01-07 03:31:04.152 D/wpa_supplicant( 1065): 00:3a:98:1f:5f:62	2412	-79	[WPA2-PSK-CCMP]	TCL-Guest
01-07 03:31:04.152 D/wpa_supplicant( 1065): 00:3a:98:1f:5f:61	2412	-80	[WPA2-PSK-CCMP]	Phone-WIFI
01-07 03:31:04.152 D/wpa_supplicant( 1065): 00:3a:98:1f:5f:60	2412	-79	[WPA2-PSK-CCMP]	TCL-Internal
01-07 03:31:04.152 D/wpa_supplicant( 1065): 00:3a:98:1f:5f:63	2412	-81	[WPA-PSK-TKIP]	
01-07 03:31:04.152 D/wpa_supplicant( 1065): 00:14:78:e3:f4:3c	2437	-53	[WEP]		
01-07 03:31:04.152 D/wpa_supplicant( 1065): e0:05:c5:16:f0:08	2417	-81			
01-07 03:31:04.152 D/wpa_supplicant( 1065): 00:3a:98:27:85:c3	2462	-98	[WPA-PSK-TKIP]	
01-07 03:31:04.172 D/WifiStateTracker(  203): requestConnectionInfo
01-07 03:31:04.172 D/WifiStateTracker(  203): requestConnectionStatus
01-07 03:31:04.172 E/wpa_supplicant( 1065): CMD: STATUS
01-07 03:31:04.172 D/wpa_supplicant( 1065): REPLY: wpa_state=INACTIVE
01-07 03:31:04.172 D/wpa_supplicant( 1065): p2p_device_address=02:09:23:20:11:aa
01-07 03:31:04.172 D/wpa_supplicant( 1065): address=00:09:23:20:11:aa
01-07 03:31:04.172 E/wpa_supplicant( 1065): CMD: DRIVER RSSI-APPROX
01-07 03:31:04.172 E/wpa_supplicant( 1065): nl80211: issue private commands RSSI-APPROX
01-07 03:31:04.182 E/wpa_supplicant( 1065): wpa_driver_priv_driver_cmd  rssi 0 len = 7, 7
01-07 03:31:04.182 D/wpa_supplicant( 1065): REPLY:  rssi 0
01-07 03:31:04.182 E/wpa_supplicant( 1065): CMD: DRIVER LINKSPEED
01-07 03:31:04.182 E/wpa_supplicant( 1065): nl80211: issue private commands LINKSPEED
01-07 03:31:04.182 E/wpa_supplicant( 1065): wpa_driver_priv_driver_cmd LinkSpeed 65 len = 12, 12
01-07 03:31:04.182 D/wpa_supplicant( 1065): REPLY: LinkSpeed 65
01-07 03:31:04.182 D/WifiStateTracker(  203): requestConnectionInfo
01-07 03:31:04.182 D/WifiStateTracker(  203): requestConnectionStatus
01-07 03:31:04.182 E/wpa_supplicant( 1065): CMD: STATUS
01-07 03:31:04.182 D/wpa_supplicant( 1065): REPLY: wpa_state=INACTIVE
01-07 03:31:04.182 D/wpa_supplicant( 1065): p2p_device_address=02:09:23:20:11:aa
01-07 03:31:04.182 D/wpa_supplicant( 1065): address=00:09:23:20:11:aa
01-07 03:31:04.182 E/wpa_supplicant( 1065): CMD: DRIVER RSSI-APPROX
01-07 03:31:04.182 E/wpa_supplicant( 1065): nl80211: issue private commands RSSI-APPROX
01-07 03:31:04.182 E/wpa_supplicant( 1065): wpa_driver_priv_driver_cmd  rssi 0 len = 7, 7
01-07 03:31:04.182 D/wpa_supplicant( 1065): REPLY:  rssi 0
01-07 03:31:04.182 E/wpa_supplicant( 1065): CMD: DRIVER LINKSPEED
01-07 03:31:04.182 E/wpa_supplicant( 1065): nl80211: issue private commands LINKSPEED
01-07 03:31:04.182 E/wpa_supplicant( 1065): wpa_driver_priv_driver_cmd LinkSpeed 65 len = 12, 12
01-07 03:31:04.182 D/wpa_supplicant( 1065): REPLY: LinkSpeed 65
01-07 03:31:07.135 V/WifiStateTracker(  203): handleMessage(): msg.what= 14
01-07 03:31:07.135 V/WifiStateTracker(  203): handleMessage(): msg.what= 14
01-07 03:31:09.367 V/DATA    (  288): [DCT(0) ] intent received :android.intent.action.SCREEN_OFF
01-07 03:31:09.387 D/WifiStateTracker(  203): requestConnectionInfo
01-07 03:31:09.387 D/WifiStateTracker(  203): requestConnectionStatus
01-07 03:31:09.387 E/wpa_supplicant( 1065): CMD: STATUS
01-07 03:31:09.387 D/wpa_supplicant( 1065): REPLY: wpa_state=INACTIVE
01-07 03:31:09.387 D/wpa_supplicant( 1065): p2p_device_address=02:09:23:20:11:aa
01-07 03:31:09.387 D/wpa_supplicant( 1065): address=00:09:23:20:11:aa
01-07 03:31:09.387 E/wpa_supplicant( 1065): CMD: DRIVER RSSI-APPROX
01-07 03:31:09.387 E/wpa_supplicant( 1065): nl80211: issue private commands RSSI-APPROX
01-07 03:31:09.397 E/wpa_supplicant( 1065): wpa_driver_priv_driver_cmd  rssi 0 len = 7, 7
01-07 03:31:09.397 D/wpa_supplicant( 1065): REPLY:  rssi 0
01-07 03:31:09.397 E/wpa_supplicant( 1065): CMD: DRIVER LINKSPEED
01-07 03:31:09.397 E/wpa_supplicant( 1065): nl80211: issue private commands LINKSPEED
01-07 03:31:09.397 E/wpa_supplicant( 1065): wpa_driver_priv_driver_cmd LinkSpeed 65 len = 12, 12
01-07 03:31:09.397 D/wpa_supplicant( 1065): REPLY: LinkSpeed 65
01-07 03:31:09.397 I/PowerManagerService(  203): Increasing sampling rate.
01-07 03:31:09.397 D/WifiService(  203): P2P is Disable, Ignore P2P information
01-07 03:31:09.417 D/NfcService(  289): NFC-EE routing OFF
01-07 03:31:09.467 D/NfcService(  289): NFC-C discovery OFF
01-07 03:31:13.141 V/WifiStateTracker(  203): handleMessage(): msg.what= 14
01-07 03:31:13.141 V/WifiStateTracker(  203): handleMessage(): msg.what= 14
01-07 03:31:14.402 D/JrdLockScreen(  203): Updating Lock Screen text to Sim
01-07 03:31:14.402 D/JrdLockScreen(  203): screen on and charging --------start charging animation !!!!!!!!!
01-07 03:31:14.492 D/JrdLockScreen(  203): Updating Lock Screen text to Sim
01-07 03:31:14.492 D/JrdLockScreen(  203): screen on and charging --------start charging animation !!!!!!!!!
01-07 03:31:19.136 V/WifiStateTracker(  203): handleMessage(): msg.what= 14
01-07 03:31:19.136 V/WifiStateTracker(  203): handleMessage(): msg.what= 14
01-07 03:31:19.136 E/wpa_supplicant( 1065): CMD: SCAN
01-07 03:31:19.136 D/wpa_supplicant( 1065): REPLY: OK
01-07 03:31:19.136 I/wpa_supplicant( 1065): wlan0: CTRL-EVENT-STATE-CHANGE id=-1 state=3 BSSID=00:00:00:00:00:00
01-07 03:31:19.136 D/wpa_supplicant( 1065): wpa_state_to_wapi_state wpa_state : 3 change to wapi_state
01-07 03:31:19.136 D/wpa_supplicant( 1065): wpa_supplicant_set_state wapi_state : 3
01-07 03:31:19.136 D/wpa_supplicant( 1065): WPS: Building WPS IE for Probe Request
01-07 03:31:19.136 D/wpa_supplicant( 1065): WPS:  * Version (hardcoded 0x10)
01-07 03:31:19.136 D/wpa_supplicant( 1065): WPS:  * Request Type
01-07 03:31:19.136 D/wpa_supplicant( 1065): WPS:  * Config Methods (2388)
01-07 03:31:19.136 D/wpa_supplicant( 1065): WPS:  * UUID-E
01-07 03:31:19.136 D/wpa_supplicant( 1065): WPS:  * Primary Device Type
01-07 03:31:19.136 D/wpa_supplicant( 1065): WPS:  * RF Bands (3)
01-07 03:31:19.136 D/wpa_supplicant( 1065): WPS:  * Association State
01-07 03:31:19.136 D/wpa_supplicant( 1065): WPS:  * Configuration Error (0)
01-07 03:31:19.136 D/wpa_supplicant( 1065): WPS:  * Device Password ID (0)
01-07 03:31:19.136 D/wpa_supplicant( 1065): WPS:  * Manufacturer
01-07 03:31:19.136 D/wpa_supplicant( 1065): WPS:  * Model Name
01-07 03:31:19.136 D/wpa_supplicant( 1065): WPS:  * Model Number
01-07 03:31:19.136 D/wpa_supplicant( 1065): WPS:  * Device Name
01-07 03:31:19.136 D/wpa_supplicant( 1065): WPS:  * Version2 (0x20)
01-07 03:31:19.136 D/wpa_supplicant( 1065): P2P: * P2P IE header
01-07 03:31:19.136 D/wpa_supplicant( 1065): P2P: * Capability dev=27 group=00
01-07 03:31:19.136 D/wpa_supplicant( 1065): P2P: * Listen Channel: Regulatory Class 81 Channel 6
01-07 03:31:19.136 D/wpa_supplicant( 1065): nl80211: wpa_driver_nl80211_check_iface iface is UP
01-07 03:31:19.136 V/WifiMonitor(  203): Event [CTRL-EVENT-STATE-CHANGE id=-1 state=3 BSSID=00:00:00:00:00:00]
01-07 03:31:19.136 V/WifiMonitor(  203): Event [CTRL-EVENT-STATE-CHANGE id=-1 state=3 BSSID=00:00:00:00:00:00]
01-07 03:31:19.136 V/WifiStateTracker(  203): handleMessage(): msg.what= 3
01-07 03:31:19.136 V/WifiStateTracker(  203): Changing supplicant state: INACTIVE ==> SCANNING
01-07 03:31:19.136 D/NetworkStateTracker(  203): setDetailed state, old =IDLE and new state=SCANNING
01-07 03:31:19.136 V/WifiStateTracker(  203): handleMessage(): msg.what= 3
01-07 03:31:19.136 V/WifiStateTracker(  203): Changing supplicant state: SCANNING ==> SCANNING
01-07 03:31:19.136 D/ConnectivityService(  203): Dropping ConnectivityChange for WIFI: DISCONNECTED/SCANNING
01-07 03:31:19.247 D/wpa_supplicant( 1065): Scan requested (ret=0) - scan timeout 30 seconds
01-07 03:31:19.247 D/wpa_supplicant( 1065): nl80211: Event message available
01-07 03:31:19.247 D/wpa_supplicant( 1065): nl80211: Scan trigger
01-07 03:31:19.907 D/wpa_supplicant( 1065): nl80211: Event message available
01-07 03:31:19.907 D/wpa_supplicant( 1065): nl80211: New scan results available
01-07 03:31:19.907 D/wpa_supplicant( 1065): nl80211: wpa_driver_nl80211_check_iface iface is UP
01-07 03:31:19.907 D/wpa_supplicant( 1065): Received scan results (11 BSSes)
01-07 03:31:19.907 D/wpa_supplicant( 1065): Add randomness: count=91 entropy=90
01-07 03:31:19.907 D/wpa_supplicant( 1065): Add randomness: count=92 entropy=91
01-07 03:31:19.907 D/wpa_supplicant( 1065): Add randomness: count=93 entropy=92
01-07 03:31:19.907 D/wpa_supplicant( 1065): Add randomness: count=94 entropy=93
01-07 03:31:19.907 D/wpa_supplicant( 1065): Add randomness: count=95 entropy=94
01-07 03:31:19.907 D/wpa_supplicant( 1065): Add randomness: count=96 entropy=95
01-07 03:31:19.907 D/wpa_supplicant( 1065): Add randomness: count=97 entropy=96
01-07 03:31:19.907 D/wpa_supplicant( 1065): Add randomness: count=98 entropy=97
01-07 03:31:19.907 D/wpa_supplicant( 1065): Add randomness: count=99 entropy=98
01-07 03:31:19.907 D/wpa_supplicant( 1065): Add randomness: count=100 entropy=99
01-07 03:31:19.907 I/wpa_supplicant( 1065): wlan0: CTRL-EVENT-STATE-CHANGE id=-1 state=2 BSSID=00:00:00:00:00:00
01-07 03:31:19.907 D/wpa_supplicant( 1065): wpa_state_to_wapi_state wpa_state : 2 change to wapi_state
01-07 03:31:19.907 D/wpa_supplicant( 1065): wpa_supplicant_set_state wapi_state : 2
01-07 03:31:19.907 I/dun_service(  123): process rmnet event
01-07 03:31:19.907 I/dun_service(  123): Post event 3
01-07 03:31:19.907 I/dun_service(  115): process rmnet event
01-07 03:31:19.907 I/dun_service(  115): Post event 3
01-07 03:31:19.917 I/dun_service(  123): received event: DUN_EVENT_RMNET_DOWN 
01-07 03:31:19.917 I/dun_service(  123): received event(DUN_EVENT_RMNET_DOWN) in state(DUN_STATE_IDLE)
01-07 03:31:19.917 I/dun_service(  123): Ignoring the event DUN_EVENT_RMNET_DOWN in IDLE_STATE
01-07 03:31:19.917 I/dun_service(  123): Moved to state(DUN_STATE_IDLE)
01-07 03:31:19.917 I/dun_service(  115): received event: DUN_EVENT_RMNET_DOWN 
01-07 03:31:19.917 I/dun_service(  115): received event(DUN_EVENT_RMNET_DOWN) in state(DUN_STATE_IDLE)
01-07 03:31:19.917 I/dun_service(  115): Ignoring the event DUN_EVENT_RMNET_DOWN in IDLE_STATE
01-07 03:31:19.917 I/dun_service(  115): Moved to state(DUN_STATE_IDLE)
01-07 03:31:19.917 D/wpa_supplicant( 1065): RTM_NEWLINK: operstate=0 ifi_flags=0x11003 ([UP][LOWER_UP])
01-07 03:31:19.917 D/wpa_supplicant( 1065): RTM_NEWLINK, IFLA_IFNAME: Interface 'wlan0' added
01-07 03:31:19.917 E/wpa_supplicant( 1065): CMD: AP_SCAN 1
01-07 03:31:19.917 D/wpa_supplicant( 1065): REPLY: OK
01-07 03:31:19.917 V/WifiMonitor(  203): Event [CTRL-EVENT-STATE-CHANGE id=-1 state=2 BSSID=00:00:00:00:00:00]
01-07 03:31:19.917 V/WifiMonitor(  203): Event [CTRL-EVENT-STATE-CHANGE id=-1 state=2 BSSID=00:00:00:00:00:00]
01-07 03:31:19.917 V/WifiStateTracker(  203): handleMessage(): msg.what= 5
01-07 03:31:19.917 V/WifiStateTracker(  203): handleMessage(): msg.what= 3
01-07 03:31:19.917 V/WifiStateTracker(  203): Changing supplicant state: SCANNING ==> INACTIVE
01-07 03:31:19.917 D/NetworkStateTracker(  203): setDetailed state, old =SCANNING and new state=IDLE
01-07 03:31:19.917 V/WifiStateTracker(  203): handleMessage(): msg.what= 3
01-07 03:31:19.917 V/WifiStateTracker(  203): Changing supplicant state: INACTIVE ==> INACTIVE
01-07 03:31:19.917 E/wpa_supplicant( 1065): CMD: SCAN_RESULTS
01-07 03:31:19.917 D/wpa_supplicant( 1065): REPLY: bssid / frequency / signal level / flags / ssid
01-07 03:31:19.917 D/wpa_supplicant( 1065): 00:3a:98:1f:5f:04	2437	-72	[WPA2-PSK-CCMP]	PHONE-WIFI2
01-07 03:31:19.917 D/wpa_supplicant( 1065): 00:3a:98:1f:5f:02	2437	-72	[WPA2-PSK-CCMP]	TCL-Guest
01-07 03:31:19.917 D/wpa_supplicant( 1065): d8:b3:77:7d:ea:d4	2412	-73	[WPA2-PSK-CCMP]	fb
01-07 03:31:19.917 D/wpa_supplicant( 1065): 00:3a:98:1f:5f:03	2437	-71	[WPA-PSK-TKIP]	
01-07 03:31:19.917 D/wpa_supplicant( 1065): 00:3a:98:1f:5f:01	2437	-68	[WPA2-PSK-CCMP]	Phone-WIFI
01-07 03:31:19.917 D/wpa_supplicant( 1065): 00:3a:98:1f:5f:00	2437	-71	[WPA2-PSK-CCMP]	TCL-Internal
01-07 03:31:19.917 D/wpa_supplicant( 1065): 00:3a:98:1f:5f:64	2412	-84	[WPA2-PSK-CCMP]	PHONE-WIFI2
01-07 03:31:19.917 D/wpa_supplicant( 1065): 00:3a:98:1f:5f:62	2412	-74	[WPA2-PSK-CCMP]	TCL-Guest
01-07 03:31:19.917 D/wpa_supplicant( 1065): 00:3a:98:1f:5f:61	2412	-75	[WPA2-PSK-CCMP]	Phone-WIFI
01-07 03:31:19.917 D/wpa_supplicant( 1065): 00:3a:98:1f:5f:60	2412	-82	[WPA2-PSK-CCMP]	TCL-Internal
01-07 03:31:19.917 D/wpa_supplicant( 1065): 00:3a:98:1f:5f:63	2412	-81	[WPA-PSK-TKIP]	
01-07 03:31:19.917 D/wpa_supplicant( 1065): 00:14:78:e3:f4:3c	2437	-56	[WEP]		
01-07 03:31:19.917 D/wpa_supplicant( 1065): e0:05:c5:16:f0:08	2417	-85			
01-07 03:31:19.917 D/wpa_supplicant( 1065): 00:3a:98:27:85:c3	2462	-98	[WPA-PSK-TKIP]	
01-07 03:31:19.917 D/ConnectivityService(  203): Dropping ConnectivityChange for WIFI: DISCONNECTED/IDLE
01-07 03:31:19.947 E/wpa_supplicant( 1065): CMD: SCAN_RESULTS
01-07 03:31:19.947 D/wpa_supplicant( 1065): REPLY: bssid / frequency / signal level / flags / ssid
01-07 03:31:19.947 D/wpa_supplicant( 1065): 00:3a:98:1f:5f:04	2437	-72	[WPA2-PSK-CCMP]	PHONE-WIFI2
01-07 03:31:19.947 D/wpa_supplicant( 1065): 00:3a:98:1f:5f:02	2437	-72	[WPA2-PSK-CCMP]	TCL-Guest
01-07 03:31:19.947 D/wpa_supplicant( 1065): d8:b3:77:7d:ea:d4	2412	-73	[WPA2-PSK-CCMP]	fb
01-07 03:31:19.947 D/wpa_supplicant( 1065): 00:3a:98:1f:5f:03	2437	-71	[WPA-PSK-TKIP]	
01-07 03:31:19.947 D/wpa_supplicant( 1065): 00:3a:98:1f:5f:01	2437	-68	[WPA2-PSK-CCMP]	Phone-WIFI
01-07 03:31:19.947 D/wpa_supplicant( 1065): 00:3a:98:1f:5f:00	2437	-71	[WPA2-PSK-CCMP]	TCL-Internal
01-07 03:31:19.947 D/wpa_supplicant( 1065): 00:3a:98:1f:5f:64	2412	-84	[WPA2-PSK-CCMP]	PHONE-WIFI2
01-07 03:31:19.947 D/wpa_supplicant( 1065): 00:3a:98:1f:5f:62	2412	-74	[WPA2-PSK-CCMP]	TCL-Guest
01-07 03:31:19.947 D/wpa_supplicant( 1065): 00:3a:98:1f:5f:61	2412	-75	[WPA2-PSK-CCMP]	Phone-WIFI
01-07 03:31:19.947 D/wpa_supplicant( 1065): 00:3a:98:1f:5f:60	2412	-82	[WPA2-PSK-CCMP]	TCL-Internal
01-07 03:31:19.947 D/wpa_supplicant( 1065): 00:3a:98:1f:5f:63	2412	-81	[WPA-PSK-TKIP]	
01-07 03:31:19.947 D/wpa_supplicant( 1065): 00:14:78:e3:f4:3c	2437	-56	[WEP]		
01-07 03:31:19.947 D/wpa_supplicant( 1065): e0:05:c5:16:f0:08	2417	-85			
01-07 03:31:19.947 D/wpa_supplicant( 1065): 00:3a:98:27:85:c3	2462	-98	[WPA-PSK-TKIP]	
01-07 03:31:27.855 D/WindowManager(  203): interceptKeyTq keycode=26 screenIsOn=false keyguardActive=true
01-07 03:31:27.855 D/KeyguardViewMediator(  203): wakeWhenReadyLocked(26)
01-07 03:31:27.855 D/WindowManager(  203): interceptKeyTq keycode=26 screenIsOn=false keyguardActive=true
01-07 03:31:27.865 I/PowerManagerService(  203): Decreasing sampling rate.
01-07 03:31:27.865 D/PowerManagerService(  203): reactivateScreenLocksLocked mProxIgnoredBecauseScreenTurnedOff=false
01-07 03:31:27.885 D/PowerManagerService(  203): reactivateScreenLocksLocked mProxIgnoredBecauseScreenTurnedOff=false
01-07 03:31:27.905 D/JrdLockScreen(  203): Updating Lock Screen text to Sim
01-07 03:31:27.905 D/JrdLockScreen(  203): screen on and charging --------start charging animation !!!!!!!!!
01-07 03:31:27.925 E/WifiEnabler(  712): handleWifiStateChanged(): (3)
01-07 03:31:27.925 D/WifiStateTracker(  203): requestConnectionInfo
01-07 03:31:27.925 D/WifiStateTracker(  203): requestConnectionStatus
01-07 03:31:27.925 E/wpa_supplicant( 1065): CMD: STATUS
01-07 03:31:27.925 D/wpa_supplicant( 1065): REPLY: wpa_state=INACTIVE
01-07 03:31:27.925 D/wpa_supplicant( 1065): p2p_device_address=02:09:23:20:11:aa
01-07 03:31:27.925 D/wpa_supplicant( 1065): address=00:09:23:20:11:aa
01-07 03:31:27.925 E/wpa_supplicant( 1065): CMD: DRIVER RSSI-APPROX
01-07 03:31:27.925 E/wpa_supplicant( 1065): nl80211: issue private commands RSSI-APPROX
01-07 03:31:27.935 E/wpa_supplicant( 1065): wpa_driver_priv_driver_cmd  rssi 0 len = 7, 7
01-07 03:31:27.935 D/wpa_supplicant( 1065): REPLY:  rssi 0
01-07 03:31:27.935 E/wpa_supplicant( 1065): CMD: DRIVER LINKSPEED
01-07 03:31:27.935 E/wpa_supplicant( 1065): nl80211: issue private commands LINKSPEED
01-07 03:31:27.935 E/wpa_supplicant( 1065): wpa_driver_priv_driver_cmd LinkSpeed 65 len = 12, 12
01-07 03:31:27.935 D/wpa_supplicant( 1065): REPLY: LinkSpeed 65
01-07 03:31:27.935 D/WifiStateTracker(  203): requestConnectionInfo
01-07 03:31:27.935 D/WifiStateTracker(  203): requestConnectionStatus
01-07 03:31:27.935 E/wpa_supplicant( 1065): CMD: STATUS
01-07 03:31:27.935 D/wpa_supplicant( 1065): REPLY: wpa_state=INACTIVE
01-07 03:31:27.935 D/wpa_supplicant( 1065): p2p_device_address=02:09:23:20:11:aa
